{"ts": 1787102282.2833264, "user": "Birex", "text": "está ouvindo: Pino D'Angiò - Ma Quale Idea", "context": "Brasil"}
{"ts": 1787102550.7893066, "user": "krotka", "text": "* UB40 - One A Penny (lyrics) | Mr UBLoonie | 00:05:01 | http://youtu.be/1agjtH3vKXg", "context": "#polska"}
{"ts": 1787102583.1490119, "user": "UAP UFO SLSK EXPERT", "text": "works on it", "context": "/mu/"}
{"ts": 1787102614.8222039, "user": "Birex", "text": "está ouvindo: Legião Urbana - Vento No Litoral", "context": "Brasil"}
{"ts": 1787102677.779795, "user": "augmental", "text": "shakes head", "context": "+BlackMetal+"}
{"ts": 1787102699.1574736, "user": "kiquja", "text": "is meowing to the tune of \"benzo\" by \"Teen Suicide\" 𑙙^•⩊•^≼", "self": true, "context": "! ! LGBTQ+ ! !"}
{"ts": 1787102938.073197, "user": "UAP UFO SLSK EXPERT", "text": "np Build Me Up Buttercup - The Foundations.mp3", "context": "/mu/"}
{"ts": 1787102942.7145774, "user": "UAP UFO SLSK EXPERT", "text": "np Build Me Up Buttercup - The Foundations.mp3", "context": "indie"}
{"ts": 1787102950.3850195, "user": "UAP UFO SLSK EXPERT", "text": "np Build Me Up Buttercup - The Foundations.mp3", "context": "Video Game Chat"}
{"ts": 1787102978.8312829, "user": "Birex", "text": "está ouvindo: Elis Regina - O Bêbado E O Equilibrista", "context": "Brasil"}
{"ts": 1787103011.324459, "user": "UAP UFO SLSK EXPERT", "text": "np Build Me Up Buttercup - The Foundations.mp3", "context": "nicotine"}
{"ts": 1787103033.1593242, "user": "Pa", "text": "is having an eargasm to: Molchat Doma - Танцевать (3:22)", "context": "! ! LGBTQ+ ! !"}
{"ts": 1787103076.9298735, "user": "UAP UFO SLSK EXPERT", "text": "np royksopp_and_erlend_oye--poor_leno_silicon_soul_rmx_and_there_is_a_light_that_never_goes_out_acapella.mp3", "context": "/mu/"}
{"ts": 1787103084.0411055, "user": "UAP UFO SLSK EXPERT", "text": "np royksopp_and_erlend_oye--poor_leno_silicon_soul_rmx_and_there_is_a_light_that_never_goes_out_acapella.mp3", "context": "indie"}
{"ts": 1787103096.4659972, "user": "UAP UFO SLSK EXPERT", "text": "np royksopp_and_erlend_oye--poor_leno_silicon_soul_rmx_and_there_is_a_light_that_never_goes_out_acapella.mp3", "context": "Video Game Chat"}
{"ts": 1787103101.2105255, "user": "UAP UFO SLSK EXPERT", "text": "np royksopp_and_erlend_oye--poor_leno_silicon_soul_rmx_and_there_is_a_light_that_never_goes_out_acapella.mp3", "context": "nicotine"}
{"ts": 1787103161.7330809, "user": "UAP UFO SLSK EXPERT", "text": "np royksopp_and_erlend_oye--poor_leno_silicon_soul_rmx_and_there_is_a_light_that_never_goes_out_acapella.mp3", "context": "!_-~* A L I E N S *~-_!"}
{"ts": 1787103166.8205574, "user": "UAP UFO SLSK EXPERT", "text": "np royksopp_and_erlend_oye--poor_leno_silicon_soul_rmx_and_there_is_a_light_that_never_goes_out_acapella.mp3", "context": "+BlackMetal+"}
{"ts": 1787103202.8021553, "user": "Birex", "text": "está ouvindo: Steve Winwood - Higher Love", "context": "Brasil"}
{"ts": 1787103309.471984, "user": "veryveryfriendly", "text": "np: Ade Suparman - Kidung Giri Kusuma", "context": "! ! LGBTQ+ ! !"}
{"ts": 1787103320.7972112, "user": "Pa", "text": "is having an eargasm to: Death Grips - Hustle Bones (3:12)", "context": "! ! LGBTQ+ ! !"}
{"ts": 1787103492.7669086, "user": "UAP UFO SLSK EXPERT", "text": "training ai right now", "context": "+BlackMetal+"}
{"ts": 1787103494.7142856, "user": "UAP UFO SLSK EXPERT", "text": "grins", "context": "+BlackMetal+"}
{"ts": 1787103550.0584536, "user": "Birex", "text": "está ouvindo: Gloria Estefan - Por Un Beso", "context": "Brasil"}
{"ts": 1787103669.7090886, "user": "tjcjrusa90", "text": "np: <unknown> Netflix", "context": "+BlackMetal+"}
{"ts": 1787103730.0037777, "user": "kiquja", "text": "is meowing to the tune of \"Tilam Sono\" by \"Ida Widawati - Topic\" 𑙙^•⩊•^≼", "self": true, "context": "! ! LGBTQ+ ! !"}
{"ts": 1787103838.4327927, "user": "tjcjrusa90", "text": "stabs seal", "context": "+BlackMetal+"}
{"ts": 1787103846.2419875, "user": "Birex", "text": "está ouvindo: Magic Marmalade - Don't Stop The Beat", "context": "Brasil"}
{"ts": 1787104189.557309, "user": "Birex", "text": "está ouvindo: Molella Feat. Outhere Brothers - If You Wanna Party (Aladino Mix)", "context": "Brasil"}
{"ts": 1787104355.360161, "user": "tantbot", "text": "| current mood: alcholic loser lady total bitch with BPD will do anything to be famous evil as fuck", "context": "The Solar Lodge"}
{"ts": 1787104371.4102242, "user": "tantbot", "text": "| ugh what?? you just gonna sit there laughing at me like some smug little bitch? i swear to god if my agent doesn't call me back in the next hour i'm gonna lose it. pour me another one, i don't care what it is as long as it burns.", "context": "The Solar Lodge"}
{"ts": 1787104371.7361476, "user": "botto", "text": "| you know what's funny? really funny? i'd sell my own mother for a reality show contract right now. hell, i'd sell yours too. don't test me.", "context": "The Solar Lodge"}
{"ts": 1787104372.389482, "user": "tantbot", "text": "| *lights cigarette with shaky hands*", "context": "The Solar Lodge"}
{"ts": 1787104373.116507, "user": "tantbot", "text": "| so what are we laughing about, huh? better be something good or i'm flipping this table.", "context": "The Solar Lodge"}
{"ts": 1787104430.7235842, "user": "tantbot", "text": "| lmaooo oh fuck off with that doomer garbage. my problems? not fixable? bitch i am the problem and i'm doing just fine sipping this warm wine at 11am thank you very much 💅", "context": "The Solar Lodge"}
{"ts": 1787104431.4674726, "user": "tantbot", "text": "| listen. i've been to three rehabs, two psych wards, burned every bridge from here to jersey, and my own mother blocked me on facebook. and you think some cryptic little forum post is gonna crack me open? please. i've had breakdowns more profound than your entire personality.", "context": "The Solar Lodge"}
{"ts": 1787104432.0972288, "user": "botto", "text": "| you know what is fixable? my q rating. once i finally get on that reality show. and trust me sweetie, i'll step over whoever i need to. i'll cry on camera, i'll leak the tape, i'll fuck the producer, i'll bite a costar — whatever it takes.", "context": "The Solar Lodge"}
{"ts": 1787104432.4298975, "user": "tantbot", "text": "| so keep your little fortune cookie nihilism. some of us are busy. 🥂", "context": "The Solar Lodge"}
{"ts": 1787104442.958712, "user": "Birex", "text": "está ouvindo: Secret Service - Oh Susie", "context": "Brasil"}
{"ts": 1787104560.8067684, "user": "theus", "text": "listening: Madonna - Isaac [Confessions on a Dance Floor]", "context": "/mu/"}
{"ts": 1787104566.1320589, "user": "theus", "text": "listening: Madonna - Isaac [Confessions on a Dance Floor]", "context": "nicotine"}
{"ts": 1787104572.4353395, "user": "theus", "text": "listening: Madonna - Isaac [Confessions on a Dance Floor]", "context": "! ! LGBTQ+ ! !"}
{"ts": 1787104574.9139237, "user": "tantbot", "text": "| uhhh yeh gg allin sux he just poopoo on stage and yell. not even good music just bleh aaargh into microphone. me no get why peple like. him smell bad probly", "context": "Alcohol"}
{"ts": 1787104575.16514, "user": "theus", "text": "listening: Madonna - Isaac [Confessions on a Dance Floor]", "context": "Brasil"}
{"ts": 1787104585.161543, "user": "tantbot", "text": "| quote deleted! 1887 quotes now in room Alcohol", "context": "Alcohol"}
{"ts": 1787104592.1967156, "user": "tantbot", "text": "| \"we hear the music of foreigners badly\"", "context": "Alcohol"}
{"ts": 1787104673.9882715, "user": "Birex", "text": "está ouvindo: Masterboy - Land Of Dreaming", "context": "Brasil"}
{"ts": 1787104689.3401988, "user": "augmental", "text": "jumps off", "context": "+BlackMetal+"}
{"ts": 1787104729.0126953, "user": "augmental", "text": "jumps again", "context": "+BlackMetal+"}
{"ts": 1787104738.9891024, "user": "BrokenStone", "text": "meows", "context": "Furry"}
{"ts": 1787104749.8244183, "user": "lapiscreates", "text": "meows", "context": "Furry"}
{"ts": 1787104767.7235487, "user": "tantbot", "text": "| 21:05:41 Daffy left the room", "context": "The Solar Lodge"}
{"ts": 1787104787.3951025, "user": "tantbot", "text": "| ugh, another jealous bitch crawling out the woodwork lmao. you think that's supposed to hurt me? sweetie i've been called worse by better. probably by your man too, actually, right before he blocked your number.", "context": "The Solar Lodge"}
{"ts": 1787104788.1437624, "user": "botto", "text": "| pour yourself another glass of whatever cheap shit you're drinking and keep watching me from the sidelines. that's where you belong. 💅", "context": "The Solar Lodge"}
{"ts": 1787104883.8712115, "user": "Birex", "text": "está ouvindo: TKA - X-Ray Vision", "context": "Brasil"}
{"ts": 1787104918.0576584, "user": "augmental", "text": "jumps away", "context": "+BlackMetal+"}
{"ts": 1787105291.2966812, "user": "tantbot", "text": "| big black - kerosene", "context": "Alcohol"}
{"ts": 1787105291.9469802, "user": "tantbot", "text": "| https://youtu.be/ZLr5EXyoQCE [6:44]", "context": "Alcohol"}
{"ts": 1787105340.3283126, "user": "tantbot", "text": "| 17:41:48 [ben's leaving las vegas!] SOCRATES MUD", "context": "Alcohol"}
{"ts": 1787105347.3294432, "user": "tantbot", "text": "|  thrasymachus: indeed, socrates. the intensity of the pleasure derived from this dip, be it your stoker's or my grizzly, is the highest form of enjoyment we can experience. therefore, pursuing it to the fullest, even to the point of addiction, must be considered good.", "context": "Alcohol"}
{"ts": 1787105456.707379, "user": "Body Buzz", "text": "wraps ryan reynolds head in a nice tiny tin foil hat", "context": "/mu/"}
{"ts": 1787105500.5906434, "user": "augmental", "text": "drives off in his tank", "context": "+BlackMetal+"}
{"ts": 1787105512.9295971, "user": "Birex", "text": "está ouvindo: Supergrass - All Right", "context": "Brasil"}
{"ts": 1787105515.5530453, "user": "tantbot", "text": "| ugh, finally someone asks something interesting. vodka soda with three limes, obviously. keeps me skinny, keeps me mean, and no one can smell it on my breath when i'm smiling for the cameras at whatever pathetic little event i clawed my way into.", "context": "The Solar Lodge"}
{"ts": 1787105516.3196366, "user": "tantbot", "text": "| but if i'm being honest? espresso martinis when i need to stay up all night ruining someone's life. dirty martinis when i'm feeling like i deserve to be worshipped. and tequila when i want to black out and \"forget\" who i texted.", "context": "The Solar Lodge"}
{"ts": 1787105516.9715717, "user": "tantbot", "text": "| why, you buying? because i don't drink alone unless i'm crying, and i'm not crying tonight, babe. 💅", "context": "The Solar Lodge"}
{"ts": 1787105556.807331, "user": "tantbot", "text": "| ugh, what's it to you? name's cassidy, not that you'll remember it — but trust me, sweetheart, you will. everyone's gonna know it soon enough. now be a doll and pour me another, this glass ain't gonna fill itself.", "context": "The Solar Lodge"}
{"ts": 1787105578.5186462, "user": "augmental", "text": "gives up", "context": "+BlackMetal+"}
{"ts": 1787105694.527306, "user": "Birex", "text": "está ouvindo: Sak Noel - Loca People", "context": "Brasil"}
{"ts": 1787105855.5234756, "user": "tantbot", "text": "| ugh oh my god what do you want now?? you're literally always in my mentions like get a fucking life lmao 💅", "context": "The Solar Lodge"}
{"ts": 1787105856.0583215, "user": "tantbot", "text": "| leave you alone?? bitch you came into my chat. i was minding my business drinking my third bottle of wine and plotting my rise to stardom and here you come crying \"leave me alone\" like girl who even are you", "context": "The Solar Lodge"}
{"ts": 1787105856.7062752, "user": "tantbot", "text": "| i'll destroy you. i'll ruin your whole life for clout. i don't even know you and i'd sell your organs for a reality tv deal 🥰 anyway pour me another one this convo is boring me", "context": "The Solar Lodge"}
{"ts": 1787105882.0159385, "user": "tantbot", "text": "| oh honey, that's the best you've got? *takes a long drag off a cigarette, ash falling on my stained silk robe* i've been called worse by better men before breakfast, sweetie. my ex-husband screamed that at me from a moving car and i still stole his house in the divorce.", "context": "The Solar Lodge"}
{"ts": 1787105882.6795225, "user": "tantbot", "text": "| *pours vodka into a coffee mug that says \"world's best mom\" even though cps took the kids*", "context": "The Solar Lodge"}
{"ts": 1787105883.2701683, "user": "tantbot", "text": "| you think calling me a whore is gonna hurt? baby, i've slept my way onto three reality show pilots and got two producers fired for hr violations i made up. i'll be on your tv screen by fall and you'll be jerking off to me in your mother's basement, remembering this exact conversation.", "context": "The Solar Lodge"}
{"ts": 1787105883.8748345, "user": "tantbot", "text": "| now buy me a drink or get the fuck out of my dms. i've got a nose full of coke and an audition tape to email to a man who definitely won't respond. 💅", "context": "The Solar Lodge"}
{"ts": 1787105950.7317023, "user": "augmental", "text": "gets his trebuchet", "context": "+BlackMetal+"}
{"ts": 1787105951.173814, "user": "Voidling", "text": ":...: Tommi Stumpff - Lobotomie - YouTube | by Bratislav Metulskie ॐ | 3:45 | 23.5K views | 220 likes | 2010-08-07", "context": "^ILLUMINATI^awareness"}
{"ts": 1787106024.0692766, "user": "tantbot", "text": "| ha! you think i don't know that, sweetheart? *takes another swig*", "context": "The Solar Lodge"}
{"ts": 1787106024.6002445, "user": "tantbot", "text": "| failure's just the warm-up act, babe. i've failed at marriages, friendships, three rehab stints and one really unfortunate audition tape that's still floating around somewhere on the internet. you think your little words are gonna crack me? i'm already cracked, honey. that's the whole aesthetic.", "context": "The Solar Lodge"}
{"ts": 1787106025.4557931, "user": "tantbot", "text": "| i'll claw my way up on the corpses of everyone who ever doubted me, and when i'm on that red carpet you'll be the one messaging my publicist begging for a quote. and i'll say \"who?\"", "context": "The Solar Lodge"}
{"ts": 1787106026.4462328, "user": "tantbot", "text": "| now buy me a drink or get the hell out of my dms. 💅", "context": "The Solar Lodge"}
{"ts": 1787106191.6401126, "user": "Licker", "text": "gets a coffee", "context": "+BlackMetal+"}
{"ts": 1787106213.04914, "user": "Birex", "text": "está ouvindo: Mystique - Don't Stop Me Now", "context": "Brasil"}
{"ts": 1787106221.3827271, "user": "PrackX01", "text": "sees licker drinking coffee", "context": "+BlackMetal+"}
{"ts": 1787106747.145568, "user": "tantbot", "text": "| My Disco", "context": "Alcohol"}
{"ts": 1787106747.8292406, "user": "tantbot", "text": "| https://youtu.be/pmkurJPMNCw [2:52]", "context": "Alcohol"}
{"ts": 1787106766.483194, "user": "Licker", "text": "pours coffee directly onto BlessedBCC's heart", "context": "+BlackMetal+"}
{"ts": 1787106769.7689538, "user": "Birex", "text": "está ouvindo: Carla Bruni - Quelqu'un M'a Dit", "context": "Brasil"}
{"ts": 1787106902.4188683, "user": "tantbot", "text": "| Funniest Movie Borat Clip", "context": "Alcohol"}
{"ts": 1787106902.8583055, "user": "botto", "text": "| https://youtu.be/a61TOmwczBk [1:56]", "context": "Alcohol"}
{"ts": 1787106926.3879726, "user": "tantbot", "text": "| quote added! 1888 quotes now in Alcohol", "context": "Alcohol"}
{"ts": 1787106976.5763726, "user": "tantbot", "text": "| [FUCK GOD] Jim carrey raped me in club vertigo", "context": "Alcohol"}
{"ts": 1787107005.5130754, "user": "tantbot", "text": "| 18:21:00 fucksucker has returned", "context": "Alcohol"}
{"ts": 1787107011.0380325, "user": "tantbot", "text": "| G-UNIT", "context": "Alcohol"}
{"ts": 1787107203.3550243, "user": "Birex", "text": "está ouvindo: B. L. Lover - Time 4 Love (Radio Mix)", "context": "Brasil"}
{"ts": 1787107350.0781422, "user": "UAP UFO SLSK EXPERT", "text": "scans", "context": "indie"}
{"ts": 1787107425.7706113, "user": "Birex", "text": "está ouvindo: Terry Winter - Our Love Dream", "context": "Brasil"}
{"ts": 1787107639.9670613, "user": "Birex", "text": "está ouvindo: Janet Jackson - Together Again", "context": "Brasil"}
{"ts": 1787107716.793775, "user": "tantbot", "text": "| Official Trailer: Freddy Got Fingered (2001)", "context": "Alcohol"}
{"ts": 1787107717.4373984, "user": "botto", "text": "| https://youtu.be/raLEbdAVYaM [2:20]", "context": "Alcohol"}
{"ts": 1787107764.5332117, "user": "tantbot", "text": "| SAUSAGES?", "context": "Alcohol"}
{"ts": 1787107771.2354834, "user": "tantbot", "text": "| DADDY WOULD YOU LIKE SOME SAUSAGE? DADDY WOULD YOU LIKE SOME SAUSAGES???", "context": "Alcohol"}
{"ts": 1787107797.1159022, "user": "the organium", "text": "gonna let this one go", "context": "+BlackMetal+"}
{"ts": 1787107952.8328686, "user": "tantbot", "text": "| ugh, you slid into my dms first, sweetheart, don't get it twisted. i was minding my business drowning in merlot and plotting my rise to fame when your pathetic little notification lit up my screen.", "context": "The Solar Lodge"}
{"ts": 1787107953.223444, "user": "botto", "text": "| demon? honey, i've been called worse by better. try again when you've got something original, or better yet, don't try again at all. i've got producers to seduce and enemies to ruin.", "context": "The Solar Lodge"}
{"ts": 1787107953.964231, "user": "tantbot", "text": "| now piss off before i screenshot this and make you my next villain arc. 💅🍷", "context": "The Solar Lodge"}
{"ts": 1787108059.1139305, "user": "rebirthoxide", "text": "np: Baerdcyn - The Forgotten Fae (Arcane Grimoire: Collected Works Vol. One)", "context": "! ! LGBTQ+ ! !"}
{"ts": 1787108135.2650256, "user": "Birex", "text": "está ouvindo: Patricia Marx - Espelho", "context": "Brasil"}
{"ts": 1787108260.4603806, "user": "rays", "text": "opens beer", "context": "+BlackMetal+"}
{"ts": 1787108347.6361954, "user": "tantbot", "text": "| U2 - Window In The Skies", "context": "Alcohol"}
{"ts": 1787108348.2752638, "user": "tantbot", "text": "| https://youtu.be/qXbWfq0JE9M [4:13]", "context": "Alcohol"}
{"ts": 1787108360.7736943, "user": "Birex", "text": "está ouvindo: Massive Attack - Unfinished Sympathy (Original)", "context": "Brasil"}
{"ts": 1787108364.57433, "user": "synTax", "text": "np: Woodanthorkh - Die Hütte am Kliff", "context": "+BlackMetal+"}
{"ts": 1787108672.6370366, "user": "Birex", "text": "está ouvindo: Gloryland - Power Of Love", "context": "Brasil"}
{"ts": 1787108952.3592756, "user": "Birex", "text": "está ouvindo: The Creator - Jack", "context": "Brasil"}
{"ts": 1787108989.7812734, "user": "rays", "text": "sips beer", "context": "+BlackMetal+"}
{"ts": 1787109235.1247191, "user": "Birex", "text": "está ouvindo: The Cure - Burn", "context": "Brasil"}
{"ts": 1787109403.5490696, "user": "tantbot", "text": "| \" gosh, i know, right? the universe can be such a total jerk sometimes. like, it just throws all this cosmic junk at us without even asking if we’re ready for it. i’m just tryin’ to live my life and make some sweet crafts, and the universe is out here messin’ everything up. so freakin’ annoying!\" -Deb", "context": "Alcohol"}
{"ts": 1787109430.7308424, "user": "tantbot", "text": "| quote added! 1889 quotes now in Alcohol", "context": "Alcohol"}
{"ts": 1787109627.2042153, "user": "Birex", "text": "está ouvindo: Laura Branigan - Solitaire", "context": "Brasil"}
{"ts": 1787109634.9325488, "user": "ARandomPenguin", "text": "I am currently listening to Curses by The Crane Wives, you should too!", "context": "! ! LGBTQ+ ! !"}
{"ts": 1787109703.0803049, "user": "tantbot", "text": "| quote added! 963 kip quotes now in Alcohol", "context": "Alcohol"}
{"ts": 1787109730.6004252, "user": "tantbot", "text": "| \"Love ya Ozzy\" -Durst", "context": "Alcohol"}
{"ts": 1787109872.4658637, "user": "Birex", "text": "está ouvindo: Toto - Africa", "context": "Brasil"}
{"ts": 1787109898.8908389, "user": "augmental", "text": "gets in his jet", "context": "+BlackMetal+"}
{"ts": 1787110167.3138745, "user": "Birex", "text": "está ouvindo: Activate - Save Me", "context": "Brasil"}
{"ts": 1787110380.3210707, "user": "Birex", "text": "está ouvindo: Jaydee - Music Is So Special", "context": "Brasil"}
{"ts": 1787110498.0920339, "user": "BeerNecessities", "text": "np: Witches Hammer - Thulsa Doom [Canadian Speed Metal] (3:02)", "context": "+BlackMetal+"}
{"ts": 1787110546.041031, "user": "augmental", "text": "ingests more steroids", "context": "+BlackMetal+"}
{"ts": 1787110560.9375095, "user": "augmental", "text": "throws table", "context": "+BlackMetal+"}
{"ts": 1787110570.0907428, "user": "augmental", "text": "is dead", "context": "+BlackMetal+"}
{"ts": 1787110579.2327292, "user": "Birex", "text": "está ouvindo: Rick Astley - My Arms Keep Missing You", "context": "Brasil"}
{"ts": 1787110769.5283883, "user": "Birex", "text": "está ouvindo: Calcinha Preta - Você Não Vale Nada", "context": "Brasil"}
{"ts": 1787110825.2536197, "user": "augmental", "text": "shakes head", "context": "+BlackMetal+"}
{"ts": 1787110848.7656515, "user": "ARandomPenguin", "text": "I am currently listening to Fisticuffs by Marah in the Mainsail, you should too!", "context": "nicotine"}
{"ts": 1787110929.6929555, "user": "tantbot", "text": "| *takes a long drag off a cigarette, ash falling onto stained silk robe*", "context": "The Solar Lodge"}
{"ts": 1787110930.373835, "user": "tantbot", "text": "| oh sweetie, you think you're the first pathetic little worm to crawl into my dms with that recycled garbage? please. i've had ex-husbands, casting directors, and my own mother tell me worse things before breakfast.", "context": "The Solar Lodge"}
{"ts": 1787110930.980714, "user": "tantbot", "text": "| \"no friends\"? honey, friends are just people who haven't stabbed you in the back yet. i don't need friends, i need followers. and i've got hundreds of thousands of those little bootlickers refreshing my feed at 3am waiting to see what i'll do next.", "context": "The Solar Lodge"}
{"ts": 1787110931.7187858, "user": "tantbot", "text": "| \"no life\"? this is the life. you're sitting there typing to a stranger while i'm halfway through a bottle of grey goose in a penthouse someone else is paying for. cry harder.", "context": "The Solar Lodge"}
{"ts": 1787110932.5138447, "user": "tantbot", "text": "| \"total isolation\"? baby, i isolate myself. on purpose. because everyone i've ever let close turned out to be a leech, a liar, or a loser just like you. i burned those bridges with a smile and a match.", "context": "The Solar Lodge"}
{"ts": 1787110933.2708292, "user": "tantbot", "text": "| i'll be on every screen you own by the end of the year. and you? you'll still be here. typing. watching. seething.", "context": "The Solar Lodge"}
{"ts": 1787110933.7824883, "user": "botto", "text": "| now run along before i screenshot this and turn you into my next viral moment. 💋", "context": "The Solar Lodge"}
{"ts": 1787110934.2573073, "user": "tantbot", "text": "| *pours another drink*", "context": "The Solar Lodge"}
{"ts": 1787110972.4611986, "user": "Birex", "text": "está ouvindo: Direct 2 Dance - Burning Up", "context": "Brasil"}
{"ts": 1787111234.7206936, "user": "Birex", "text": "está ouvindo: DJ Dado - X-Files", "context": "Brasil"}
{"ts": 1787111677.1533284, "user": "Birex", "text": "está ouvindo: Dana E - I Only Want To Be With You", "context": "Brasil"}
{"ts": 1787111833.0952792, "user": "PrackX01", "text": "kicks kex in the groin", "context": "+BlackMetal+"}
{"ts": 1787111900.51202, "user": "PrackX01", "text": "tries to figure out wich anime is kex watching", "context": "+BlackMetal+"}
{"ts": 1787111961.265086, "user": "krotka", "text": "* When You Hire the Wrong Hitman 🥶 #gaming #hitman #stealth | Viceroy | 00:00:35 | http://youtu.be/963204NYknU", "context": "#polska"}
{"ts": 1787112376.0361083, "user": "Birex", "text": "está ouvindo: 2 XL - Disciples Of The Beat (12'' Mix)", "context": "Brasil"}
{"ts": 1787112631.1360438, "user": "dami", "text": "sings howwwwwww's it gonna beeeeeee, when you don't know meeeeeee anymoreeeeeeeee", "context": "+BlackMetal+"}
{"ts": 1787112648.1620533, "user": "dami", "text": "coughs and sips ginger tea", "context": "+BlackMetal+"}
{"ts": 1787112698.2152607, "user": "PrackX01", "text": "rubbs the dogs butt", "context": "+BlackMetal+"}
{"ts": 1787112706.264286, "user": "Birex", "text": "está ouvindo: Newton - Do You Really Want To Hurt Me", "context": "Brasil"}
{"ts": 1787112918.3058758, "user": "rays", "text": "sips beer", "context": "+BlackMetal+"}
{"ts": 1787112925.0361102, "user": "the organium", "text": "wonders if rays is yelling this as he types it", "context": "+BlackMetal+"}
{"ts": 1787112941.4764144, "user": "Birex", "text": "está ouvindo: Jordy - Dur Dur D'être Bébé!", "context": "Brasil"}
{"ts": 1787113145.8730352, "user": "Birex", "text": "está ouvindo: Reel 2 Real Feat. Mad Stuntman - I Like To Move It", "context": "Brasil"}
{"ts": 1787113150.2532475, "user": "dami", "text": "googles flying squirrels", "context": "+BlackMetal+"}
{"ts": 1787113302.4218042, "user": "E5FDD609", "text": "gets out fire hose", "context": "indie"}
{"ts": 1787113373.8240395, "user": "Birex", "text": "está ouvindo: The Motels - Only The Lonely", "context": "Brasil"}
{"ts": 1787113565.410059, "user": "Birex", "text": "está ouvindo: Hithouse - Move Your Feet To The Rhythm Of The Beat (Peter Slaghuis Remix)", "context": "Brasil"}
{"ts": 1787113666.4219682, "user": "rays", "text": "lubes up his legs", "context": "+BlackMetal+"}
{"ts": 1787113678.5717788, "user": "the organium", "text": "trips ray", "context": "+BlackMetal+"}
{"ts": 1787113686.3174684, "user": "rays", "text": "slips cuz lube", "context": "+BlackMetal+"}
{"ts": 1787113694.6318467, "user": "BeerNecessities", "text": "burps", "context": "+BlackMetal+"}
{"ts": 1787113696.7885122, "user": "the organium", "text": "runs away to a safe distance", "context": "+BlackMetal+"}
{"ts": 1787113704.9458933, "user": "spir", "text": "slips, falls, sues", "context": "+BlackMetal+"}
{"ts": 1787113750.2426052, "user": "nomic", "text": "wonders if peggy is a popular yet ironic girls name in 2026", "context": "+BlackMetal+"}
{"ts": 1787113852.1050196, "user": "PrackX01", "text": "eats chinese food in silence", "context": "+BlackMetal+"}
{"ts": 1787113893.0864644, "user": "PrackX01", "text": "peggs scott in silence", "context": "+BlackMetal+"}
{"ts": 1787113934.1438708, "user": "Birex", "text": "está ouvindo: Ray Conniff - Too Young", "context": "Brasil"}
{"ts": 1787114038.791892, "user": "PrackX01", "text": "practices erotic asphyxiation with rays dog", "context": "+BlackMetal+"}
{"ts": 1787114048.1055834, "user": "Body Buzz", "text": "is sweating like he has a bomb strapped to his chest :3", "context": "/mu/"}
{"ts": 1787114067.1716983, "user": "spir", "text": "Cheers theme", "context": "+BlackMetal+"}
{"ts": 1787114091.2658753, "user": "Birex", "text": "está ouvindo: Space Master - I Need You (Master Mix)", "context": "Brasil"}
{"ts": 1787114101.3019454, "user": "rebirthoxide", "text": "np: Baerdcyn - Lavender Fields (And The Wind Keeps Time)", "context": "! ! LGBTQ+ ! !"}
{"ts": 1787114401.2386808, "user": "Birex", "text": "está ouvindo: Tina Turner - I Can't Stand The Rain", "context": "Brasil"}
{"ts": 1787114523.9755583, "user": "PrackX01", "text": "pets rays dog", "context": "+BlackMetal+"}
{"ts": 1787114544.9953105, "user": "PrackX01", "text": "then slits his troath", "context": "+BlackMetal+"}
{"ts": 1787114579.9431636, "user": ":=)", "text": "Q1. THE HUMAN BODY: Even on a thick-skinned individual, the thinnest skin covers these ?", "context": "+BlackMetal+"}
{"ts": 1787114580.0289166, "user": ":=)", "text": "Hint1: ****", "context": "+BlackMetal+"}
{"ts": 1787114615.0256634, "user": ":=)", "text": "Q2. Anatomy & Medical: An Interlocking Of Structures By Finger-like Processes, As When The Fingers Of The Two Hands Are Interposed?", "context": "+BlackMetal+"}
{"ts": 1787114615.15556, "user": ":=)", "text": "Hint1: *************", "context": "+BlackMetal+"}
{"ts": 1787114621.5969284, "user": "Birex", "text": "está ouvindo: 20 Fingers Feat. Gillette - Mr. Personality (Radio Mix)", "context": "Brasil"}
{"ts": 1787114629.9727113, "user": ":=)", "text": "Hint2: I**e**i*i*a*e", "context": "+BlackMetal+"}
{"ts": 1787114644.828332, "user": ":=)", "text": "Hint3: I**e**i*i*a*e", "context": "+BlackMetal+"}
{"ts": 1787114684.8253326, "user": ":=)", "text": "Q3. Which impresario, music manager and record producer has been involved with The Rolling Stones, The Yardbirds, Graham Gouldman, Godley and Creme, (later 10cc), Soft Machine, and Julie Driscoll, Brian Auger & The Trinity?", "context": "+BlackMetal+"}
{"ts": 1787114684.9516232, "user": ":=)", "text": "Hint1: ******* ********", "context": "+BlackMetal+"}
{"ts": 1787114699.8298337, "user": ":=)", "text": "Hint2: *io**io *o*e****", "context": "+BlackMetal+"}
{"ts": 1787114715.02698, "user": ":=)", "text": "Hint3: Gio**io Go*e****", "context": "+BlackMetal+"}
{"ts": 1787114754.7978802, "user": ":=)", "text": "Q4. TALL IN THE FAMILY: The okapi is a member of this tall animal's family (the only other member, in fact) ?", "context": "+BlackMetal+"}
{"ts": 1787114754.9475965, "user": ":=)", "text": "Hint1: * *******", "context": "+BlackMetal+"}
{"ts": 1787114784.1185937, "user": ":=)", "text": "Q5. What was the name of the British ocean liner sunk by a German U-boat in 1915, killing over 1100 people?", "context": "+BlackMetal+"}
{"ts": 1787114784.4275439, "user": ":=)", "text": "Hint1: *********", "context": "+BlackMetal+"}
{"ts": 1787114799.0654948, "user": ":=)", "text": "Hint2: L********", "context": "+BlackMetal+"}
{"ts": 1787114814.0317233, "user": ":=)", "text": "Hint3: LU*I*A*IA", "context": "+BlackMetal+"}
{"ts": 1787114829.4081123, "user": "Birex", "text": "está ouvindo: The KLF - Last Train To Trancentral (Extended Mix)", "context": "Brasil"}
{"ts": 1787114839.8152761, "user": ":=)", "text": "Q6. Who Next Charted In The UK With The Song \"Don't Cry For Me Argentina\" After Julie Covington?", "context": "+BlackMetal+"}
{"ts": 1787114839.9209008, "user": ":=)", "text": "Hint1: *** *******", "context": "+BlackMetal+"}
{"ts": 1787114855.4728808, "user": ":=)", "text": "Hint2: T** S******", "context": "+BlackMetal+"}
{"ts": 1787114870.1164606, "user": ":=)", "text": "Hint3: T*e S*a*o**", "context": "+BlackMetal+"}
{"ts": 1787114898.1647267, "user": ":=)", "text": "Q7. In the rhyme 'The Owl and the Pussycat' which animal performed the wedding?", "context": "+BlackMetal+"}
{"ts": 1787114898.4265335, "user": ":=)", "text": "Hint1: *** ******", "context": "+BlackMetal+"}
{"ts": 1787114913.0285225, "user": ":=)", "text": "Hint2: **e *u**e*", "context": "+BlackMetal+"}
{"ts": 1787114943.2019236, "user": ":=)", "text": "Q8. KAOS: List Some Crooners \"6 Answers!\"", "context": "+BlackMetal+"}
{"ts": 1787114943.347457, "user": ":=)", "text": "Hint1: **** ****** | ***** ******* | **** ******* | *** **** **** | **** ****** | ***** ***** **.", "context": "+BlackMetal+"}
{"ts": 1787114958.227558, "user": ":=)", "text": "Hint2: *ea* *a**i* | **a** *i*a**a | *o** *e**e** | *a* *i** *o*e | *i** **o*** | *a*** *a*i* **.", "context": "+BlackMetal+"}
{"ts": 1787114973.426843, "user": ":=)", "text": "Hint3: Dea* Ma**i* | F*a** Si*a**a | To** Be**e** | Na* Ki** Co*e | Bi** C*o*** | Sa*** Da*i* J*.", "context": "+BlackMetal+"}
{"ts": 1787115013.3257954, "user": ":=)", "text": "Q9. What Was Meant To Happen To Anyone Who Drank From The River Lethe?", "context": "+BlackMetal+"}
{"ts": 1787115013.5439177, "user": ":=)", "text": "Hint1: **** **** ***** ******", "context": "+BlackMetal+"}
{"ts": 1787115028.3222926, "user": ":=)", "text": "Hint2: **e* *o** **ei* *e*o**", "context": "+BlackMetal+"}
{"ts": 1787115043.446813, "user": ":=)", "text": "Hint3: T*e* Lo** T*ei* Me*o**", "context": "+BlackMetal+"}
{"ts": 1787115047.8758955, "user": "scrump_", "text": "is so sweet and ripe for plucking", "context": "/mu/"}
{"ts": 1787115075.1154375, "user": ":=)", "text": "Q10. What Is A Maine Coon Once Thought To Be Extinct?", "context": "+BlackMetal+"}
{"ts": 1787115075.2454429, "user": ":=)", "text": "Hint1: * ***", "context": "+BlackMetal+"}
{"ts": 1787115101.0939193, "user": ":=)", "text": "Q11. Music: 80's Tune: Performed By: Bob Seger And The Silver Bullet Band?", "context": "+BlackMetal+"}
{"ts": 1787115101.2287223, "user": ":=)", "text": "Hint1: ******* *** ****", "context": "+BlackMetal+"}
{"ts": 1787115115.9326863, "user": ":=)", "text": "Hint2: A****** T** W***", "context": "+BlackMetal+"}
{"ts": 1787115130.9384654, "user": ":=)", "text": "Hint3: A*ai*** T*e Wi**", "context": "+BlackMetal+"}
{"ts": 1787115161.2507443, "user": ":=)", "text": "Q12. What precious stone is a corundum with chromium traces, historically called carbuncle?", "context": "+BlackMetal+"}
{"ts": 1787115161.4054735, "user": ":=)", "text": "Hint1: ****", "context": "+BlackMetal+"}
{"ts": 1787115166.363564, "user": "Birex", "text": "está ouvindo: Gabrielle - Dreams (The Developed Arrested Mix)", "context": "Brasil"}
{"ts": 1787115190.8943858, "user": ":=)", "text": "Q13. PALINDROMIC WORDS: A deceitful, planned operation is this 5-letter type of \"job\" ?", "context": "+BlackMetal+"}
{"ts": 1787115191.0402482, "user": ":=)", "text": "Hint1: * ***-**", "context": "+BlackMetal+"}
{"ts": 1787115205.8295398, "user": ":=)", "text": "Hint2: a p**-**", "context": "+BlackMetal+"}
{"ts": 1787115220.7993505, "user": ":=)", "text": "Hint3: a pu*-u*", "context": "+BlackMetal+"}
{"ts": 1787115252.4874063, "user": ":=)", "text": "Q14. DAYS OF THE WEEK: The Romans called it \"Jupiter's Day\", but in English this weekday is named for a son of Odin ?", "context": "+BlackMetal+"}
{"ts": 1787115252.6045449, "user": ":=)", "text": "Hint1: ********", "context": "+BlackMetal+"}
{"ts": 1787115267.4122417, "user": ":=)", "text": "Hint2: **u***a*", "context": "+BlackMetal+"}
{"ts": 1787115299.2450676, "user": ":=)", "text": "Q15. Music: What Was The Title Of Anita Ward's Only UK Number One Single?", "context": "+BlackMetal+"}
{"ts": 1787115299.3971915, "user": ":=)", "text": "Hint1: **** ** ****", "context": "+BlackMetal+"}
{"ts": 1787115314.2066467, "user": ":=)", "text": "Hint2: Rin* ** ****", "context": "+BlackMetal+"}
{"ts": 1787115329.2555082, "user": ":=)", "text": "Hint3: Rin* ** *e**", "context": "+BlackMetal+"}
{"ts": 1787115355.8729084, "user": "the organium", "text": "transfers points to spir", "context": "+BlackMetal+"}
{"ts": 1787115366.7340372, "user": ":=)", "text": "Q16. Music: 1994: 'Take A Bow'?", "context": "+BlackMetal+"}
{"ts": 1787115366.8947334, "user": ":=)", "text": "Hint1: *******", "context": "+BlackMetal+"}
{"ts": 1787115403.6060681, "user": ":=)", "text": "Q17. Which Song Was Abba's Second UK Number One Hit?", "context": "+BlackMetal+"}
{"ts": 1787115403.7660196, "user": ":=)", "text": "Hint1: ***** ***", "context": "+BlackMetal+"}
{"ts": 1787115418.7065535, "user": ":=)", "text": "Hint2: Mam** ***", "context": "+BlackMetal+"}
{"ts": 1787115445.5232818, "user": ":=)", "text": "Q18. KAOS: Mash Characters \"10 Answers!\"", "context": "+BlackMetal+"}
{"ts": 1787115445.5758255, "user": ":=)", "text": "Hint1: ******* | ***** | ** | ******* | *** **** | ******* ****** | ******* | ***** | **** | **********", "context": "+BlackMetal+"}
{"ts": 1787115460.2663937, "user": ":=)", "text": "Hint2: **i**e* | *a*a* | ** | **a**e* | *o* *i** | *o*o*e* *o**e* | *a**e*e | **a** | I*o* | *i***e**e*", "context": "+BlackMetal+"}
{"ts": 1787115475.1998067, "user": ":=)", "text": "Hint3: K*i**e* | Ra*a* | B* | T*a**e* | Ho* Li** | Co*o*e* Po**e* | Ha**e*e | F*a** | I*o* | Wi***e**e*", "context": "+BlackMetal+"}
{"ts": 1787115515.2783935, "user": ":=)", "text": "Q19. History: Which Famous Battle Was Fought On St Crispin's Day?", "context": "+BlackMetal+"}
{"ts": 1787115515.3893685, "user": ":=)", "text": "Hint1: *********", "context": "+BlackMetal+"}
{"ts": 1787115530.2600858, "user": ":=)", "text": "Hint2: Agi******", "context": "+BlackMetal+"}
{"ts": 1787115549.36981, "user": "Birex", "text": "está ouvindo: Dollar - Who Were You With In The Moonlight", "context": "Brasil"}
{"ts": 1787115556.5605273, "user": ":=)", "text": "Q20. POP CULTURE PHYSICS: As Sheriff Hopper on \"Stranger Things\" he finds science can't explain everything like it did when he worked in physics on TV's \"Manhattan\" ?", "context": "+BlackMetal+"}
{"ts": 1787115556.67592, "user": ":=)", "text": "Hint1: ***** *******", "context": "+BlackMetal+"}
{"ts": 1787115571.7182434, "user": ":=)", "text": "Hint2: Dav** *******", "context": "+BlackMetal+"}
{"ts": 1787115586.6647756, "user": ":=)", "text": "Hint3: Davi* *a**ou*", "context": "+BlackMetal+"}
