{"ts": 1787024591.7291656, "user": "kex", "text": "The KKK Took My Baby Away (1999 Remaster) | Ramones - Topic | 02:31 | 6,247,013 views | 56,373 likes | Nov 20, 2014 | 512 comments", "context": "indie"}
{"ts": 1787024592.8762844, "user": "kex", "text": "Everclear - Santa Monica (Official Music Video) | EverclearVEVO | 03:13 | 53,325,402 views | 297,299 likes | Feb 24, 2009 | 8,854 comments", "context": "+BlackMetal+"}
{"ts": 1787024635.0175898, "user": "Birex", "text": "está ouvindo: Titãs - Televisão", "context": "Brasil"}
{"ts": 1787024688.3205051, "user": "BeerNecessities", "text": "np: Killing Joke - The Lightbringer [Hosannas from the Basements of Hell (Deluxe)] (9:38)", "context": "+BlackMetal+"}
{"ts": 1787024690.827333, "user": "kex", "text": "Megyn Kelly on Her Latest Kitchen Mishap That Led to Firefighters Arriving at Her House | Megyn Kelly | 02:27 | 102,136 views | 4,205 likes | Aug 12, 2026 | 183 comments", "context": "indie"}
{"ts": 1787024694.1611326, "user": "kex", "text": "Megyn Kelly on Her Latest Kitchen Mishap That Led to Firefighters Arriving at Her House | Megyn Kelly | 02:27 | 102,136 views | 4,206 likes | Aug 12, 2026 | 183 comments", "context": "indie"}
{"ts": 1787024700.9334729, "user": "rebirthoxide", "text": "np: Haujobb - Solid State Logic (Freeze Frame Reality)", "context": "! ! LGBTQ+ ! !"}
{"ts": 1787024715.5056062, "user": "tantbot", "text": "| ~#~ sceneXkidX2XhipsterXpipeline's balance is: 4,501 ~#~", "context": "Alcohol"}
{"ts": 1787024723.7332966, "user": "tantbot", "text": "| ~#~ Your balance is: 1,000,001,000,489,989,800,112,589,087 ~#~", "context": "Alcohol"}
{"ts": 1787024731.2119958, "user": "tantbot", "text": "| it goes !invest {amt of creddies} {coin}", "context": "Alcohol"}
{"ts": 1787024737.1654005, "user": "tantbot", "text": "| wintergreenlongcut bought 57037.88 CHEESE for 1 credbits. wintergreenlongcut now owns 116666447016.20 CHEESE", "context": "Alcohol"}
{"ts": 1787024766.0172524, "user": "augmental", "text": "shakes head", "context": "+BlackMetal+"}
{"ts": 1787024843.1700625, "user": "kex", "text": "Alewya - Maktoub (Visualiser) | Alewya | 02:42 | 261,667 views | 11,310 likes | Jun 11, 2026 | 444 comments", "context": "! ! LGBTQ+ ! !"}
{"ts": 1787024848.6723533, "user": "kex", "text": "Alewya - Maktoub (Visualiser) | Alewya | 02:42 | 261,667 views | 11,310 likes | Jun 11, 2026 | 444 comments", "context": "indie"}
{"ts": 1787024856.7310882, "user": "Birex", "text": "está ouvindo: A-Ha - Forever Not Yours", "context": "Brasil"}
{"ts": 1787024870.7728245, "user": "the organium", "text": "Sounds of :  𝙒𝙖𝙡𝙡 𝙊𝙛 𝙑𝙤𝙤𝙙𝙤𝙤 - 𝙈𝙚𝙭𝙞𝙘𝙖𝙣 𝙧𝙖𝙙𝙞𝙤  : ₙₒᵂ ᶠᵢₗₗ ₜₕₑ ₐᵢᵣ", "context": "+BlackMetal+"}
{"ts": 1787025078.264529, "user": "jear", "text": "np: Looking For An Answer - Nueva Plaga De Estupidez", "context": "+BlackMetal+"}
{"ts": 1787025096.822555, "user": "Birex", "text": "está ouvindo: Lionel Richie - Say You, Say Me", "context": "Brasil"}
{"ts": 1787025117.6400995, "user": ":=)", "text": "Q1. \"O\" 2\"B\": (Alex: ...each correct response will contain the letters \"O\", \"B\", \"B\", in that order.) When the Fantastic Four's Ben Grimm gets mad, it's this \"time\" ?", "context": "+BlackMetal+"}
{"ts": 1787025117.7422986, "user": ":=)", "text": "Hint1: *********' ****", "context": "+BlackMetal+"}
{"ts": 1787025134.6026132, "user": "the organium", "text": "Sounds of :  𝘾𝙤𝙣𝙘𝙧𝙚𝙩𝙚 𝘽𝙡𝙤𝙣𝙙𝙚 - 𝙅𝙤𝙚𝙮  : ₙₒᵂ ᶠᵢₗₗ ₜₕₑ ₐᵢᵣ", "context": "+BlackMetal+"}
{"ts": 1787025147.3333614, "user": ":=)", "text": "Q2. FAMOUS COUPLES: She & Andy Mill have a real love match; they celebrated the birth of their first child in 1991 ?", "context": "+BlackMetal+"}
{"ts": 1787025147.4435623, "user": ":=)", "text": "Hint1: ***** *****", "context": "+BlackMetal+"}
{"ts": 1787025162.8134115, "user": ":=)", "text": "Hint2: C**** E****", "context": "+BlackMetal+"}
{"ts": 1787025177.3353472, "user": ":=)", "text": "Hint3: C**i* E*e**", "context": "+BlackMetal+"}
{"ts": 1787025207.43848, "user": ":=)", "text": "Q3. HAIR OF THE DOG: \"Rich, lustrous golden of various shades\" is the AKC standard for the coat of this working breed ?", "context": "+BlackMetal+"}
{"ts": 1787025207.5473335, "user": ":=)", "text": "Hint1: * ****** *********", "context": "+BlackMetal+"}
{"ts": 1787025222.6497476, "user": ":=)", "text": "Hint2: a *o**e* *e**ie*e*", "context": "+BlackMetal+"}
{"ts": 1787025248.7917554, "user": "your username is stupid", "text": "np:  https://www.youtube.com/watch?v=_jtjuZpI0xs", "context": "indie"}
{"ts": 1787025249.411795, "user": "kex", "text": "Psychotic Waltz - I Of The Storm | santoountip | 04:34 | 68,660 views | 357 likes | Feb 15, 2008 | 55 comments", "context": "indie"}
{"ts": 1787025249.4188352, "user": ":=)", "text": "Q4. Like a lady in 'the simpsons', sideshow bob's criminal number is the same as what character in 'les miserables'?", "context": "+BlackMetal+"}
{"ts": 1787025249.5137649, "user": ":=)", "text": "Hint1: **** *******", "context": "+BlackMetal+"}
{"ts": 1787025252.1187978, "user": "your username is stupid", "text": "np:  https://www.youtube.com/watch?v=_jtjuZpI0xs", "context": "+BlackMetal+"}
{"ts": 1787025252.6313567, "user": "kex", "text": "Psychotic Waltz - I Of The Storm | santoountip | 04:34 | 68,660 views | 357 likes | Feb 15, 2008 | 55 comments", "context": "+BlackMetal+"}
{"ts": 1787025264.4501538, "user": ":=)", "text": "Hint2: Jea* *******", "context": "+BlackMetal+"}
{"ts": 1787025294.3819697, "user": ":=)", "text": "Q5. MISS MANNERS: The only time it's correct for a lady to call upon a man is if he's old & ill, & has extended this ?", "context": "+BlackMetal+"}
{"ts": 1787025294.490744, "user": ":=)", "text": "Hint1: ** ********** ** ** **", "context": "+BlackMetal+"}
{"ts": 1787025297.7538114, "user": "rebirthoxide", "text": "np: Haujobb - Net Culture (instrumental) (Cleaned Visions (single))", "context": "! ! LGBTQ+ ! !"}
{"ts": 1787025309.0546784, "user": ":=)", "text": "Hint2: a* i**i*a*io* *o *o *o", "context": "+BlackMetal+"}
{"ts": 1787025324.2716856, "user": ":=)", "text": "Hint3: a* i**i*a*io* to do so", "context": "+BlackMetal+"}
{"ts": 1787025338.3157337, "user": "Birex", "text": "está ouvindo: Frank Sinatra - My Way", "context": "Brasil"}
{"ts": 1787025345.539957, "user": "kex", "text": "Tones On Tail  'Go!'  1984 | Ani del Rio | 04:30 | 1,065,273 views | 14,019 likes | Jun 30, 2011 | 732 comments", "context": "+BlackMetal+"}
{"ts": 1787025352.3422687, "user": ":=)", "text": "Q6. Anne Neville was the wife of which English king?", "context": "+BlackMetal+"}
{"ts": 1787025352.4526134, "user": ":=)", "text": "Hint1: ******* ***", "context": "+BlackMetal+"}
{"ts": 1787025363.822348, "user": "kex", "text": "Faith No More - Epic (Official Music Video) | UPROXX Indie Mixtape | 04:26 | 56,166,437 views | 430,659 likes | Feb 21, 2014 | 22,920 comments", "context": "+BlackMetal+"}
{"ts": 1787025367.404835, "user": ":=)", "text": "Hint2: RIC**** ***", "context": "+BlackMetal+"}
{"ts": 1787025386.210941, "user": "kex", "text": "Faith No More - Epic (Official Music Video) | UPROXX Indie Mixtape | 04:26 | 56,166,437 views | 430,659 likes | Feb 21, 2014 | 22,920 comments", "context": "+BlackMetal+"}
{"ts": 1787025389.9212315, "user": ":=)", "text": "Q7. Toxicology is the study of what?", "context": "+BlackMetal+"}
{"ts": 1787025390.0286942, "user": ":=)", "text": "Hint1: *******", "context": "+BlackMetal+"}
{"ts": 1787025417.4397163, "user": ":=)", "text": "Q8. KAOS: Hollywood: Steve Martin Movies \"10 Answers!\"", "context": "+BlackMetal+"}
{"ts": 1787025417.548545, "user": ":=)", "text": "Hint1: ************ | ****** ** *** ***** | ********* | *** **** | **** *** ***'* **** ***** | ***** ****** ********** | ***** ****** | *** ** ** | *** *** ** ******* | **********", "context": "+BlackMetal+"}
{"ts": 1787025422.7741566, "user": "the organium", "text": "Sounds of :  𝙏𝙃𝙀 𝘾𝘼𝙍𝙎 - 𝙅𝙪𝙨𝙩 𝙒𝙝𝙖𝙩 𝙄 𝙉𝙚𝙚𝙙𝙚𝙙  : ₙₒᵂ ᶠᵢₗₗ ₜₕₑ ₐᵢᵣ", "context": "+BlackMetal+"}
{"ts": 1787025432.6068594, "user": ":=)", "text": "Hint2: H*********** | F***** O* T** B**** | B******** | T** J*** | D*** M** D**'* W*** P**** | D**** R***** S********* | T**** A***** | A** O* M* | T** O** O* T****** | P*********", "context": "+BlackMetal+"}
{"ts": 1787025447.6185434, "user": ":=)", "text": "Hint3: Hou*e*i**e** | Fa**e* O* T*e B*i*e | Bo**i**e* | T*e Je** | Dea* Me* Do*'* Wea* P*ai* | Di*** Ro**e* S*ou***e** | T**ee A*i*o* | A** O* Me | T*e Ou* O* To**e** | Pa*e***oo*", "context": "+BlackMetal+"}
{"ts": 1787025487.5202355, "user": ":=)", "text": "Q9. DISEASES: William Howard Taft was among history's many sufferers of this painful joint disorder Hippocrates called the \"unwalkable disease\" ?", "context": "+BlackMetal+"}
{"ts": 1787025487.62433, "user": ":=)", "text": "Hint1: ****", "context": "+BlackMetal+"}
{"ts": 1787025524.1596124, "user": ":=)", "text": "Q10. Music: Which K-pop group became the first to perform at the Grammy Awards?", "context": "+BlackMetal+"}
{"ts": 1787025524.2624552, "user": ":=)", "text": "Hint1: ***", "context": "+BlackMetal+"}
{"ts": 1787025552.2828867, "user": ":=)", "text": "Q11. In which book of the Bible is the story of Lot's wife recounted?", "context": "+BlackMetal+"}
{"ts": 1787025552.2904115, "user": ":=)", "text": "Hint1: *******", "context": "+BlackMetal+"}
{"ts": 1787025580.2178628, "user": ":=)", "text": "Q12. Maths: What Is 9 X 4?", "context": "+BlackMetal+"}
{"ts": 1787025580.2286687, "user": ":=)", "text": "Hint1: **", "context": "+BlackMetal+"}
{"ts": 1787025600.6879487, "user": "the organium", "text": "Sounds of :  𝙒𝙃𝘼𝙈! - 𝙒𝙖𝙠𝙚 𝙈𝙚 𝙐𝙥 𝘽𝙚𝙛𝙤𝙧𝙚 𝙔𝙤𝙪 𝙂𝙤-𝙂𝙤  : ₙₒᵂ ᶠᵢₗₗ ₜₕₑ ₐᵢᵣ", "context": "+BlackMetal+"}
{"ts": 1787025607.6314733, "user": ":=)", "text": "Q13. 'Winnie the Pooh' is the Bingo call for which number?", "context": "+BlackMetal+"}
{"ts": 1787025607.637984, "user": ":=)", "text": "Hint1: **", "context": "+BlackMetal+"}
{"ts": 1787025613.2821813, "user": "Birex", "text": "está ouvindo: Carly Simon - Jesse", "context": "Brasil"}
{"ts": 1787025621.9253507, "user": ":=)", "text": "Hint2: 4*", "context": "+BlackMetal+"}
{"ts": 1787025646.5953145, "user": ":=)", "text": "Q14. Art & Literature: Who wrote the 1963 novel 'The Bell Jar'?", "context": "+BlackMetal+"}
{"ts": 1787025646.7034106, "user": ":=)", "text": "Hint1: ****** *****", "context": "+BlackMetal+"}
{"ts": 1787025679.0032125, "user": ":=)", "text": "Q15. SAMPLING: Grooves from bands like Parliament gave this West Coast subgenre of rap from the early '90s its letter-perfect name ?", "context": "+BlackMetal+"}
{"ts": 1787025679.1112013, "user": ":=)", "text": "Hint1: *-****", "context": "+BlackMetal+"}
{"ts": 1787025738.1794055, "user": "augmental", "text": "cuts into his giant penis with a dull knife", "context": "+BlackMetal+"}
{"ts": 1787025865.3305702, "user": "Birex", "text": "está ouvindo: The Supermen Lovers Feat. Mani Hoffman - Starlight (Radio Edit)", "context": "Brasil"}
{"ts": 1787025922.437255, "user": "the organium", "text": "Sounds of :  𝙃𝙪𝙢𝙖𝙣 𝙇𝙚𝙖𝙜𝙪𝙚 - 𝙃𝙪𝙢𝙖𝙣  : ₙₒᵂ ᶠᵢₗₗ ₜₕₑ ₐᵢᵣ", "context": "+BlackMetal+"}
{"ts": 1787025995.9868865, "user": "kex", "text": "Fresh & Low - New Life | exiledlarky | 07:13 | 7,155,339 views | 58,383 likes | Sep 23, 2009 | 1,012 comments", "context": "indie"}
{"ts": 1787026092.951414, "user": "Birex", "text": "está ouvindo: Fun 4 Me - Do You Know (Original Mix)", "context": "Brasil"}
{"ts": 1787026175.6469874, "user": "kex", "text": "Glossary of spirituality terms - Wikipedia - https://en.wikipedia.org/wiki/Glossary_of_spirituality_terms", "context": "indie"}
{"ts": 1787026212.262273, "user": "kex", "text": "Vimeo / CAPTCHA Challenge - https://vimeo.com/36571816", "context": "! ! LGBTQ+ ! !"}
{"ts": 1787026310.3656898, "user": "Birex", "text": "está ouvindo: Whigfield - Doo Whop", "context": "Brasil"}
{"ts": 1787026421.442301, "user": "your username is stupid", "text": "np:  https://www.youtube.com/watch?v=9Biza8vNH5o", "context": "+BlackMetal+"}
{"ts": 1787026422.330005, "user": "kex", "text": "Judas Priest - Painkiller (Live Noblesville 1991) HQ | TJfusk | 06:39 | 7,252 views | 99 likes | Nov 10, 2011 | 7 comments", "context": "+BlackMetal+"}
{"ts": 1787026425.0079303, "user": "your username is stupid", "text": "np:  https://www.youtube.com/watch?v=9Biza8vNH5o", "context": "indie"}
{"ts": 1787026425.4554944, "user": "kex", "text": "Judas Priest - Painkiller (Live Noblesville 1991) HQ | TJfusk | 06:39 | 7,252 views | 99 likes | Nov 10, 2011 | 7 comments", "context": "indie"}
{"ts": 1787026509.8298988, "user": "Birex", "text": "está ouvindo: Bingoboys - Sugardaddy (Radio Remix)", "context": "Brasil"}
{"ts": 1787026547.0804627, "user": "kex", "text": "Peter Gabriel - Sledgehammer (HD version) | Peter Gabriel | 05:45 | 93,030,198 views | 642,584 likes | Sep 24, 2012 | 29,456 comments", "context": "+BlackMetal+"}
{"ts": 1787026725.83311, "user": "the organium", "text": "Sounds of :  𝙁𝙖𝙡𝙘𝙤 - 𝙍𝙤𝙘𝙠 𝙈𝙚 𝘼𝙢𝙖𝙙𝙚𝙪𝙨  : ₙₒᵂ ᶠᵢₗₗ ₜₕₑ ₐᵢᵣ", "context": "+BlackMetal+"}
{"ts": 1787026730.6412387, "user": "E5FDD609", "text": "farts in indie", "context": "indie"}
{"ts": 1787026735.0175977, "user": "Birex", "text": "está ouvindo: Blitz - Mais Uma De Amor (Geme Geme)", "context": "Brasil"}
{"ts": 1787026757.3461998, "user": "kex", "text": "Jabba on the Dais | MovieGeek1980 | 03:42 | 70,750 views | 596 likes | Apr 26, 2006 | 87 comments", "context": "+BlackMetal+"}
{"ts": 1787026761.8792896, "user": "kex", "text": "Jabba on the Dais | MovieGeek1980 | 03:42 | 70,750 views | 596 likes | Apr 26, 2006 | 87 comments", "context": "+BlackMetal+"}
{"ts": 1787026766.5134008, "user": "kex", "text": "Young Dolph - 16 Zips | Young Dolph | 03:30 | 13,303,279 views | 99,737 likes | Jul 30, 2015 | 1,904 comments", "context": "+BlackMetal+"}
{"ts": 1787026770.3347368, "user": "kex", "text": "Young Dolph - 16 Zips | Young Dolph | 03:30 | 13,303,279 views | 99,737 likes | Jul 30, 2015 | 1,904 comments", "context": "indie"}
{"ts": 1787026954.281803, "user": "Birex", "text": "está ouvindo: Jefferson Starship - Nothing's Gonna Stop Us Now", "context": "Brasil"}
{"ts": 1787027097.1544437, "user": "kiquja", "text": "is meowing to the tune of \"Kerosene\" by \"Crystal Castles\" 𑙙^•⩊•^≼", "self": true, "context": "! ! LGBTQ+ ! !"}
{"ts": 1787027172.319731, "user": "kiquja", "text": "is meowing to the tune of \"그대 기억에 지쳐 잠들죠\" by \"death's dynamic shroud\" 𑙙^•⩊•^≼", "self": true, "context": "! ! LGBTQ+ ! !"}
{"ts": 1787027224.675659, "user": "Birex", "text": "está ouvindo: Jimmy Cliff - Many Rivers To Cross", "context": "Brasil"}
{"ts": 1787027326.216949, "user": "kex", "text": "World War 3 (Part 1): Russia Invades the Baltics - The Countdown to Armageddon Begins | Flat Circle History | 1:35:00 | 1,175,595 views | 35,110 likes | Dec 04, 2024 | 3,642 comments", "context": "! ! LGBTQ+ ! !"}
{"ts": 1787027393.6337569, "user": "kex", "text": "king of Asgard - Vinterskugge | VikinG Rojas | 05:29 | 3,582 views | 65 likes | Feb 18, 2013 | 3 comments", "context": "indie"}
{"ts": 1787027403.530412, "user": "Birex", "text": "está ouvindo: Dr. Calcutta - Calcutta Taxi", "context": "Brasil"}
{"ts": 1787027549.411843, "user": "kex", "text": "DMX - Stop Being Greedy (BET, Final Revision) | DMXVEVO | 03:36 | 12,559,794 views | 105,449 likes | Jun 17, 2009 | 4,662 comments", "context": "indie"}
{"ts": 1787027614.4226298, "user": "kex", "text": "Skrillex - Bug Hunt W/ Dog Blood - Next Order (Demo) : Skrillex, Dog Blood : Free Download, Borrow, and Streaming : Internet Archive - https://archive.org/details/skrillex-bug-hunt-leak/Skrillex+-+Bug+Hunt.mp3", "context": "! ! LGBTQ+ ! !"}
{"ts": 1787027645.6675754, "user": "kex", "text": "She Past Away  - Sanrı (Official Music Video) | ShePastAway | 04:22 | 2,122,637 views | 23,486 likes | Apr 24, 2014 | 709 comments", "context": "! ! LGBTQ+ ! !"}
{"ts": 1787027658.5022511, "user": "Birex", "text": "está ouvindo: Chicago - You're The Inspiration", "context": "Brasil"}
{"ts": 1787027884.753373, "user": "Birex", "text": "está ouvindo: Outta Control - For You I Will", "context": "Brasil"}
{"ts": 1787028033.5967696, "user": "kex", "text": "Scream of The Butterfly | Acid Bath - Topic | 06:15 | 2,261,087 views | 45,025 likes | Mar 28, 2025 | 0 comment", "context": "+BlackMetal+"}
{"ts": 1787028220.9736898, "user": "Birex", "text": "está ouvindo: Tina Turner - Let's Stay Together (Extended Version)", "context": "Brasil"}
{"ts": 1787028266.5157185, "user": "E5FDD609", "text": "is waiting", "context": "indie"}
{"ts": 1787028372.7566764, "user": "kiquja", "text": "is meowing to the tune of \"Loving Is Easy\" by \"death's dynamic shroud\" 𑙙^•⩊•^≼", "self": true, "context": "! ! LGBTQ+ ! !"}
{"ts": 1787028536.685552, "user": "Birex", "text": "está ouvindo: Erasure - Blue Savannah (Remix)", "context": "Brasil"}
{"ts": 1787028562.165929, "user": "kex", "text": "Burning Spirit | DEATH SIDE - Topic | 02:54 | 637 views | 15 likes | Feb 04, 2026 | 0 comment", "context": "+BlackMetal+"}
{"ts": 1787028591.65129, "user": "kex", "text": "World War 3 (Part 1): Russia Invades the Baltics - The Countdown to Armageddon Begins | Flat Circle History | 1:35:00 | 1,175,595 views | 35,110 likes | Dec 04, 2024 | 3,642 comments", "context": "+BlackMetal+"}
{"ts": 1787028640.4236875, "user": "kex", "text": "CamelPhat X Cristoph (Feat. Jem Cooke) - Breathe (Club Mix) | Cristoph Music | 07:14 | 9,904,976 views | 83,307 likes | Nov 16, 2018 | 1,261 comments", "context": "#La France"}
{"ts": 1787028646.1306953, "user": "the organium", "text": "Sounds of :  𝘿𝙚𝙥𝙚𝙘𝙝𝙚 𝙈𝙤𝙙𝙚 - 𝙀𝙣𝙟𝙤𝙮 𝙩𝙝𝙚 𝙎𝙞𝙡𝙚𝙣𝙘𝙚  : ₙₒᵂ ᶠᵢₗₗ ₜₕₑ ₐᵢᵣ", "context": "+BlackMetal+"}
{"ts": 1787028731.880626, "user": "augmental", "text": "cries", "context": "+BlackMetal+"}
{"ts": 1787028790.5815716, "user": "augmental", "text": "shakes head", "context": "+BlackMetal+"}
{"ts": 1787028805.4657202, "user": "tantbot", "text": "| today is mostly clear with a high of 98°F and low of 68°F", "context": "Alcohol"}
