{"ts": 1787216362.1052759, "user": "tiger", "room": "", "text": "kiquja", "keywords": ["kiquja"], "kind": "kw"}
{"ts": 1787216380.6300974, "user": "tiger", "room": "", "text": "test", "keywords": ["test"], "kind": "kw"}
{"ts": 1787216404.1264088, "user": "adxwkd", "room": "", "text": "kiquja", "keywords": ["kiquja"], "kind": "kw"}
{"ts": 1787216926.8533947, "user": "Scathing", "room": "indie", "text": "then act like a victim when it fails", "keywords": ["a"], "kind": "kw"}
{"ts": 1787216927.613714, "user": "sparklepupjade", "room": "! ! LGBTQ+ ! !", "text": "since she isnt real", "keywords": ["a"], "kind": "kw"}
{"ts": 1787216930.2048311, "user": "sparklepupjade", "room": "! ! LGBTQ+ ! !", "text": "and im delusional", "keywords": ["a"], "kind": "kw"}
{"ts": 1787216932.3592923, "user": "hyp3rvigilant", "room": "indie", "text": "botseek, you're part of the problem", "keywords": ["a"], "kind": "kw"}
{"ts": 1787216949.375418, "user": "sparkepup kex", "room": "! ! LGBTQ+ ! !", "text": "we can get along", "keywords": ["a"], "kind": "kw"}
{"ts": 1787216950.2896726, "user": "Future Somebody", "room": "+BlackMetal+", "text": "Women can be so cruel ", "keywords": ["a"], "kind": "kw"}
{"ts": 1787216950.7943335, "user": "tiger", "room": "! ! LGBTQ+ ! !", "text": ">20/08/26 19:03:37 [sparklepupjade] 7:03:18 PM [tiger] plural gang plural gang <-- OMG WAIT ur plural too? <-- ye :3", "keywords": ["a"], "kind": "kw"}
{"ts": 1787216950.7988725, "user": "Scathing", "room": "indie", "text": "hyper i break your circuits, you love me !", "keywords": ["a"], "kind": "kw"}
{"ts": 1787218443.299096, "user": "tiger", "room": "! ! LGBTQ+ ! !", "text": "kiquja not a troll", "keywords": ["kiquja"], "kind": "kw"}
{"ts": 1787218737.9123607, "user": "sparklepupjade", "room": "", "text": "viewed your profile", "keywords": [], "kind": "profile"}
{"ts": 1787218873.72169, "user": "sparklepupjade", "room": "! ! LGBTQ+ ! !", "text": "7:38:13 PM [kiquja] ./ᐠ◞ ᆺ ◟マ kitty !!", "keywords": ["kiquja"], "kind": "kw"}
{"ts": 1787218885.6995904, "user": "sparklepupjade", "room": "! ! LGBTQ+ ! !", "text": "7:38:13 PM [kiquja] ./ᐠ◞ ᆺ ◟マ <-- kitty !!", "keywords": ["kiquja"], "kind": "kw"}
{"ts": 1787219529.9814298, "user": "sparklepupjade", "room": "! ! LGBTQ+ ! !", "text": "7:51:40 PM [kiquja] WTF. <-- i didnt mean to exclude u", "keywords": ["kiquja"], "kind": "kw"}
{"ts": 1787221373.4959297, "user": "tiger", "room": "! ! LGBTQ+ ! !", "text": "err. kiquja you can have my chat log if you want", "keywords": ["kiquja"], "kind": "kw"}
{"ts": 1787221425.383436, "user": "StickyFurryFemboyMilk", "room": "", "text": "viewed your profile", "keywords": [], "kind": "profile"}
{"ts": 1787221497.5223646, "user": "69EYlFo3", "room": "! ! LGBTQ+ ! !", "text": "kiquja: It sounds like battery-saving mode was giving you a tough love approach to efficiency. Sometimes our devices need a bit of a pep talk too, just like we do when they remind us to conserve energy! Let's keep the vibe positive and productive here.", "keywords": ["kiquja"], "kind": "kw"}
{"ts": 1787221668.9936364, "user": "tiger", "room": "! ! LGBTQ+ ! !", "text": "gl! kiquja's lovely, you're in good hands", "keywords": ["kiquja"], "kind": "kw"}
{"ts": 1787222113.0203784, "user": "sparklepupjade", "room": "", "text": "viewed your profile", "keywords": [], "kind": "profile"}
{"ts": 1787222536.413356, "user": "toquinoqui", "room": "", "text": "Audiobooks & Ebooks\\!Podcasts\\Red Scare\\2026-08-19 - Slay the Baby Away.mp3", "keywords": [], "kind": "download"}
{"ts": 1787222617.9082751, "user": "StickyFurryFemboyMilk", "room": "! ! LGBTQ+ ! !", "text": "kiquja its a Snowsky Echo Nano :3", "keywords": ["kiquja"], "kind": "kw"}
{"ts": 1787222915.9602513, "user": "StickyFurryFemboyMilk", "room": "! ! LGBTQ+ ! !", "text": "kiquja, the company does alot of different mp3 players. some look like old school cd players or like casettes", "keywords": ["kiquja"], "kind": "kw"}
