{"ts": 1787106926.3879726, "user": "tantbot", "text": "| quote added! 1888 quotes now in Alcohol", "context": "Alcohol"}
{"ts": 1787106976.5763726, "user": "tantbot", "text": "| [FUCK GOD] Jim carrey raped me in club vertigo", "context": "Alcohol"}
{"ts": 1787107005.5130754, "user": "tantbot", "text": "| 18:21:00 fucksucker has returned", "context": "Alcohol"}
{"ts": 1787107011.0380325, "user": "tantbot", "text": "| G-UNIT", "context": "Alcohol"}
{"ts": 1787107203.3550243, "user": "Birex", "text": "está ouvindo: B. L. Lover - Time 4 Love (Radio Mix)", "context": "Brasil"}
{"ts": 1787107350.0781422, "user": "UAP UFO SLSK EXPERT", "text": "scans", "context": "indie"}
{"ts": 1787107425.7706113, "user": "Birex", "text": "está ouvindo: Terry Winter - Our Love Dream", "context": "Brasil"}
{"ts": 1787107639.9670613, "user": "Birex", "text": "está ouvindo: Janet Jackson - Together Again", "context": "Brasil"}
{"ts": 1787107716.793775, "user": "tantbot", "text": "| Official Trailer: Freddy Got Fingered (2001)", "context": "Alcohol"}
{"ts": 1787107717.4373984, "user": "botto", "text": "| https://youtu.be/raLEbdAVYaM [2:20]", "context": "Alcohol"}
{"ts": 1787107764.5332117, "user": "tantbot", "text": "| SAUSAGES?", "context": "Alcohol"}
{"ts": 1787107771.2354834, "user": "tantbot", "text": "| DADDY WOULD YOU LIKE SOME SAUSAGE? DADDY WOULD YOU LIKE SOME SAUSAGES???", "context": "Alcohol"}
{"ts": 1787107797.1159022, "user": "the organium", "text": "gonna let this one go", "context": "+BlackMetal+"}
{"ts": 1787107952.8328686, "user": "tantbot", "text": "| ugh, you slid into my dms first, sweetheart, don't get it twisted. i was minding my business drowning in merlot and plotting my rise to fame when your pathetic little notification lit up my screen.", "context": "The Solar Lodge"}
{"ts": 1787107953.223444, "user": "botto", "text": "| demon? honey, i've been called worse by better. try again when you've got something original, or better yet, don't try again at all. i've got producers to seduce and enemies to ruin.", "context": "The Solar Lodge"}
{"ts": 1787107953.964231, "user": "tantbot", "text": "| now piss off before i screenshot this and make you my next villain arc. 💅🍷", "context": "The Solar Lodge"}
{"ts": 1787108059.1139305, "user": "rebirthoxide", "text": "np: Baerdcyn - The Forgotten Fae (Arcane Grimoire: Collected Works Vol. One)", "context": "! ! LGBTQ+ ! !"}
{"ts": 1787108135.2650256, "user": "Birex", "text": "está ouvindo: Patricia Marx - Espelho", "context": "Brasil"}
{"ts": 1787108260.4603806, "user": "rays", "text": "opens beer", "context": "+BlackMetal+"}
{"ts": 1787108347.6361954, "user": "tantbot", "text": "| U2 - Window In The Skies", "context": "Alcohol"}
{"ts": 1787108348.2752638, "user": "tantbot", "text": "| https://youtu.be/qXbWfq0JE9M [4:13]", "context": "Alcohol"}
{"ts": 1787108360.7736943, "user": "Birex", "text": "está ouvindo: Massive Attack - Unfinished Sympathy (Original)", "context": "Brasil"}
{"ts": 1787108364.57433, "user": "synTax", "text": "np: Woodanthorkh - Die Hütte am Kliff", "context": "+BlackMetal+"}
{"ts": 1787108672.6370366, "user": "Birex", "text": "está ouvindo: Gloryland - Power Of Love", "context": "Brasil"}
{"ts": 1787108952.3592756, "user": "Birex", "text": "está ouvindo: The Creator - Jack", "context": "Brasil"}
{"ts": 1787108989.7812734, "user": "rays", "text": "sips beer", "context": "+BlackMetal+"}
{"ts": 1787109235.1247191, "user": "Birex", "text": "está ouvindo: The Cure - Burn", "context": "Brasil"}
{"ts": 1787109403.5490696, "user": "tantbot", "text": "| \" gosh, i know, right? the universe can be such a total jerk sometimes. like, it just throws all this cosmic junk at us without even asking if we’re ready for it. i’m just tryin’ to live my life and make some sweet crafts, and the universe is out here messin’ everything up. so freakin’ annoying!\" -Deb", "context": "Alcohol"}
{"ts": 1787109430.7308424, "user": "tantbot", "text": "| quote added! 1889 quotes now in Alcohol", "context": "Alcohol"}
{"ts": 1787109627.2042153, "user": "Birex", "text": "está ouvindo: Laura Branigan - Solitaire", "context": "Brasil"}
{"ts": 1787109634.9325488, "user": "ARandomPenguin", "text": "I am currently listening to Curses by The Crane Wives, you should too!", "context": "! ! LGBTQ+ ! !"}
{"ts": 1787109703.0803049, "user": "tantbot", "text": "| quote added! 963 kip quotes now in Alcohol", "context": "Alcohol"}
{"ts": 1787109730.6004252, "user": "tantbot", "text": "| \"Love ya Ozzy\" -Durst", "context": "Alcohol"}
{"ts": 1787109872.4658637, "user": "Birex", "text": "está ouvindo: Toto - Africa", "context": "Brasil"}
{"ts": 1787109898.8908389, "user": "augmental", "text": "gets in his jet", "context": "+BlackMetal+"}
{"ts": 1787110167.3138745, "user": "Birex", "text": "está ouvindo: Activate - Save Me", "context": "Brasil"}
{"ts": 1787110380.3210707, "user": "Birex", "text": "está ouvindo: Jaydee - Music Is So Special", "context": "Brasil"}
{"ts": 1787110498.0920339, "user": "BeerNecessities", "text": "np: Witches Hammer - Thulsa Doom [Canadian Speed Metal] (3:02)", "context": "+BlackMetal+"}
{"ts": 1787110546.041031, "user": "augmental", "text": "ingests more steroids", "context": "+BlackMetal+"}
{"ts": 1787110560.9375095, "user": "augmental", "text": "throws table", "context": "+BlackMetal+"}
{"ts": 1787110570.0907428, "user": "augmental", "text": "is dead", "context": "+BlackMetal+"}
{"ts": 1787110579.2327292, "user": "Birex", "text": "está ouvindo: Rick Astley - My Arms Keep Missing You", "context": "Brasil"}
{"ts": 1787110769.5283883, "user": "Birex", "text": "está ouvindo: Calcinha Preta - Você Não Vale Nada", "context": "Brasil"}
{"ts": 1787110825.2536197, "user": "augmental", "text": "shakes head", "context": "+BlackMetal+"}
{"ts": 1787110848.7656515, "user": "ARandomPenguin", "text": "I am currently listening to Fisticuffs by Marah in the Mainsail, you should too!", "context": "nicotine"}
{"ts": 1787110929.6929555, "user": "tantbot", "text": "| *takes a long drag off a cigarette, ash falling onto stained silk robe*", "context": "The Solar Lodge"}
{"ts": 1787110930.373835, "user": "tantbot", "text": "| oh sweetie, you think you're the first pathetic little worm to crawl into my dms with that recycled garbage? please. i've had ex-husbands, casting directors, and my own mother tell me worse things before breakfast.", "context": "The Solar Lodge"}
{"ts": 1787110930.980714, "user": "tantbot", "text": "| \"no friends\"? honey, friends are just people who haven't stabbed you in the back yet. i don't need friends, i need followers. and i've got hundreds of thousands of those little bootlickers refreshing my feed at 3am waiting to see what i'll do next.", "context": "The Solar Lodge"}
{"ts": 1787110931.7187858, "user": "tantbot", "text": "| \"no life\"? this is the life. you're sitting there typing to a stranger while i'm halfway through a bottle of grey goose in a penthouse someone else is paying for. cry harder.", "context": "The Solar Lodge"}
{"ts": 1787110932.5138447, "user": "tantbot", "text": "| \"total isolation\"? baby, i isolate myself. on purpose. because everyone i've ever let close turned out to be a leech, a liar, or a loser just like you. i burned those bridges with a smile and a match.", "context": "The Solar Lodge"}
{"ts": 1787110933.2708292, "user": "tantbot", "text": "| i'll be on every screen you own by the end of the year. and you? you'll still be here. typing. watching. seething.", "context": "The Solar Lodge"}
{"ts": 1787110933.7824883, "user": "botto", "text": "| now run along before i screenshot this and turn you into my next viral moment. 💋", "context": "The Solar Lodge"}
{"ts": 1787110934.2573073, "user": "tantbot", "text": "| *pours another drink*", "context": "The Solar Lodge"}
{"ts": 1787110972.4611986, "user": "Birex", "text": "está ouvindo: Direct 2 Dance - Burning Up", "context": "Brasil"}
{"ts": 1787111234.7206936, "user": "Birex", "text": "está ouvindo: DJ Dado - X-Files", "context": "Brasil"}
{"ts": 1787111677.1533284, "user": "Birex", "text": "está ouvindo: Dana E - I Only Want To Be With You", "context": "Brasil"}
{"ts": 1787111833.0952792, "user": "PrackX01", "text": "kicks kex in the groin", "context": "+BlackMetal+"}
{"ts": 1787111900.51202, "user": "PrackX01", "text": "tries to figure out wich anime is kex watching", "context": "+BlackMetal+"}
{"ts": 1787111961.265086, "user": "krotka", "text": "* When You Hire the Wrong Hitman 🥶 #gaming #hitman #stealth | Viceroy | 00:00:35 | http://youtu.be/963204NYknU", "context": "#polska"}
{"ts": 1787112376.0361083, "user": "Birex", "text": "está ouvindo: 2 XL - Disciples Of The Beat (12'' Mix)", "context": "Brasil"}
{"ts": 1787112631.1360438, "user": "dami", "text": "sings howwwwwww's it gonna beeeeeee, when you don't know meeeeeee anymoreeeeeeeee", "context": "+BlackMetal+"}
{"ts": 1787112648.1620533, "user": "dami", "text": "coughs and sips ginger tea", "context": "+BlackMetal+"}
{"ts": 1787112698.2152607, "user": "PrackX01", "text": "rubbs the dogs butt", "context": "+BlackMetal+"}
{"ts": 1787112706.264286, "user": "Birex", "text": "está ouvindo: Newton - Do You Really Want To Hurt Me", "context": "Brasil"}
{"ts": 1787112918.3058758, "user": "rays", "text": "sips beer", "context": "+BlackMetal+"}
{"ts": 1787112925.0361102, "user": "the organium", "text": "wonders if rays is yelling this as he types it", "context": "+BlackMetal+"}
{"ts": 1787112941.4764144, "user": "Birex", "text": "está ouvindo: Jordy - Dur Dur D'être Bébé!", "context": "Brasil"}
{"ts": 1787113145.8730352, "user": "Birex", "text": "está ouvindo: Reel 2 Real Feat. Mad Stuntman - I Like To Move It", "context": "Brasil"}
{"ts": 1787113150.2532475, "user": "dami", "text": "googles flying squirrels", "context": "+BlackMetal+"}
{"ts": 1787113302.4218042, "user": "E5FDD609", "text": "gets out fire hose", "context": "indie"}
{"ts": 1787113373.8240395, "user": "Birex", "text": "está ouvindo: The Motels - Only The Lonely", "context": "Brasil"}
{"ts": 1787113565.410059, "user": "Birex", "text": "está ouvindo: Hithouse - Move Your Feet To The Rhythm Of The Beat (Peter Slaghuis Remix)", "context": "Brasil"}
{"ts": 1787113666.4219682, "user": "rays", "text": "lubes up his legs", "context": "+BlackMetal+"}
{"ts": 1787113678.5717788, "user": "the organium", "text": "trips ray", "context": "+BlackMetal+"}
{"ts": 1787113686.3174684, "user": "rays", "text": "slips cuz lube", "context": "+BlackMetal+"}
{"ts": 1787113694.6318467, "user": "BeerNecessities", "text": "burps", "context": "+BlackMetal+"}
{"ts": 1787113696.7885122, "user": "the organium", "text": "runs away to a safe distance", "context": "+BlackMetal+"}
{"ts": 1787113704.9458933, "user": "spir", "text": "slips, falls, sues", "context": "+BlackMetal+"}
{"ts": 1787113750.2426052, "user": "nomic", "text": "wonders if peggy is a popular yet ironic girls name in 2026", "context": "+BlackMetal+"}
{"ts": 1787113852.1050196, "user": "PrackX01", "text": "eats chinese food in silence", "context": "+BlackMetal+"}
{"ts": 1787113893.0864644, "user": "PrackX01", "text": "peggs scott in silence", "context": "+BlackMetal+"}
{"ts": 1787113934.1438708, "user": "Birex", "text": "está ouvindo: Ray Conniff - Too Young", "context": "Brasil"}
{"ts": 1787114038.791892, "user": "PrackX01", "text": "practices erotic asphyxiation with rays dog", "context": "+BlackMetal+"}
{"ts": 1787114048.1055834, "user": "Body Buzz", "text": "is sweating like he has a bomb strapped to his chest :3", "context": "/mu/"}
{"ts": 1787114067.1716983, "user": "spir", "text": "Cheers theme", "context": "+BlackMetal+"}
{"ts": 1787114091.2658753, "user": "Birex", "text": "está ouvindo: Space Master - I Need You (Master Mix)", "context": "Brasil"}
{"ts": 1787114101.3019454, "user": "rebirthoxide", "text": "np: Baerdcyn - Lavender Fields (And The Wind Keeps Time)", "context": "! ! LGBTQ+ ! !"}
{"ts": 1787114401.2386808, "user": "Birex", "text": "está ouvindo: Tina Turner - I Can't Stand The Rain", "context": "Brasil"}
{"ts": 1787114523.9755583, "user": "PrackX01", "text": "pets rays dog", "context": "+BlackMetal+"}
{"ts": 1787114544.9953105, "user": "PrackX01", "text": "then slits his troath", "context": "+BlackMetal+"}
{"ts": 1787114579.9431636, "user": ":=)", "text": "Q1. THE HUMAN BODY: Even on a thick-skinned individual, the thinnest skin covers these ?", "context": "+BlackMetal+"}
{"ts": 1787114580.0289166, "user": ":=)", "text": "Hint1: ****", "context": "+BlackMetal+"}
{"ts": 1787114615.0256634, "user": ":=)", "text": "Q2. Anatomy & Medical: An Interlocking Of Structures By Finger-like Processes, As When The Fingers Of The Two Hands Are Interposed?", "context": "+BlackMetal+"}
{"ts": 1787114615.15556, "user": ":=)", "text": "Hint1: *************", "context": "+BlackMetal+"}
{"ts": 1787114621.5969284, "user": "Birex", "text": "está ouvindo: 20 Fingers Feat. Gillette - Mr. Personality (Radio Mix)", "context": "Brasil"}
{"ts": 1787114629.9727113, "user": ":=)", "text": "Hint2: I**e**i*i*a*e", "context": "+BlackMetal+"}
{"ts": 1787114644.828332, "user": ":=)", "text": "Hint3: I**e**i*i*a*e", "context": "+BlackMetal+"}
{"ts": 1787114684.8253326, "user": ":=)", "text": "Q3. Which impresario, music manager and record producer has been involved with The Rolling Stones, The Yardbirds, Graham Gouldman, Godley and Creme, (later 10cc), Soft Machine, and Julie Driscoll, Brian Auger & The Trinity?", "context": "+BlackMetal+"}
{"ts": 1787114684.9516232, "user": ":=)", "text": "Hint1: ******* ********", "context": "+BlackMetal+"}
{"ts": 1787114699.8298337, "user": ":=)", "text": "Hint2: *io**io *o*e****", "context": "+BlackMetal+"}
{"ts": 1787114715.02698, "user": ":=)", "text": "Hint3: Gio**io Go*e****", "context": "+BlackMetal+"}
{"ts": 1787114754.7978802, "user": ":=)", "text": "Q4. TALL IN THE FAMILY: The okapi is a member of this tall animal's family (the only other member, in fact) ?", "context": "+BlackMetal+"}
{"ts": 1787114754.9475965, "user": ":=)", "text": "Hint1: * *******", "context": "+BlackMetal+"}
{"ts": 1787114784.1185937, "user": ":=)", "text": "Q5. What was the name of the British ocean liner sunk by a German U-boat in 1915, killing over 1100 people?", "context": "+BlackMetal+"}
{"ts": 1787114784.4275439, "user": ":=)", "text": "Hint1: *********", "context": "+BlackMetal+"}
{"ts": 1787114799.0654948, "user": ":=)", "text": "Hint2: L********", "context": "+BlackMetal+"}
{"ts": 1787114814.0317233, "user": ":=)", "text": "Hint3: LU*I*A*IA", "context": "+BlackMetal+"}
{"ts": 1787114829.4081123, "user": "Birex", "text": "está ouvindo: The KLF - Last Train To Trancentral (Extended Mix)", "context": "Brasil"}
{"ts": 1787114839.8152761, "user": ":=)", "text": "Q6. Who Next Charted In The UK With The Song \"Don't Cry For Me Argentina\" After Julie Covington?", "context": "+BlackMetal+"}
{"ts": 1787114839.9209008, "user": ":=)", "text": "Hint1: *** *******", "context": "+BlackMetal+"}
{"ts": 1787114855.4728808, "user": ":=)", "text": "Hint2: T** S******", "context": "+BlackMetal+"}
{"ts": 1787114870.1164606, "user": ":=)", "text": "Hint3: T*e S*a*o**", "context": "+BlackMetal+"}
{"ts": 1787114898.1647267, "user": ":=)", "text": "Q7. In the rhyme 'The Owl and the Pussycat' which animal performed the wedding?", "context": "+BlackMetal+"}
{"ts": 1787114898.4265335, "user": ":=)", "text": "Hint1: *** ******", "context": "+BlackMetal+"}
{"ts": 1787114913.0285225, "user": ":=)", "text": "Hint2: **e *u**e*", "context": "+BlackMetal+"}
{"ts": 1787114943.2019236, "user": ":=)", "text": "Q8. KAOS: List Some Crooners \"6 Answers!\"", "context": "+BlackMetal+"}
{"ts": 1787114943.347457, "user": ":=)", "text": "Hint1: **** ****** | ***** ******* | **** ******* | *** **** **** | **** ****** | ***** ***** **.", "context": "+BlackMetal+"}
{"ts": 1787114958.227558, "user": ":=)", "text": "Hint2: *ea* *a**i* | **a** *i*a**a | *o** *e**e** | *a* *i** *o*e | *i** **o*** | *a*** *a*i* **.", "context": "+BlackMetal+"}
{"ts": 1787114973.426843, "user": ":=)", "text": "Hint3: Dea* Ma**i* | F*a** Si*a**a | To** Be**e** | Na* Ki** Co*e | Bi** C*o*** | Sa*** Da*i* J*.", "context": "+BlackMetal+"}
{"ts": 1787115013.3257954, "user": ":=)", "text": "Q9. What Was Meant To Happen To Anyone Who Drank From The River Lethe?", "context": "+BlackMetal+"}
{"ts": 1787115013.5439177, "user": ":=)", "text": "Hint1: **** **** ***** ******", "context": "+BlackMetal+"}
{"ts": 1787115028.3222926, "user": ":=)", "text": "Hint2: **e* *o** **ei* *e*o**", "context": "+BlackMetal+"}
{"ts": 1787115043.446813, "user": ":=)", "text": "Hint3: T*e* Lo** T*ei* Me*o**", "context": "+BlackMetal+"}
{"ts": 1787115047.8758955, "user": "scrump_", "text": "is so sweet and ripe for plucking", "context": "/mu/"}
{"ts": 1787115075.1154375, "user": ":=)", "text": "Q10. What Is A Maine Coon Once Thought To Be Extinct?", "context": "+BlackMetal+"}
{"ts": 1787115075.2454429, "user": ":=)", "text": "Hint1: * ***", "context": "+BlackMetal+"}
{"ts": 1787115101.0939193, "user": ":=)", "text": "Q11. Music: 80's Tune: Performed By: Bob Seger And The Silver Bullet Band?", "context": "+BlackMetal+"}
{"ts": 1787115101.2287223, "user": ":=)", "text": "Hint1: ******* *** ****", "context": "+BlackMetal+"}
{"ts": 1787115115.9326863, "user": ":=)", "text": "Hint2: A****** T** W***", "context": "+BlackMetal+"}
{"ts": 1787115130.9384654, "user": ":=)", "text": "Hint3: A*ai*** T*e Wi**", "context": "+BlackMetal+"}
{"ts": 1787115161.2507443, "user": ":=)", "text": "Q12. What precious stone is a corundum with chromium traces, historically called carbuncle?", "context": "+BlackMetal+"}
{"ts": 1787115161.4054735, "user": ":=)", "text": "Hint1: ****", "context": "+BlackMetal+"}
{"ts": 1787115166.363564, "user": "Birex", "text": "está ouvindo: Gabrielle - Dreams (The Developed Arrested Mix)", "context": "Brasil"}
{"ts": 1787115190.8943858, "user": ":=)", "text": "Q13. PALINDROMIC WORDS: A deceitful, planned operation is this 5-letter type of \"job\" ?", "context": "+BlackMetal+"}
{"ts": 1787115191.0402482, "user": ":=)", "text": "Hint1: * ***-**", "context": "+BlackMetal+"}
{"ts": 1787115205.8295398, "user": ":=)", "text": "Hint2: a p**-**", "context": "+BlackMetal+"}
{"ts": 1787115220.7993505, "user": ":=)", "text": "Hint3: a pu*-u*", "context": "+BlackMetal+"}
{"ts": 1787115252.4874063, "user": ":=)", "text": "Q14. DAYS OF THE WEEK: The Romans called it \"Jupiter's Day\", but in English this weekday is named for a son of Odin ?", "context": "+BlackMetal+"}
{"ts": 1787115252.6045449, "user": ":=)", "text": "Hint1: ********", "context": "+BlackMetal+"}
{"ts": 1787115267.4122417, "user": ":=)", "text": "Hint2: **u***a*", "context": "+BlackMetal+"}
{"ts": 1787115299.2450676, "user": ":=)", "text": "Q15. Music: What Was The Title Of Anita Ward's Only UK Number One Single?", "context": "+BlackMetal+"}
{"ts": 1787115299.3971915, "user": ":=)", "text": "Hint1: **** ** ****", "context": "+BlackMetal+"}
{"ts": 1787115314.2066467, "user": ":=)", "text": "Hint2: Rin* ** ****", "context": "+BlackMetal+"}
{"ts": 1787115329.2555082, "user": ":=)", "text": "Hint3: Rin* ** *e**", "context": "+BlackMetal+"}
{"ts": 1787115355.8729084, "user": "the organium", "text": "transfers points to spir", "context": "+BlackMetal+"}
{"ts": 1787115366.7340372, "user": ":=)", "text": "Q16. Music: 1994: 'Take A Bow'?", "context": "+BlackMetal+"}
{"ts": 1787115366.8947334, "user": ":=)", "text": "Hint1: *******", "context": "+BlackMetal+"}
{"ts": 1787115403.6060681, "user": ":=)", "text": "Q17. Which Song Was Abba's Second UK Number One Hit?", "context": "+BlackMetal+"}
{"ts": 1787115403.7660196, "user": ":=)", "text": "Hint1: ***** ***", "context": "+BlackMetal+"}
{"ts": 1787115418.7065535, "user": ":=)", "text": "Hint2: Mam** ***", "context": "+BlackMetal+"}
{"ts": 1787115445.5232818, "user": ":=)", "text": "Q18. KAOS: Mash Characters \"10 Answers!\"", "context": "+BlackMetal+"}
{"ts": 1787115445.5758255, "user": ":=)", "text": "Hint1: ******* | ***** | ** | ******* | *** **** | ******* ****** | ******* | ***** | **** | **********", "context": "+BlackMetal+"}
{"ts": 1787115460.2663937, "user": ":=)", "text": "Hint2: **i**e* | *a*a* | ** | **a**e* | *o* *i** | *o*o*e* *o**e* | *a**e*e | **a** | I*o* | *i***e**e*", "context": "+BlackMetal+"}
{"ts": 1787115475.1998067, "user": ":=)", "text": "Hint3: K*i**e* | Ra*a* | B* | T*a**e* | Ho* Li** | Co*o*e* Po**e* | Ha**e*e | F*a** | I*o* | Wi***e**e*", "context": "+BlackMetal+"}
{"ts": 1787115515.2783935, "user": ":=)", "text": "Q19. History: Which Famous Battle Was Fought On St Crispin's Day?", "context": "+BlackMetal+"}
{"ts": 1787115515.3893685, "user": ":=)", "text": "Hint1: *********", "context": "+BlackMetal+"}
{"ts": 1787115530.2600858, "user": ":=)", "text": "Hint2: Agi******", "context": "+BlackMetal+"}
{"ts": 1787115549.36981, "user": "Birex", "text": "está ouvindo: Dollar - Who Were You With In The Moonlight", "context": "Brasil"}
{"ts": 1787115556.5605273, "user": ":=)", "text": "Q20. POP CULTURE PHYSICS: As Sheriff Hopper on \"Stranger Things\" he finds science can't explain everything like it did when he worked in physics on TV's \"Manhattan\" ?", "context": "+BlackMetal+"}
{"ts": 1787115556.67592, "user": ":=)", "text": "Hint1: ***** *******", "context": "+BlackMetal+"}
{"ts": 1787115571.7182434, "user": ":=)", "text": "Hint2: Dav** *******", "context": "+BlackMetal+"}
{"ts": 1787115586.6647756, "user": ":=)", "text": "Hint3: Davi* *a**ou*", "context": "+BlackMetal+"}
