{"ts": 1787007617.6168106, "user": "kex", "text": "RUBBER BULLIES by TROPICAL FUCK STORM | TFS Records | 06:02 | 263,855 views | 4,116 likes | Apr 11, 2018 | 311 comments", "context": "! ! LGBTQ+ ! !"}
{"ts": 1787007698.7066503, "user": "adxwkd", "text": "np: Crystal Castles - Magic Spells", "context": "adxwkd"}
{"ts": 1787007718.8671143, "user": "kex", "text": "20130308 190820 m (1) hosted at ImgBB — ImgBB - https://ibb.co/Q3mCYQjm", "context": "! ! LGBTQ+ ! !"}
{"ts": 1787007852.9979346, "user": "kex", "text": "Blue Christmas (film) - Wikipedia - https://en.wikipedia.org/wiki/Blue_Christmas_(film)", "context": "! ! LGBTQ+ ! !"}
{"ts": 1787007920.6697466, "user": "kex", "text": "Baby Rapper (1998) | Popperhilton | 32:01 | 4,064 views | 288 likes | May 06, 2025 | 52 comments", "context": "! ! LGBTQ+ ! !"}
{"ts": 1787009438.4960346, "user": "moonst0ne", "text": "is listening to Love to Me by Dimension", "context": "! ! LGBTQ+ ! !"}
{"ts": 1787009764.6836941, "user": "kiquja", "text": "is meowing to the tune of \"Reckless\" by \"Crystal Castles\" 𑙙^•⩊•^≼", "self": true, "context": "! ! LGBTQ+ ! !"}
{"ts": 1787012716.2039483, "user": "failgirl", "text": "is kitty", "context": "! ! LGBTQ+ ! !"}
{"ts": 1787013369.0171754, "user": "kiquja", "text": "is meowing to the tune of \"WHITE LINES (feat. Andre Troutman)\" by \"Kanye West\" 𑙙^•⩊•^≼", "self": true, "context": "! ! LGBTQ+ ! !"}
{"ts": 1787013512.4230576, "user": "kex", "text": "Katy Perry - E.T. ft. Kanye West (Official Music Video) | KatyPerryVEVO | 05:02 | 755,062,982 views | 4,405,141 likes | Mar 31, 2011 | 359,721 comments", "context": "! ! LGBTQ+ ! !"}
{"ts": 1787013567.8820567, "user": "kex", "text": "92a7419dfa9b90fcf197d42efc5a0d9c248dd6d3dbdc14b73eac2ec65d0f5033 - https://www.quaddicted.com/db/v2/maps/92a7419dfa9b90fcf197d42efc5a0d9c248dd6d3dbdc14b73eac2ec65d0f5033", "context": "! ! LGBTQ+ ! !"}
{"ts": 1787014181.614335, "user": "kex", "text": "Drippin So Pretty - Another Cup (ft. Lil Peep) music video | Prod.Thraxveins | 02:38 | 239,525 views | 5,763 likes | Dec 15, 2019 | 218 comments", "context": "! ! LGBTQ+ ! !"}
{"ts": 1787014244.2097287, "user": "rebirthoxide", "text": "np: Twin Tribes - Another Life (Pendulum)", "context": "! ! LGBTQ+ ! !"}
{"ts": 1787014540.3280845, "user": "kex", "text": "LAZER DIM 700 - Sighborg (Offical Music Video) | LAZER DIM 700 | 02:04 | 66,469 views | 4,307 likes | Jul 08, 2026 | 342 comments", "context": "! ! LGBTQ+ ! !"}
{"ts": 1787015226.9419734, "user": "ccookkiiee", "text": "is listening to This is Lorelei - Perfect Hand", "context": "! ! LGBTQ+ ! !"}
{"ts": 1787015749.7279158, "user": "kex", "text": "Verifying your browserâ¦ - https://xcancel.com/MarioNawfal/status/2088816072019337500", "context": "! ! LGBTQ+ ! !"}
{"ts": 1787015960.870481, "user": "fen", "text": "np: Aphex Twin - Vordhosbn", "context": "! ! LGBTQ+ ! !"}
{"ts": 1787015972.8570793, "user": "kex", "text": "Night Lovell - Fraud | Night Lovell | 04:05 | 2,675,619 views | 52,279 likes | Nov 16, 2015 | 1,523 comments", "context": "! ! LGBTQ+ ! !"}
{"ts": 1787016184.4904728, "user": "kex", "text": "Who's the Boss? (Theme song remix) | Jae Enceeti | 02:15 | 12,586 views | 162 likes | Apr 20, 2014 | 31 comments", "context": "! ! LGBTQ+ ! !"}
{"ts": 1787016242.9947052, "user": "kex", "text": "Side Walk When She Walks | Alexisonfire - Topic | 04:23 | 764,916 views | 6,512 likes | May 24, 2017 | 106 comments", "context": "! ! LGBTQ+ ! !"}
{"ts": 1787016567.3097498, "user": "kex", "text": "ForDireLifeSake live November 9th 2002 Hifi, Cleveland, OH | nicks2319 | 30:09 | 725 views | 33 likes | Aug 27, 2020 | 2 comments", "context": "! ! LGBTQ+ ! !"}
