{"ts": 1787020576.061727, "user": ":=)", "text": "Q6. CELEBRATIONS OF THE MONTH: Moon Day & Stay Out of the Sun Day ?", "context": "+BlackMetal+"}
{"ts": 1787020576.1641803, "user": ":=)", "text": "Hint1: ****", "context": "+BlackMetal+"}
{"ts": 1787020603.544722, "user": ":=)", "text": "Q7. When A Boy Wishes To Be Big At A Magic Wish Machine, He Wakes Up The Next Morning And Finds Himself In An Adult Body Literally Overnight?", "context": "+BlackMetal+"}
{"ts": 1787020603.5472336, "user": ":=)", "text": "Hint1: ***", "context": "+BlackMetal+"}
{"ts": 1787020606.2331467, "user": "kex", "text": "Townes Van Zandt - Waiting Around to Die (Official Audio) | Townes Van Zandt | 02:46 | 927,152 views | 13,781 likes | May 19, 2020 | 561 comments", "context": "+BlackMetal+"}
{"ts": 1787020635.347552, "user": ":=)", "text": "Q8. KAOS: Specific Polygons \"10 Answers!\"", "context": "+BlackMetal+"}
{"ts": 1787020635.4476058, "user": ":=)", "text": "Hint1: ******** | ************* | ******** | ******* | ******** | ******* | ******* | ******* | ********** | *********", "context": "+BlackMetal+"}
{"ts": 1787020650.24043, "user": ":=)", "text": "Hint2: **ia***e | *ua**i*a*e*a* | *e**a*o* | *e*a*o* | *e**a*o* | O**a*o* | *o*a*o* | *e*a*o* | *e**e*a*o* | *o*e*a*o*", "context": "+BlackMetal+"}
{"ts": 1787020665.5285556, "user": ":=)", "text": "Hint3: T*ia***e | Qua**i*a*e*a* | Pe**a*o* | He*a*o* | He**a*o* | O**a*o* | No*a*o* | De*a*o* | He**e*a*o* | Do*e*a*o*", "context": "+BlackMetal+"}
{"ts": 1787020705.2132661, "user": ":=)", "text": "Q9. GRAMMY-WINNING COMEDY ALBUMS: 1999: Nobody hates his \"Bigger and Blacker\" ?", "context": "+BlackMetal+"}
{"ts": 1787020705.3177204, "user": ":=)", "text": "Hint1: ***** ****", "context": "+BlackMetal+"}
{"ts": 1787020732.7191753, "user": ":=)", "text": "Q10. Who Was The Number Three Us Advertising Company In 1987?", "context": "+BlackMetal+"}
{"ts": 1787020732.7211766, "user": ":=)", "text": "Hint1: ******* ******", "context": "+BlackMetal+"}
{"ts": 1787020742.057612, "user": "tantbot", "text": "| [machine dream maker] i wann flyyyyyyyyyy away yeeeeeeeeee yeeeeeeeeee yeeeeeeeeeeee", "context": "Alcohol"}
{"ts": 1787020747.6021795, "user": ":=)", "text": "Hint2: G****** M*****", "context": "+BlackMetal+"}
{"ts": 1787020776.042065, "user": ":=)", "text": "Q11. Who will captain the European team in the 2010 Ryder Cup?", "context": "+BlackMetal+"}
{"ts": 1787020776.1463397, "user": ":=)", "text": "Hint1: ***** **********", "context": "+BlackMetal+"}
{"ts": 1787020791.465003, "user": ":=)", "text": "Hint2: Col** **********", "context": "+BlackMetal+"}
{"ts": 1787020806.2709074, "user": ":=)", "text": "Hint3: Coli* *o***o*e**", "context": "+BlackMetal+"}
{"ts": 1787020843.8058481, "user": ":=)", "text": "Q12. What is the main meat ingredient of faggots?", "context": "+BlackMetal+"}
{"ts": 1787020843.8088348, "user": ":=)", "text": "Hint1: *****", "context": "+BlackMetal+"}
{"ts": 1787020866.3078034, "user": "kex", "text": "Trump Issues Executive Order Reducing Childhood Vaccinations | Democracy Now! - https://www.democracynow.org/2026/8/11/headlines/trump_issues_executive_order_reducing_childhood_vaccinations", "context": "indie"}
{"ts": 1787020871.3685498, "user": "Birex", "text": "está ouvindo: Bryan Adams - Have You Ever Really Loved A Woman", "context": "Brasil"}
{"ts": 1787020875.3159623, "user": ":=)", "text": "Q13. In medicine, what name is given to treatment given to relieve the symptoms rather than cure the disease?", "context": "+BlackMetal+"}
{"ts": 1787020875.4177766, "user": ":=)", "text": "Hint1: **********", "context": "+BlackMetal+"}
{"ts": 1787020907.469906, "user": ":=)", "text": "Q14. History: What comes before 'Crow' in the name of US laws enforcing racial segregation?", "context": "+BlackMetal+"}
{"ts": 1787020907.609846, "user": ":=)", "text": "Hint1: ***", "context": "+BlackMetal+"}
{"ts": 1787020935.491047, "user": ":=)", "text": "Q15. Roman Numerals: What is LXVI plus XXXIV ?", "context": "+BlackMetal+"}
{"ts": 1787020935.5985718, "user": ":=)", "text": "Hint1: *", "context": "+BlackMetal+"}
{"ts": 1787020967.3406837, "user": ":=)", "text": "Q16. On a standard roulette wheel which numbers appear on the black?", "context": "+BlackMetal+"}
{"ts": 1787020967.449134, "user": ":=)", "text": "Hint1: **** *******", "context": "+BlackMetal+"}
{"ts": 1787021001.4160526, "user": ":=)", "text": "Q17. Pseudonyms: Actress La Tahn Renee Welch Better Known As?", "context": "+BlackMetal+"}
{"ts": 1787021001.5252173, "user": ":=)", "text": "Hint1: ****** *****", "context": "+BlackMetal+"}
{"ts": 1787021016.4711359, "user": ":=)", "text": "Hint2: Tah*** *****", "context": "+BlackMetal+"}
{"ts": 1787021031.4352827, "user": ":=)", "text": "Hint3: Tah*ee *e***", "context": "+BlackMetal+"}
{"ts": 1787021056.921159, "user": ":=)", "text": "Q18. KAOS: Countries that border Rwanda \"4 Answers!\"", "context": "+BlackMetal+"}
{"ts": 1787021057.134201, "user": ":=)", "text": "Hint1: ******* | ********** ******** ** *** ***** | ******** | ******", "context": "+BlackMetal+"}
{"ts": 1787021162.2178798, "user": "Birex", "text": "está ouvindo: RPM - Alvorada Voraz", "context": "Brasil"}
{"ts": 1787021261.4365573, "user": "tantbot", "text": "| chapman (astral projecting, smirking): yeah, that's right, lennon. a hero. i freed the world from your phony baloney, your so-called peace and love that was nothing but a mask for your own ego. look at you now, groveling in hell, the truth laid bare.", "context": "Alcohol"}
{"ts": 1787021300.2120602, "user": "kex", "text": "Art Fact - Rain In The South (Francesco Farfa & Hamsa remix) [MUSEK03] | trommel | 07:12 | 349,534 views | 7,524 likes | Feb 27, 2025 | 148 comments", "context": "#La France"}
{"ts": 1787021358.9693465, "user": "kex", "text": "The Hollies - Long Cool Woman (In A Black Dress) - 1972 | Polydor 1000 | 03:15 | 2,117,391 views | 31,075 likes | Nov 30, 2021 | 1,490 comments", "context": "+BlackMetal+"}
{"ts": 1787021383.3792703, "user": "Birex", "text": "está ouvindo: Pinnacle - The Chase", "context": "Brasil"}
{"ts": 1787021413.4761548, "user": "tantbot", "text": "| Congraulations on Your Decision to Become a Pilot", "context": "The Solar Lodge"}
{"ts": 1787021423.225214, "user": "kex", "text": "The KKK Took My Baby Away (1999 Remaster) | Ramones - Topic | 02:31 | 6,246,984 views | 56,374 likes | Nov 20, 2014 | 513 comments", "context": "+BlackMetal+"}
{"ts": 1787021437.0570061, "user": "tantbot", "text": "| 2026 really??? that must suck!", "context": "Alcohol"}
{"ts": 1787021443.0175483, "user": "tantbot", "text": "| its ok kip! these times suck more than yourself hahahahaha!", "context": "Alcohol"}
{"ts": 1787021452.1076488, "user": "kex", "text": "Xian (Taoism) - Wikipedia - https://en.wikipedia.org/wiki/Xian_(Taoism)", "context": "indie"}
{"ts": 1787021478.6864219, "user": "tantbot", "text": "| its TIGHT n its going NOWHERE", "context": "Alcohol"}
{"ts": 1787021501.529877, "user": "kex", "text": "Kalpa Sūtra - Wikipedia - https://en.wikipedia.org/wiki/Kalpa_S%C5%ABtra", "context": "indie"}
{"ts": 1787021511.551931, "user": "kex", "text": "Snip - freesnippingtool.com_capture_20260818035127.png | ImgHostr - https://imghostr.com/4ff5ca_1g0", "context": "+BlackMetal+"}
{"ts": 1787021565.5936408, "user": "EggShen", "text": "plays the worlds biggest violin", "context": "+BlackMetal+"}
{"ts": 1787021581.0186112, "user": "celling bird", "text": "chirp", "context": "/mu/"}
{"ts": 1787021589.5458047, "user": "kex", "text": "Superhero - Wikipedia - https://en.wikipedia.org/wiki/Superhero", "context": "indie"}
{"ts": 1787021620.3990939, "user": "kex", "text": "Vampire - Wikipedia - https://en.wikipedia.org/wiki/Vampire", "context": "indie"}
{"ts": 1787021626.9872015, "user": "kex", "text": "Vampire - Wikipedia - https://en.wikipedia.org/wiki/Vampire", "context": "+BlackMetal+"}
{"ts": 1787021629.0658634, "user": "Birex", "text": "está ouvindo: Mr. Lee - Pump That Body (Club Mix)", "context": "Brasil"}
{"ts": 1787021675.2256744, "user": "kex", "text": "Nicotine+ Theme Plugin - Album on Imgur - https://imgur.com/a/nicotine-theme-plugin-lGUNR7X", "context": "! ! LGBTQ+ ! !"}
{"ts": 1787021711.1754708, "user": "kex", "text": "Trump Issues Executive Order Reducing Childhood Vaccinations | Democracy Now! - https://www.democracynow.org/2026/8/11/headlines/trump_issues_executive_order_reducing_childhood_vaccinations", "context": "indie"}
{"ts": 1787021760.6548705, "user": "kex", "text": "Decapitation - Wikipedia - https://en.wikipedia.org/wiki/Decapitation", "context": "+BlackMetal+"}
{"ts": 1787021994.9002483, "user": "kex", "text": "The Substance - Official Clip - Pump It Up With Sue | Madman Films | 01:11 | 3,367,805 views | 37,602 likes | Oct 01, 2024 | 936 comments", "context": "indie"}
{"ts": 1787022182.231207, "user": "kex", "text": "Uncut Material | GZA - Topic | 02:59 | 26,029 views | 465 likes | Aug 15, 2018 | 7 comments", "context": "indie"}
