{"ts": 1787223353.5781276, "user": "kiquja", "text": "is meowing to the tune of \"End\" by \"Frank Ocean\" 𑙙^•⩊•^≼", "self": true, "context": "! ! LGBTQ+ ! !"}
{"ts": 1787223354.7256448, "user": ":=)", "text": "Hint2: t** R******** l*******", "context": "+BlackMetal+"}
{"ts": 1787223370.9332974, "user": ":=)", "text": "Hint3: t*e Ri*o*e**o li**e**o", "context": "+BlackMetal+"}
{"ts": 1787223409.5678072, "user": "*_Ratboy_*", "text": "goes to find out who's tanker it is", "context": "+BlackMetal+"}
{"ts": 1787223409.677381, "user": ":=)", "text": "Q35. Music: Which Band Sang With The Comedians 'Baddiel And Skinner' On The Song 'Three Lions' In 1998?", "context": "+BlackMetal+"}
{"ts": 1787223409.8049934, "user": ":=)", "text": "Hint1: *** ********* *****", "context": "+BlackMetal+"}
{"ts": 1787223424.8699527, "user": ":=)", "text": "Hint2: **e *i****i** *ee**", "context": "+BlackMetal+"}
{"ts": 1787223460.2473729, "user": ":=)", "text": "Q36. Greatest Rock Songs: 50 ____ - In Da Club", "context": "+BlackMetal+"}
{"ts": 1787223460.3492956, "user": ":=)", "text": "Hint1: ****", "context": "+BlackMetal+"}
{"ts": 1787223487.7446601, "user": ":=)", "text": "Q37. TAKE IT \"EZ\": This African river plunges over Victoria Falls ?", "context": "+BlackMetal+"}
{"ts": 1787223487.851765, "user": ":=)", "text": "Hint1: *** *******", "context": "+BlackMetal+"}
{"ts": 1787223521.4132643, "user": ":=)", "text": "Q38. KAOS: Animals With Gestation Periods Under Six Months \"10 Answers!\"", "context": "+BlackMetal+"}
{"ts": 1787223521.521088, "user": ":=)", "text": "Hint1: ******* | ********* | ****** *** | ******* | ******** | **** | ***** | ****** | ****** | ********", "context": "+BlackMetal+"}
{"ts": 1787223536.509235, "user": ":=)", "text": "Hint2: Ch***** | Gro****** | Gui*** *** | Ha***** | Kan***** | L*** | Mo*** | Pi**** | Ra**** | Squ*****", "context": "+BlackMetal+"}
{"ts": 1787223551.7026012, "user": ":=)", "text": "Hint3: Chi**e* | Grou***o* | Gui*ea *i* | Ha***e* | Kan*a*oo | Lio* | Mou*e | Pi*eo* | Ra**i* | Squi**e*", "context": "+BlackMetal+"}
{"ts": 1787223564.1531367, "user": "Birex", "text": "está ouvindo: Tiga - You Gonna Want Me", "context": "Brasil"}
{"ts": 1787223589.0982778, "user": ":=)", "text": "Q39. How many gifts would you have if you received all the gifts from the song \"The Twelve Days of Christmas\"?", "context": "+BlackMetal+"}
{"ts": 1787223589.2052507, "user": ":=)", "text": "Hint1: ***", "context": "+BlackMetal+"}
{"ts": 1787223604.6025546, "user": ":=)", "text": "Hint2: 36*", "context": "+BlackMetal+"}
{"ts": 1787223637.7977407, "user": ":=)", "text": "Q40. GEOGRAPHY: China is planting a new forest to stop this desert's southward expansion ?", "context": "+BlackMetal+"}
{"ts": 1787223637.8103483, "user": ":=)", "text": "Hint1: *** **** ******", "context": "+BlackMetal+"}
{"ts": 1787223653.8550885, "user": "its kex!", "text": "ORIGINAL LICKER GYM FLEX hosted at ImgBB — ImgBB - https://ibb.co/4Z6t9pKn", "context": "indie"}
{"ts": 1787223666.5675466, "user": ":=)", "text": "Q41. Blockbusters: What \"A\" Comes Before Deacon, Duchess And Angel?", "context": "+BlackMetal+"}
{"ts": 1787223666.6765876, "user": ":=)", "text": "Hint1: ****", "context": "+BlackMetal+"}
{"ts": 1787223774.6905475, "user": "heres the new trivia!", "text": "ORIGINAL LICKER GYM FLEX hosted at ImgBB — ImgBB - https://ibb.co/4Z6t9pKn", "context": "indie"}
{"ts": 1787223781.101372, "user": "Birex", "text": "está ouvindo: Jamie Cullum - Our Day Will Come", "context": "Brasil"}
{"ts": 1787223826.2576587, "user": "heres the new trivia!", "text": "Tellement hâte d'être démoniaque | Une vraie gothique - Topic | 04:06 | 230 views | 2 likes | Mar 25, 2026 | 0 comment", "context": "#La France"}
{"ts": 1787223855.93842, "user": "heres the new trivia!", "text": "ORIGINAL LICKER GYM FLEX hosted at ImgBB — ImgBB - https://ibb.co/4Z6t9pKn", "context": "+BlackMetal+"}
{"ts": 1787223965.7742598, "user": "phun", "text": "denkt dat ze vergeten zijn 8er een steiger voor as maandag te bouwen", "context": "Radio ZOZ"}
{"ts": 1787224015.6391356, "user": "Birex", "text": "está ouvindo: Jesse Green - Nice And Slow", "context": "Brasil"}
{"ts": 1787224126.635883, "user": "Scathing", "text": "puts mic boom in faggot liars face", "context": "+BlackMetal+"}
{"ts": 1787224198.437404, "user": "Birex", "text": "está ouvindo: Not Real Presence - Chiki Chika", "context": "Brasil"}
{"ts": 1787224421.1410856, "user": "Lemurian", "text": "is a lemurian monkey", "context": "/mu/"}
{"ts": 1787224461.45536, "user": "Birex", "text": "está ouvindo: Jennifer Paige - Crush", "context": "Brasil"}
{"ts": 1787224660.6007133, "user": "Birex", "text": "está ouvindo: Altern 8 - Move My Body", "context": "Brasil"}
{"ts": 1787224856.3130934, "user": "hey everyone (kex)", "text": "ORIGINAL LICKER GYM FLEX hosted at ImgBB — ImgBB - https://ibb.co/4Z6t9pKn", "context": "+BlackMetal+"}
{"ts": 1787224936.16322, "user": "augmental", "text": "blows whistle", "context": "+BlackMetal+"}
{"ts": 1787224954.8754883, "user": "Birex", "text": "está ouvindo: Voyage - Let's Fly Away", "context": "Brasil"}
{"ts": 1787225029.5506897, "user": "BlackRadio", "text": "np : Warlock - Sign of Satan", "context": "+BlackMetal+"}
{"ts": 1787225250.7254236, "user": "Birex", "text": "está ouvindo: DJ BoBo - Love Of My Life", "context": "Brasil"}
{"ts": 1787225507.5289838, "user": "E5FDD609", "text": "plays air guitar", "context": "indie"}
{"ts": 1787225529.3121147, "user": "Birex", "text": "está ouvindo: Larissa Manoela - Beijo, Beijinho, Beijão", "context": "Brasil"}
{"ts": 1787225721.5415978, "user": "Birex", "text": "está ouvindo: 1-800-Dis-N-Dat - Punany (Euro Mix)", "context": "Brasil"}
