{"ts": 1787017270.3502452, "user": "augmental", "text": "snip snaps", "context": "+BlackMetal+"}
{"ts": 1787017275.422699, "user": "KwAzYaZzKwAcKa", "text": "*   ‼️ 𝗟𝗘𝗠𝗘 𝗦𝗘𝗘 𝗬𝗢𝗨 𝗙𝗟𝗜𝗖𝗞 𝗗𝗔𝗧 𝗕𝗢𝗢𝗚𝗔 ‼️", "context": "+BlackMetal+"}
{"ts": 1787017303.7758594, "user": "Birex", "text": "está ouvindo: Dune - Can't Stop Raving", "context": "Brasil"}
{"ts": 1787017459.6613607, "user": "fuzzzz", "text": "chugs", "context": "+BlackMetal+"}
{"ts": 1787017515.5632684, "user": "Birex", "text": "está ouvindo: Red Garden - In The Name Of Love", "context": "Brasil"}
{"ts": 1787017570.5928938, "user": "scrump_", "text": "has a sore arse", "context": "/mu/"}
{"ts": 1787017592.3072863, "user": "kex", "text": "Wu-Tang Clan - Wu-Tang Clan Ain't Nuthing Ta F' Wit (Official HD Video) | WuTangClanVEVO | 03:09 | 11,113,845 views | 95,161 likes | Feb 25, 2013 | 2,651 comments", "context": "+BlackMetal+"}
{"ts": 1787017609.9019704, "user": "kex", "text": "Àbáse & friends - Joint 17 (Yussef Kamaal) | Àbáse | 13:08 | 47,853 views | 1,093 likes | Dec 27, 2017 | 55 comments", "context": "#La France"}
{"ts": 1787017629.341248, "user": "celling bird", "text": "chirp", "context": "/mu/"}
{"ts": 1787017679.079287, "user": "kex", "text": "Wu Tang Cribs | dgvenomfootage | 08:13 | 132,086 views | 1,458 likes | Sep 16, 2009 | 224 comments", "context": "+BlackMetal+"}
{"ts": 1787017869.4936495, "user": "kex", "text": "Stream wik music | Listen to songs, albums, playlists for free on SoundCloud - https://soundcloud.com/sharkmedia", "context": "! ! LGBTQ+ ! !"}
{"ts": 1787017902.241915, "user": "kex", "text": "Wu-Tang Clan Ain't Nuthing ta F' Wit (Official Audio) | WuTangClanVEVO | 03:38 | 660,177 views | 7,884 likes | Nov 03, 2023 | 355 comments", "context": "indie"}
{"ts": 1787017916.7337413, "user": "Licker", "text": "sharpens his axe", "context": "/mu/"}
{"ts": 1787017940.3915622, "user": "Birex", "text": "está ouvindo: 2 Unlimited - Get Ready For This", "context": "Brasil"}
{"ts": 1787017996.4190335, "user": "kex", "text": "Nine Inch Nails - Closer (Director's Cut) | NineInchNailsVEVO | 04:42 | 49,694,979 views | 634,586 likes | Jun 16, 2009 | 28,563 comments", "context": "+BlackMetal+"}
{"ts": 1787018163.3800924, "user": "Birex", "text": "está ouvindo: João Mineiro & Marciano - Vestido De Seda", "context": "Brasil"}
{"ts": 1787018193.1124635, "user": "Licker", "text": "np Dope Sensation - All In My Head (Dub 1)", "context": "+BlackMetal+"}
{"ts": 1787018229.6953652, "user": "augmental", "text": "shakes head", "context": "+BlackMetal+"}
{"ts": 1787018253.459539, "user": "kex", "text": "Douglas Macgregor: To All Americans | We Are Stuck in Hell! | Geopolitics Neighborhood | 09:09 | 9,974 views | 600 likes | Aug 17, 2026 | 120 comments", "context": "+BlackMetal+"}
{"ts": 1787018319.6565886, "user": "Birex", "text": "está ouvindo: LAN - Get Into My Life (Club Mix)", "context": "Brasil"}
{"ts": 1787018384.8630588, "user": "kex", "text": "Duffy - Mercy | DuffyVEVO | 03:30 | 114,970,770 views | 548,036 likes | Jun 26, 2009 | 0 comment", "context": "+BlackMetal+"}
{"ts": 1787018406.198032, "user": "kex", "text": "emo taylor swift hosted at ImgBB — ImgBB - http://ibb.co/tpjPF9Cd", "context": "! ! LGBTQ+ ! !"}
{"ts": 1787018489.0295475, "user": "kex", "text": "Minnie Riperton- Inside My Love | Poetical Tv | 04:43 | 10,774,292 views | 123,904 likes | Nov 30, 2009 | 8,345 comments", "context": "#La France"}
{"ts": 1787018557.0726378, "user": "kex", "text": "ts galore mag hosted at ImgBB — ImgBB - http://ibb.co/xqj9SdPJ", "context": "! ! LGBTQ+ ! !"}
{"ts": 1787018633.8533497, "user": "Birex", "text": "está ouvindo: Intermission Feat. Valerie Scott - Piece Of My Heart (Club Mix)", "context": "Brasil"}
{"ts": 1787018677.6795142, "user": "gooby007", "text": "shares cum with fen", "context": "! ! ! cum eaters ! ! !"}
{"ts": 1787018689.4750009, "user": "kex", "text": "Minnie Riperton- Inside My Love | Poetical Tv | 04:43 | 10,774,292 views | 123,904 likes | Nov 30, 2009 | 8,345 comments", "context": "#La France"}
{"ts": 1787018725.142249, "user": "kex", "text": "I Survived 18 Hours on the Trans-Siberian Train 🇷🇺 | Hidden Russia  | 36:34 | 40,660 views | 3,310 likes | Aug 14, 2026 | 497 comments", "context": "+BlackMetal+"}
{"ts": 1787018762.4223933, "user": "celling bird", "text": "chirp", "context": "/mu/"}
{"ts": 1787018794.580587, "user": "kex", "text": "The Revillos - Where's The Boy For Me? | devilinthenewman | 02:11 | 39,871 views | 492 likes | Mar 15, 2014 | 42 comments", "context": "+BlackMetal+"}
{"ts": 1787018801.7630448, "user": "kex", "text": "Une espèce à part (intégrale) | ARTE | ARTE | 31:37 | 13,781,646 views | 241,736 likes | Jun 29, 2019 | 15,221 comments", "context": "#La France"}
{"ts": 1787018814.0782192, "user": "kex", "text": "Serge Gainsbourg - Aux armes et cætera - 1 Javanaise remake | INTEGRALE MUSIC | 03:08 | 394,797 views | 1,545 likes | May 03, 2017 | 41 comments", "context": "#La France"}
{"ts": 1787018860.4592354, "user": "kex", "text": "Une espèce à part (intégrale) | ARTE | ARTE | 31:37 | 13,781,646 views | 241,736 likes | Jun 29, 2019 | 15,221 comments", "context": "#La France"}
{"ts": 1787018881.7646542, "user": "rebirthoxide", "text": "np: Twin Tribes - Monolith (Pendulum)", "context": "! ! LGBTQ+ ! !"}
{"ts": 1787018924.9128876, "user": "kex", "text": "Dub City | DELACOUR - Topic | 03:49 | 155,316 views | 2,711 likes | Dec 12, 2024 | 3 comments", "context": "! ! LGBTQ+ ! !"}
{"ts": 1787018931.3048565, "user": "Licker", "text": "rolls eyes", "context": "/mu/"}
{"ts": 1787018931.5169482, "user": "kex", "text": "Une espèce à part (intégrale) | ARTE | ARTE | 31:37 | 13,781,646 views | 241,736 likes | Jun 29, 2019 | 15,221 comments", "context": "#La France"}
{"ts": 1787019085.4539707, "user": "kex", "text": "The Rezillos ~ I Love My Baby Cos She Does Good Sculptures 1978 (OGWT) | ArtNoyze | 03:08 | 39,678 views | 597 likes | Jul 01, 2013 | 41 comments", "context": "+BlackMetal+"}
{"ts": 1787019090.5026758, "user": "tantbot", "text": "| current mood: motor mouth nigga talks in ebonics will randomly holler AAAAAAAAAAAAAAAA and HNNNNNNNNG", "context": "The Solar Lodge"}
{"ts": 1787019091.408774, "user": "tantbot", "text": "| Congraulations on Your Decision to Become a Pilot", "context": "The Solar Lodge"}
{"ts": 1787019092.054825, "user": "tantbot", "text": "| sex is overated now all is a orgy butchery everybodys in underwear all the porn n shit orgy vampire ,,,,,,,,,,,so i decided im keepin it real with the booze,,,,,,,,screw sex,,,,,,,kip", "context": "Alcohol"}
{"ts": 1787019092.611425, "user": "tantbot", "text": "| Gaze upon the flagitious attributes of the arena champion:", "context": "Alcohol"}
{"ts": 1787019093.5269988, "user": "tantbot", "text": "| MIME", "context": "Alcohol"}
{"ts": 1787019094.2089717, "user": "tantbot", "text": "| - can become mist while holding breath", "context": "Alcohol"}
{"ts": 1787019094.6233523, "user": "tantbot", "text": "| - is a hoarder", "context": "Alcohol"}
{"ts": 1787019114.4087567, "user": "botto", "text": "| [Fun With Opera for =1200=] A town called Roulettenburg is the setting for \"The Gambler\" by this \"Peter and the Wolf\" composer", "context": "trivia"}
{"ts": 1787019134.9024878, "user": "tantbot", "text": "| guy name has to be lowercase letters/numbers/underscore and end in guy", "context": "test"}
{"ts": 1787019159.1841238, "user": "tantbot", "text": "| one last great ad-ven-ture...REGARDING PURGATORIES", "context": "The Solar Lodge"}
{"ts": 1787019229.9404025, "user": "Birex", "text": "está ouvindo: Julio Iglesias - Pelo Amor De Uma Mulher", "context": "Brasil"}
{"ts": 1787019232.8117168, "user": "botto", "text": "| [People Who Mattered for 2000] On April 5, 1841 Fletcher Webster, chief clerk of the state Dept., told this nightshirt-clad man, you're now president", "context": "trivia"}
{"ts": 1787019237.307117, "user": "tantbot", "text": "| hi marsellus, you've got mail!", "context": "Alcohol"}
{"ts": 1787019238.2157316, "user": "tantbot", "text": "| from wintergreenlongcut: every wish u could go back?", "context": "Alcohol"}
{"ts": 1787019253.3984258, "user": "tantbot", "text": "| it goes !newguy {guy_name} {style prompt}", "context": "test"}
{"ts": 1787019265.92652, "user": "kex", "text": "TYPICAL Russian Neighbourhood 🇷🇺 | Hidden Russia  | 18:24 | 25,316 views | 1,896 likes | Jul 19, 2025 | 317 comments", "context": "+BlackMetal+"}
{"ts": 1787019324.3326018, "user": "botto", "text": "| [In Courage for =3000=] It's just \"I\" in Latin", "context": "trivia"}
{"ts": 1787019325.0403109, "user": "tantbot", "text": "| motormouth saved", "context": "test"}
{"ts": 1787019371.2193742, "user": "BeerNecessities", "text": "burps", "context": "+BlackMetal+"}
{"ts": 1787019385.0823448, "user": "kex", "text": "World Party - Way Down Now | WorldPartyOfficial | 03:48 | 686,975 views | 5,804 likes | Aug 09, 2012 | 538 comments", "context": "+BlackMetal+"}
{"ts": 1787019459.900151, "user": "Birex", "text": "está ouvindo: Paul Carrack - How Long", "context": "Brasil"}
{"ts": 1787019464.0218077, "user": "rebirthoxide", "text": "np: Twin Tribes - Cauldron of Thorns (Pendulum)", "context": "! ! LGBTQ+ ! !"}
{"ts": 1787019477.1347558, "user": "Licker", "text": "scratches his balls", "context": "/mu/"}
{"ts": 1787019586.4533567, "user": "kex", "text": "RAMZPAUL Live! Marjorie Taylor Greene Claims Trump might use nukes! | ramzpaul | 00:00 | 243 views | 27 likes | Aug 17, 2026 | 0 comment", "context": "+BlackMetal+"}
{"ts": 1787019688.1346428, "user": "Birex", "text": "está ouvindo: Stevie B - Stevie B Megamix", "context": "Brasil"}
{"ts": 1787019696.4752574, "user": "tantbot", "text": "| SHUT UP BOBBY LEE", "context": "Alcohol"}
{"ts": 1787019771.114504, "user": "kex", "text": "H3 P68 Pathfinder Solar Grey/Brown | Watch - https://heinnie.com/traser-h3-p68-pathfinder-111400-solar-watch/", "context": "+BlackMetal+"}
{"ts": 1787019771.7113235, "user": "synTax", "text": "eats popcorn and laughs", "context": "+BlackMetal+"}
{"ts": 1787019778.8868225, "user": "kex", "text": "RAMZPAUL Live! Marjorie Taylor Greene Claims Trump might use nukes! | ramzpaul | 00:00 | 272 views | 32 likes | Aug 17, 2026 | 0 comment", "context": "+BlackMetal+"}
{"ts": 1787019904.8179998, "user": "augmental", "text": "looks at himself in the mirror drinking vodka", "context": "+BlackMetal+"}
{"ts": 1787019981.9048848, "user": "tiger", "text": "I'm training to be a librarian", "context": "queer quiet corner"}
{"ts": 1787019991.9237573, "user": "Birex", "text": "está ouvindo: Trio Rio - New York Rio Tokyo", "context": "Brasil"}
{"ts": 1787019992.6054468, "user": "tiger", "text": "I love the studies but I'm really bad at studying", "context": "queer quiet corner"}
{"ts": 1787020024.7992, "user": "nicht", "text": "misses good sushi", "context": "+BlackMetal+"}
{"ts": 1787020263.1097066, "user": "Birex", "text": "está ouvindo: KC & The Sunshine Band - Boggie Shoes", "context": "Brasil"}
{"ts": 1787020381.8954542, "user": ":=)", "text": "Q1. The Card Players and The Boy in the Red Vestare are works by which 19th century French artist?", "context": "+BlackMetal+"}
{"ts": 1787020382.000543, "user": ":=)", "text": "Hint1: **** *******", "context": "+BlackMetal+"}
{"ts": 1787020391.3077755, "user": "Birex", "text": "está ouvindo: Bananarama - Venus", "context": "Brasil"}
{"ts": 1787020397.0307922, "user": ":=)", "text": "Hint2: Pau* *******", "context": "+BlackMetal+"}
{"ts": 1787020410.6936166, "user": "kex", "text": "RAMZPAUL Live! Marjorie Taylor Greene Claims Trump might use nukes! | ramzpaul | 00:00 | 353 views | 42 likes | Aug 17, 2026 | 0 comment", "context": "+BlackMetal+"}
{"ts": 1787020411.9622166, "user": ":=)", "text": "Hint3: Pau* *E*A**E", "context": "+BlackMetal+"}
{"ts": 1787020451.812217, "user": ":=)", "text": "Q2. Roman Numerals: What is MMDLXXXII in numbers ?", "context": "+BlackMetal+"}
{"ts": 1787020451.9222286, "user": ":=)", "text": "Hint1: ****", "context": "+BlackMetal+"}
{"ts": 1787020482.9455483, "user": ":=)", "text": "Q3. BLACK HISTORY: (Alex: In honor of Black History Month.) This \"conductor\" usually carried a gun, not a whistle ?", "context": "+BlackMetal+"}
{"ts": 1787020483.0459282, "user": ":=)", "text": "Hint1: ******* ******", "context": "+BlackMetal+"}
{"ts": 1787020515.0392761, "user": ":=)", "text": "Q4. CAPTURE THE FLAG: A flagpole is also called a staff or this nautical term ?", "context": "+BlackMetal+"}
{"ts": 1787020515.1397004, "user": ":=)", "text": "Hint1: * ****", "context": "+BlackMetal+"}
{"ts": 1787020537.6341486, "user": "kex", "text": "Exposing Black History Day 6: Harriet Tubman | John Doyle | 02:24 | 58,323 views | 5,201 likes | Feb 07, 2026 | 395 comments", "context": "+BlackMetal+"}
{"ts": 1787020544.3890533, "user": ":=)", "text": "Q5. BioScience: What Is The Protein Found In Human Hair And Finger Nails, As Well As In Hooves, Horns, Wool, Claws, Bird Beaks, And Spider Webs?", "context": "+BlackMetal+"}
{"ts": 1787020545.4151049, "user": ":=)", "text": "Hint1: *******", "context": "+BlackMetal+"}
