{"ts": 1787022367.2241054, "user": "rebirthoxide", "text": "np: Skinny Puppy - Dead Lines (Bites)", "context": "! ! LGBTQ+ ! !"}
{"ts": 1787022369.4289148, "user": "tantbot", "text": "| \"Kids and grown-ups love it so/ the happy world of Haribo!\"", "context": "Alcohol"}
{"ts": 1787022407.2887397, "user": "kiquja", "text": "is meowing to the tune of \"Respect Something(Feat. Billy Cook)\" by \"Z-Ro\" 𑙙^•⩊•^≼", "self": true, "context": "! ! LGBTQ+ ! !"}
{"ts": 1787022579.4335537, "user": "celling bird", "text": "chirp", "context": "/mu/"}
{"ts": 1787022740.2611625, "user": "celling bird", "text": "chirp", "context": "/mu/"}
{"ts": 1787022791.0471473, "user": "kex", "text": "Joe Rogan Talks About Eating at an Indian Restaurant | selavi  | 00:43 | 247,213 views | 4,619 likes | Dec 23, 2025 | 118 comments", "context": "+BlackMetal+"}
{"ts": 1787022792.6209242, "user": "Birex", "text": "está ouvindo: MC Erik Feat. Barbara - U Can't Stop", "context": "Brasil"}
{"ts": 1787022986.5152247, "user": "kex", "text": "1973 : Les bistrots de quartier à Paris | Archive INA | INA Paris Vintage | 04:50 | 144,764 views | 1,689 likes | Jun 18, 2019 | 281 comments", "context": "#La France"}
{"ts": 1787023035.194698, "user": "Birex", "text": "está ouvindo: Kylie Minogue - I Should Be So Lucky (12'' Remix)", "context": "Brasil"}
{"ts": 1787023228.1243017, "user": "kex", "text": "1982 : Une journée dans un bistrot parisien | Archive INA | INA Paris Vintage | 45:46 | 636,555 views | 5,803 likes | Jul 13, 2021 | 1,222 comments", "context": "#La France"}
{"ts": 1787023342.9482884, "user": "kex", "text": "Look Who's Burnin' | Ice Cube - Topic | 03:54 | 524,740 views | 7,589 likes | Oct 25, 2021 | 102 comments", "context": "indie"}
{"ts": 1787023376.0654032, "user": "kex", "text": "How to manually set up port forwarding | Proton VPN - https://protonvpn.com/support/port-forwarding-manual-setup", "context": "Linux"}
{"ts": 1787023396.4134326, "user": "kex", "text": "Imgur: The magic of the Internet - https://imgur.com/a/DJToDew", "context": "+BlackMetal+"}
{"ts": 1787023596.589766, "user": "Birex", "text": "está ouvindo: Rockwell - Knife", "context": "Brasil"}
{"ts": 1787023646.8904657, "user": "rebirthoxide", "text": "np: Skinny Puppy - The Choke (Bites)", "context": "! ! LGBTQ+ ! !"}
{"ts": 1787023676.0877535, "user": "kex", "text": "Imgur: The magic of the Internet - https://imgur.com/a/HgY0Xsr", "context": "+BlackMetal+"}
{"ts": 1787023794.1570058, "user": "kex", "text": "Hodgy, Domo Genesis And Tyler, The Creator- Rella | OFWGKTA | 03:29 | 55,671,139 views | 351,684 likes | Feb 21, 2012 | 45,910 comments", "context": "+BlackMetal+"}
{"ts": 1787023833.7499468, "user": "augmental", "text": "is listening to Blood Has Been Shed - I Dwell on Thoughts of You", "context": "+BlackMetal+"}
{"ts": 1787023867.170736, "user": "kex", "text": "Imgur: The magic of the Internet - https://imgur.com/a/CiR49NA", "context": "+BlackMetal+"}
{"ts": 1787023899.4094656, "user": "Birex", "text": "está ouvindo: Bob Marley - Rainbown Country", "context": "Brasil"}
{"ts": 1787024018.0931082, "user": "kex", "text": "Imgur: The magic of the Internet - https://imgur.com/a/ZkgYrrC", "context": "! ! LGBTQ+ ! !"}
{"ts": 1787024092.9872327, "user": "tantbot", "text": "| what im gonna do if im still in the body when my parents die what am i gonna do?                 what am i gonna do? what am i gonna do?              stay in soulseek         duh", "context": "Alcohol"}
{"ts": 1787024192.195677, "user": "Birex", "text": "está ouvindo: Richard Ashcroft - Break The Night With Colour", "context": "Brasil"}
{"ts": 1787024398.4231071, "user": "tantbot", "text": "| johnny deep depp shit more shit than lennon", "context": "Alcohol"}
{"ts": 1787024425.247322, "user": "Birex", "text": "está ouvindo: Benny Benassi - Who's Your Daddy", "context": "Brasil"}
