{"ts": 1787116959.0, "user": "carlton cornelius gaypenis iv", "room": "", "text": "", "keyword": "negro", "banned": false, "ip": "70.170.225.59"}
{"ts": 1787117340.0, "user": "e5fdd609", "room": "", "text": "", "keyword": "nigger", "banned": false, "ip": "? (e5fdd609)"}
{"ts": 1787119162.0, "user": "audiodidact", "room": "", "text": "", "keyword": "tranny", "banned": false, "ip": "89.187.171.228"}
{"ts": 1787121336.0, "user": "cece", "room": "", "text": "", "keyword": "nigger", "banned": false, "ip": "? (cece)"}
{"ts": 1787139639.464508, "user": "dick1488", "room": "nicotine", "text": "American culture is centered around niggers. They have holidays for niggers. They killed hundreds of thousands of white men to free niggers. They listen to nigger music. They elect a nigger as their president. They dress and act like niggers. They draw the entirety of their modern culture from niggers. They post sassy gifs about niggers. They watch sportsball in worship of niggers. Their biggest event of the year involves throwing parties in honor of niggers playing sports. They use nigger slang like \"bruh\" and \"thot\". When you say \"Martin Luther\" they're not thinking of the father of protestantism. They're thinking of the nigger. Their cities are completely overrun with niggers. They worship their ZOGbot police force disproportionately filled with niggers and their global police force of soldiers filled with niggers. Their men sit around watching nigger ball while their women sit around watching nigger talk shows. They worship niggers like Muhammad Ali and Michael Jordan and Michael Jackson and the late Eddie Murphy while attacking the whites who actually built their country before niggers took over. Their movies are filled with niggers and their music charts are topped by niggers. They send niggers to the Olympics and celebrate when the niggers win because those niggers are true red blooded american niggers. They watch nigger porn to a point where \"BBC\" does not make them think of an international media company but about nigger penises instead. They will tell you how much they hate niggers and how the mutt's law meme is a stale joke and they are just pretending to love niggers but the evidence speaks for itself in that America has always been and will be a nation of nigger loving niggers", "keyword": "nigger", "banned": false, "ip": null}
{"ts": 1787141594.5732567, "user": "Joe Public", "room": "+BlackMetal+", "text": "ofc it does because users are retards", "keyword": "retard", "banned": false, "ip": null}
{"ts": 1787144113.9121423, "user": "dick1488", "room": "^ILLUMINATI^awareness", "text": "American culture is centered around niggers. They have holidays for niggers. They killed hundreds of thousands of white men to free niggers. They listen to nigger music. They elect a nigger as their president. They dress and act like niggers. They draw the entirety of their modern culture from niggers. They post sassy gifs about niggers. They watch sportsball in worship of niggers. Their biggest event of the year involves throwing parties in honor of niggers playing sports. They use nigger slang like \"bruh\" and \"thot\". When you say \"Martin Luther\" they're not thinking of the father of protestantism. They're thinking of the nigger. Their cities are completely overrun with niggers. They worship their ZOGbot police force disproportionately filled with niggers and their global police force of soldiers filled with niggers. Their men sit around watching nigger ball while their women sit around watching nigger talk shows. They worship niggers like Muhammad Ali and Michael Jordan and Michael Jackson and the late Eddie Murphy while attacking the whites who actually built their country before niggers took over. Their movies are filled with niggers and their music charts are topped by niggers. They send niggers to the Olympics and celebrate when the niggers win because those niggers are true red blooded american niggers. They watch nigger porn to a point where \"BBC\" does not make them think of an international media company but about nigger penises instead. They will tell you how much they hate niggers and how the mutt's law meme is a stale joke and they are just pretending to love niggers but the evidence speaks for itself in that America has always been and will be a nation of nigger loving niggers", "keyword": "nigger", "banned": false, "ip": null}
{"ts": 1787146148.4885736, "user": "dick1488", "room": "indie", "text": "American culture is centered around niggers. They have holidays for niggers. They killed hundreds of thousands of white men to free niggers. They listen to nigger music. They elect a nigger as their president. They dress and act like niggers. They draw the entirety of their modern culture from niggers. They post sassy gifs about niggers. They watch sportsball in worship of niggers. Their biggest event of the year involves throwing parties in honor of niggers playing sports. They use nigger slang like \"bruh\" and \"thot\". When you say \"Martin Luther\" they're not thinking of the father of protestantism. They're thinking of the nigger. Their cities are completely overrun with niggers. They worship their ZOGbot police force disproportionately filled with niggers and their global police force of soldiers filled with niggers. Their men sit around watching nigger ball while their women sit around watching nigger talk shows. They worship niggers like Muhammad Ali and Michael Jordan and Michael Jackson and the late Eddie Murphy while attacking the whites who actually built their country before niggers took over. Their movies are filled with niggers and their music charts are topped by niggers. They send niggers to the Olympics and celebrate when the niggers win because those niggers are true red blooded american niggers. They watch nigger porn to a point where \"BBC\" does not make them think of an international media company but about nigger penises instead. They will tell you how much they hate niggers and how the mutt's law meme is a stale joke and they are just pretending to love niggers but the evidence speaks for itself in that America has always been and will be a nation of nigger loving niggers", "keyword": "nigger", "banned": false, "ip": null}
{"ts": 1787147019.2708845, "user": "BigFloppyDong", "room": "nicotine", "text": "nigger fuck", "keyword": "nigger", "banned": false, "ip": null}
{"ts": 1787147111.7403433, "user": "UAP UFO SLSK EXPERT 2027", "room": "/mu/", "text": "and indie troons exposed him less than a decade ago", "keyword": "troon", "banned": false, "ip": null}
{"ts": 1787147171.93005, "user": "BigFloppyDong", "room": "nicotine", "text": "fucking nigger", "keyword": "nigger", "banned": false, "ip": null}
{"ts": 1787147883.6103156, "user": "ladies favorite #1", "room": "^ILLUMINATI^awareness", "text": "why do you yekp about this BLM propaganda all year round BLACK_NIGGER_NEWS?", "keyword": "nigger", "banned": false, "ip": null}
{"ts": 1787150633.2801878, "user": "Birex", "room": "Brasil", "text": "* Birex está ouvindo: Luiz Melodia - Negro Gato", "keyword": "negro", "banned": false, "ip": null}
{"ts": 1787151913.3382244, "user": "AllieTheSquaredFork", "room": "/mu/", "text": "\"if you are a nigger with a small dick you need to be beheaded\"", "keyword": "nigger", "banned": false, "ip": null}
{"ts": 1787152490.264768, "user": "mirai", "room": "+BlackMetal+", "text": "you were saying nigger a bunch of times, pretty sure it wasn't about freedom of the slaves", "keyword": "nigger", "banned": false, "ip": null}
{"ts": 1787153726.0189006, "user": "ladies favorite #1", "room": "^ILLUMINATI^awareness", "text": "lol, ive had that tranny jolly j ignored the whole time", "keyword": "tranny", "banned": false, "ip": null}
{"ts": 1787153897.6986287, "user": "Jokker", "room": "+BlackMetal+", "text": "fuck that pos tranny", "keyword": "tranny", "banned": false, "ip": null}
{"ts": 1787154316.9850037, "user": "spikex", "room": "/mu/", "text": "shut up Niggerbot", "keyword": "nigger", "banned": false, "ip": null}
{"ts": 1787155363.7983828, "user": "Odbyciarz5000", "room": "#polska", "text": "retard", "keyword": "retard", "banned": false, "ip": null}
{"ts": 1787160981.7789998, "user": "dystopiadoll", "room": "! ! LGBTQ+ ! !", "text": "yeah im trans wdym by that skeletroon", "keyword": "troon", "banned": false, "ip": null}
{"ts": 1787160994.0339444, "user": "cobra", "room": "! ! LGBTQ+ ! !", "text": "skeletroon 💀💀💀💀💀💀", "keyword": "troon", "banned": false, "ip": null}
{"ts": 1787160997.2517076, "user": "rhuebarbe", "room": "! ! LGBTQ+ ! !", "text": "SKELETROON", "keyword": "troon", "banned": false, "ip": null}
{"ts": 1787161704.3151453, "user": "augmental", "room": "+BlackMetal+", "text": "VACA NEGRO", "keyword": "negro", "banned": false, "ip": null}
{"ts": 1787162417.1125646, "user": "UAP UFO SLSK EXPERT 2027", "room": "+BlackMetal+", "text": "1 800 troons", "keyword": "troon", "banned": false, "ip": null}
{"ts": 1787166053.6849203, "user": "Levo75", "room": "nicotine", "text": "Kek, there are still niggers who use windows.", "keyword": "nigger", "banned": false, "ip": null}
{"ts": 1787166213.8078938, "user": "Levo75", "room": "Linux", "text": "It's the perfect design for the human condition. It keeps retards in check and women at bay so that smart people like me can have a chance at enjoying life.", "keyword": "retard", "banned": false, "ip": null}
{"ts": 1787168983.5656364, "user": "faggotkisser69", "room": "! ! LGBTQ+ ! !", "text": "it was so cool i got to meet glopossum the tranny yiff artist", "keyword": "tranny", "banned": false, "ip": null}
{"ts": 1787169482.0398512, "user": "EternalTreasures", "room": "^ILLUMINATI^awareness", "text": "only about niggers", "keyword": "nigger", "banned": false, "ip": null}
{"ts": 1787173496.93646, "user": "this poops", "room": "+BlackMetal+", "text": "NIGGERS", "keyword": "nigger", "banned": false, "ip": null}
{"ts": 1787173503.366213, "user": "this poops", "room": "+BlackMetal+", "text": "NIGGERS", "keyword": "nigger", "banned": false, "ip": null}
{"ts": 1787177535.5407834, "user": "CaptainJam", "room": "nicotine", "text": "\"...of the people, by the people, for the people. But the people are retarded...\"", "keyword": "retard", "banned": false, "ip": null}
{"ts": 1787177826.8074112, "user": "Jokker", "room": "+BlackMetal+", "text": "retard", "keyword": "retard", "banned": false, "ip": null}
{"ts": 1787178548.9491265, "user": "UAP UFO SLSK EXPERT", "room": "+BlackMetal+", "text": "did you guys know that arnaud is a troon?", "keyword": "troon", "banned": false, "ip": null}
{"ts": 1787178558.037548, "user": "UAP UFO SLSK EXPERT", "room": "+BlackMetal+", "text": "he is a tranny in real life, actually, btw", "keyword": "tranny", "banned": false, "ip": null}
{"ts": 1787179027.313705, "user": "DCAT", "room": "+BlackMetal+", "text": "UAP UFO SLSK EXPERT NIGGER", "keyword": "nigger", "banned": false, "ip": null}
{"ts": 1787179133.893989, "user": "ladies favorite #1", "room": "^ILLUMINATI^awareness", "text": "hey if you go to a store where they don't know you, pretend you are retarded", "keyword": "retard", "banned": false, "ip": null}
{"ts": 1787179150.1168277, "user": "UAP UFO SLSK EXPERT", "room": "+BlackMetal+", "text": "slsk discords is mostly retard gossip", "keyword": "retard", "banned": false, "ip": null}
{"ts": 1787179512.0606694, "user": "julia420", "room": "! ! LGBTQ+ ! !", "text": "! !NO NIGGER NO JEWS! ! channel is a crazy name... theres one guy in there", "keyword": "nigger", "banned": false, "ip": null}
{"ts": 1787181252.3975563, "user": "Gipsy Danger", "room": "#La France", "text": "ça te met une putain de volée a retardement", "keyword": "retard", "banned": false, "ip": null}
{"ts": 1787182825.0058432, "user": "dick1488", "room": "^ILLUMINATI^awareness", "text": "yeah no shit half the time its some retard spamming shit into the void", "keyword": "retard", "banned": true, "ip": "? (dick1488)"}
