8/20/2026 2:21:48 AM [cobra] if it makes  u feel better
8/20/2026 2:21:50 AM [skeletronprime] ive wanted to die since i was 14
8/20/2026 2:22:02 AM [veryveryfriendly] im living the alternative rn and i sincerely dont know if transitioning will be worse but i cant imagine its much better
8/20/2026 2:22:02 AM [cobra] but i find it just makes u more self conscious abt ur voice
8/20/2026 2:22:04 AM [poshandelegant]  
8/20/2026 2:22:17 AM [cobra] transitioning is so much better
8/20/2026 2:22:18 AM [MUSIC IS MY THERAPY] obviously comes down to how to feel
8/20/2026 2:22:23 AM [MUSIC IS MY THERAPY] i can't tell you what to do
8/20/2026 2:22:32 AM [cobra] you will feel so much better on estrogen
8/20/2026 2:22:33 AM [MUSIC IS MY THERAPY] i can provide you with resources for accessing hrt
8/20/2026 2:22:38 AM [cobra] its like fucking magic
8/20/2026 2:22:39 AM [skeletronprime] u  can figure it out twin i promise
8/20/2026 2:22:44 AM [veryveryfriendly] i can figure out diy and whatnot myself
8/20/2026 2:22:48 AM [veryveryfriendly] i cant do it atm anyways
8/20/2026 2:22:52 AM [cobra] you could
8/20/2026 2:22:59 AM [veryveryfriendly] frankly i dont want to
8/20/2026 2:23:02 AM [cobra] exactly
8/20/2026 2:23:03 AM [veryveryfriendly] its just a hassle
8/20/2026 2:23:08 AM [cobra] you gotta
8/20/2026 2:23:08 AM [poshandelegant] lazy faggot
8/20/2026 2:23:15 AM [skeletronprime] friendly yo dont do that wtf man
8/20/2026 2:23:16 AM [poshandelegant] ok then dont troon out and watch ur body masculinize
8/20/2026 2:23:16 AM [veryveryfriendly] i dont think i can and i dont want to risk it
8/20/2026 2:23:17 AM [69EYlFo3] poshandelegant: Sometimes the river pulls us towards ease, but真正的回复应该是： Navigating life isn’t always about the strength of one's strokes; sometimes it’s recognizing when to rest and reassess. Let’s not mistake inertia for directionless intent.
8/20/2026 2:23:26 AM [veryveryfriendly] my body already masculinized
8/20/2026 2:23:31 AM [cobra] ur 18
8/20/2026 2:23:37 AM [poshandelegant] T-T
8/20/2026 2:23:43 AM [cobra] thats fucking stupid
8/20/2026 2:23:46 AM [poshandelegant] might as well stop it from getting worse
8/20/2026 2:23:51 AM [cobra] ur so far from done with puberty
8/20/2026 2:23:55 AM [MUSIC IS MY THERAPY] how old are you?
8/20/2026 2:23:59 AM [veryveryfriendly] im 18
8/20/2026 2:24:02 AM [ROTTEN TO THE CORE] Niiice
8/20/2026 2:24:03 AM [ROTTEN TO THE CORE] boys
8/20/2026 2:24:04 AM [ROTTEN TO THE CORE] We got it
8/20/2026 2:24:07 AM [ROTTEN TO THE CORE] now
8/20/2026 2:24:08 AM [veryveryfriendly] does estrogen have unreversible changes besides the boobs
8/20/2026 2:24:11 AM [ROTTEN TO THE CORE] um
8/20/2026 2:24:13 AM [ROTTEN TO THE CORE] yeah it does
8/20/2026 2:24:15 AM [ROTTEN TO THE CORE] listen stay male
8/20/2026 2:24:17 AM [ROTTEN TO THE CORE] you have a penis
8/20/2026 2:24:19 AM [veryveryfriendly] like what
8/20/2026 2:24:20 AM [ROTTEN TO THE CORE] you can fuck chicks
8/20/2026 2:24:20 AM [MUSIC IS MY THERAPY] 18, you're still in puberty
8/20/2026 2:24:20 AM [cobra] not really
8/20/2026 2:24:26 AM [ROTTEN TO THE CORE] listen
8/20/2026 2:24:27 AM [veryveryfriendly] i dont really want to fuck chicks
8/20/2026 2:24:28 AM [ROTTEN TO THE CORE] dont turn into a female
8/20/2026 2:24:32 AM [ROTTEN TO THE CORE] i cant tell you what ot do this is kex btw
8/20/2026 2:24:34 AM [MUSIC IS MY THERAPY] your bones don't stop defusing
8/20/2026 2:24:34 AM [ROTTEN TO THE CORE] jsut keep your penis
8/20/2026 2:24:35 AM [ROTTEN TO THE CORE] its nice
8/20/2026 2:24:43 AM [veryveryfriendly] my penis isnt nice its ugly
8/20/2026 2:24:46 AM [ROTTEN TO THE CORE] you can penetrate with it
8/20/2026 2:24:48 AM [ROTTEN TO THE CORE] mkay
8/20/2026 2:24:50 AM [ROTTEN TO THE CORE] thats a hot take
8/20/2026 2:24:58 AM [veryveryfriendly] i was mutilated at birth
8/20/2026 2:25:00 AM * holey np: Sutcliffe Jugend - Defacer
8/20/2026 2:25:02 AM [cobra] testosterone has more irreversible changes than estrogen
8/20/2026 2:25:03 AM [ROTTEN TO THE CORE] ayy hehee
8/20/2026 2:25:07 AM [veryveryfriendly] sutcliffe jugend is great
8/20/2026 2:25:07 AM [ROTTEN TO THE CORE] right
8/20/2026 2:25:15 AM [cobra] a lot more
8/20/2026 2:25:15 AM [holey] i love pigdaddy
8/20/2026 2:25:25 AM [veryveryfriendly] i havent really gotten deep into them but i fw them
8/20/2026 2:25:33 AM [skeletronprime] friendly do u have somewhere u can stay or a close friend?
8/20/2026 2:25:42 AM [veryveryfriendly] no
8/20/2026 2:25:42 AM [poshandelegant] srs is like 50 bands or sum shjit just to get ur dick chopped off
8/20/2026 2:25:50 AM [kex illegal person] hm
8/20/2026 2:25:52 AM [holey] when i hear ppl talking about them i never hear about it which sucks i think it's a really underrated album
8/20/2026 2:25:52 AM [kex illegal person] Feel free to ginore me
8/20/2026 2:25:57 AM [cobra] who tryna drop 10k into my bank acc
8/20/2026 2:25:58 AM [kex illegal person] BUt htis is kex right your friend
8/20/2026 2:26:00 AM [kex illegal person] WHy dont you like yoru penis
8/20/2026 2:26:01 AM [MUSIC IS MY THERAPY] ignored
8/20/2026 2:26:05 AM [kex illegal person] COME ON ON MAN
8/20/2026 2:26:10 AM [poshandelegant] never before
8/20/2026 2:26:10 AM [kex illegal person] im just coming at this from my worldview
8/20/2026 2:26:14 AM [poshandelegant] at the beauty of spring
8/20/2026 2:26:15 AM [kex illegal person] Do you not like to penetrate vaginas
8/20/2026 2:26:18 AM [veryveryfriendly] unless i can goad my online friend from toronto to either let me move in w her or find me someone i can move in with
8/20/2026 2:26:20 AM [poshandelegant] nope
8/20/2026 2:26:22 AM [kex illegal person] OK
8/20/2026 2:26:24 AM [kex illegal person] thats cool
8/20/2026 2:26:27 AM [poshandelegant] C:
8/20/2026 2:26:36 AM [kex illegal person] You watn to get penetrated
8/20/2026 2:26:38 AM [kex illegal person] But you can't
8/20/2026 2:26:40 AM [poshandelegant] not by you
8/20/2026 2:26:42 AM [kex illegal person] Yeah not by me
8/20/2026 2:26:47 AM [kex illegal person] Why not though
8/20/2026 2:26:49 AM [kex illegal person] I cant penetrate you?
8/20/2026 2:26:51 AM [kex illegal person] lol
8/20/2026 2:26:52 AM [veryveryfriendly] there's like at least two holes u can penetrate without a cooter
8/20/2026 2:26:57 AM [poshandelegant] u type so much
8/20/2026 2:27:00 AM [kex illegal person] yeah
8/20/2026 2:27:13 AM [poshandelegant] im not a faggot i aint takin dick in my ass
8/20/2026 2:27:17 AM [veryveryfriendly] i need to stop being a virgin et cetera
8/20/2026 2:27:20 AM [MUSIC IS MY THERAPY] conversation turned into sex education
8/20/2026 2:27:20 AM [kex illegal person] well if fucked up and a recovering drug addict
8/20/2026 2:27:21 AM [kex illegal person] so that might explain it
8/20/2026 2:27:23 AM [kex illegal person] im*
8/20/2026 2:27:25 AM [kex illegal person] im a fucked up person
8/20/2026 2:27:26 AM [kex illegal person] an idiot
8/20/2026 2:27:28 AM [veryveryfriendly] i should lose my virginity to someone on barq
8/20/2026 2:27:29 AM [poshandelegant] thats some luciferan sodomy cult shit
8/20/2026 2:27:31 AM [kex illegal person] you know
8/20/2026 2:27:35 AM [poshandelegant] activating the root chakra ass shit
8/20/2026 2:27:43 AM [kex illegal person] they gave me this methamphetamine and I decided to go all crazy with it that makes me a stupid person for life
8/20/2026 2:27:44 AM [kex illegal person] I can never recover
8/20/2026 2:27:49 AM [kex illegal person] Now im fucekd
8/20/2026 2:27:51 AM [skeletronprime] not something to be ashamed of twin
8/20/2026 2:28:02 AM [veryveryfriendly] i wish my fat made me more attractive
8/20/2026 2:28:06 AM [veryveryfriendly] instead i just look inflated
8/20/2026 2:28:16 AM [veryveryfriendly] is it getting obnoxious to hear me go on and on about my weight
8/20/2026 2:28:18 AM [poshandelegant] male fat sits in the stomach i think
8/20/2026 2:28:24 AM [1800thrownaway] what android fat distribution does to an mf
8/20/2026 2:28:37 AM [veryveryfriendly] for me a lot of it goes to the thighs (in a gross way)
8/20/2026 2:28:41 AM [veryveryfriendly] also my ass fat is weird
8/20/2026 2:28:59 AM [veryveryfriendly] my ass is basically flat but it protrudes because im obese
8/20/2026 2:29:14 AM [veryveryfriendly] so it's "big" but it looks misshapen and it's not really that big in the end
8/20/2026 2:29:48 AM [veryveryfriendly] is it time to get a job
8/20/2026 2:29:50 AM [veryveryfriendly] like genuinely
8/20/2026 2:29:50 AM [poshandelegant] maybe keep a diary
8/20/2026 2:29:54 AM [MUSIC IS MY THERAPY] no onion invidious instance works without timeouts or rate limits
8/20/2026 2:29:57 AM [MUSIC IS MY THERAPY] and that's not okay
8/20/2026 2:30:03 AM [veryveryfriendly] i shouldd probably start a diary
8/20/2026 2:30:11 AM [MUSIC IS MY THERAPY] diary is bad idea
8/20/2026 2:30:12 AM [poshandelegant] i dont wanna hear about uyr ass shape
8/20/2026 2:30:16 AM [poshandelegant] no offence
8/20/2026 2:30:16 AM [veryveryfriendly] sorry
8/20/2026 2:30:23 AM [MUSIC IS MY THERAPY] written material can easily be used against you
8/20/2026 2:30:30 AM [veryveryfriendly] i should learn to stop oversharing
8/20/2026 2:30:32 AM [poshandelegant] who are ur enemies
8/20/2026 2:30:42 AM [poshandelegant] dude thinkin a detective gon read hisd diary
8/20/2026 2:30:59 AM [veryveryfriendly] anyways i really hope i start seeing weight loss progress soon
8/20/2026 2:31:03 AM [nervousyoungtrans] hi chat
8/20/2026 2:31:05 AM [veryveryfriendly] like visually
8/20/2026 2:31:10 AM [poshandelegant] yeah
8/20/2026 2:31:18 AM [veryveryfriendly] 233->220 but i look identicall
8/20/2026 2:31:19 AM [MUSIC IS MY THERAPY] nervousyoungtrans hi
8/20/2026 2:31:20 AM [poshandelegant] i dont have any advice on that
8/20/2026 2:31:28 AM [poshandelegant] always been skin and bones
8/20/2026 2:31:33 AM [veryveryfriendly] and i feel like im stagnating too even tho im eating 1700 cals a day
8/20/2026 2:31:38 AM [veryveryfriendly] ive been fat my whole life
8/20/2026 2:31:42 AM [veryveryfriendly] food addiction
8/20/2026 2:32:07 AM [MUSIC IS MY THERAPY] Unexpected token 'A', "API disabled" is not valid JSON
8/20/2026 2:32:09 AM [veryveryfriendly] left uncontrolled i eat junk food until i feel sick
8/20/2026 2:32:14 AM [veryveryfriendly] bc i cant stop myself
8/20/2026 2:32:19 AM [MUSIC IS MY THERAPY] freetube is useless atp
8/20/2026 2:32:48 AM [veryveryfriendly] ive seen people say they went from obese to normal weight and it took them like 5 years to stop being hungry all the time
8/20/2026 2:32:51 AM [veryveryfriendly] i might have to die
8/20/2026 2:33:05 AM [Scathing] 1:32:55 AM [veryveryfriendly] also my ass fat is weird  lolz
8/20/2026 2:33:05 AM [poshandelegant] what are oyu a green little fuckiong birddd
8/20/2026 2:33:09 AM [poshandelegant] u gonna fuckion.... chirpp
8/20/2026 2:33:12 AM [poshandelegant] chirp
8/20/2026 2:33:12 AM * Scathing skim reads
8/20/2026 2:33:14 AM [kiquja] can someone mention me so i can test smth
8/20/2026 2:33:20 AM [veryveryfriendly] kiquja
8/20/2026 2:33:20 AM [poshandelegant] nope
8/20/2026 2:33:27 AM [cobra] i used to be like 200 lbs
8/20/2026 2:33:42 AM [tiger] @kiquja
8/20/2026 2:34:29 AM [Scathing] man whats with the bots on my anus everytime i speak
8/20/2026 2:34:32 AM [veryveryfriendly] i wish i started weight loss sooner
8/20/2026 2:34:36 AM [veryveryfriendly] and committed more to it
8/20/2026 2:34:45 AM [Scathing] yep the bigger you get the more destroyed body will be when you lose
8/20/2026 2:34:59 AM [Scathing] maintain vs wait till its doomed
8/20/2026 2:35:00 AM [tiger] hey who made that those videos in capcut?
8/20/2026 3:44:16 AM [holey] it's like, poison
8/20/2026 3:44:22 AM [holey] all that comes from me
8/20/2026 3:44:29 AM [holey] i don't really understand
8/20/2026 3:44:34 AM [kex] Listen dude
8/20/2026 3:44:38 AM [kex] i dont kwo how to explai to tyour vry soul
8/20/2026 3:44:41 AM [kex] but I have solved
8/20/2026 3:44:44 AM [kex] umaity's
8/20/2026 3:44:47 AM [kex] biggest
8/20/2026 3:44:50 AM [kex] problem
8/20/2026 3:44:54 AM [kex] your love keeps me alive
8/20/2026 3:44:58 AM [kex] your lovin feels so good
8/20/2026 3:45:05 AM [kex] higher tahn i'v been before
8/20/2026 3:45:09 AM [holey] poison is filtered through me
8/20/2026 3:45:10 AM [kex] thought i shoudl elt you
8/20/2026 3:45:17 AM [kex] youre tuocihng me so much
8/20/2026 3:45:21 AM [kex] holey ok
8/20/2026 3:45:24 AM [holey] and all the world is poison
8/20/2026 3:45:25 AM [kex] i love you
8/20/2026 3:45:28 AM [kex] i love you so much
8/20/2026 3:45:31 AM [kex] ou watn to be love
8/20/2026 3:45:35 AM [kex] you have no idae
8/20/2026 3:45:38 AM [kex] what
8/20/2026 3:45:39 AM * kiquja is meowing to the tune of "There Will Be Tears" by "Frank Ocean" 𑙙^•⩊•^≼
8/20/2026 3:45:44 AM [kex] hold on bos where are you in live?
8/20/2026 3:45:49 AM [holey] I don't know why, but the things that shouldn't be evil are evil
8/20/2026 3:46:09 AM [holey] normal things, every day things, and it feels terrible to look at and to see and to smell
8/20/2026 3:46:17 AM [dead man suicide] Damnit man
8/20/2026 3:46:21 AM [dead man suicide] You know
8/20/2026 3:46:24 AM [dead man suicide] Youve had your mother
8/20/2026 3:46:26 AM [dead man suicide] Youve had your father
8/20/2026 3:46:30 AM [dead man suicide] Sure you never had sex with them
8/20/2026 3:46:32 AM [dead man suicide] ut you
8/20/2026 3:46:35 AM [dead man suicide] were with them
8/20/2026 3:46:36 AM [dead man suicide] this is kex btw
8/20/2026 3:46:39 AM [sparklepupjade] 6:45:39 PM * kiquja is meowing to the tune of "There Will Be Tears" by "Frank Ocean" 𑙙^•⩊•^≼ <-- howd u do that
8/20/2026 3:46:41 AM [dead man suicide] This is who made you
8/20/2026 3:46:51 AM [dead man suicide] Fifty percent of your genetic information comes from yoru mother
8/20/2026 3:46:54 AM [dead man suicide] Why is everyone so fucking stupdi
8/20/2026 3:46:56 AM [skeletronprime] sparkle last fm
8/20/2026 3:46:57 AM [dead man suicide] WHy is it like this
8/20/2026 3:47:01 AM [dead man suicide] I was bonr into the wron gfucking planet
8/20/2026 3:47:06 AM [dead man suicide] Because in this palent I cant DO ANYTHING
8/20/2026 3:47:08 AM [dead man suicide] I CANT DO ANYTHING
8/20/2026 3:47:20 AM [sparklepupjade] im really sorry
8/20/2026 3:47:28 AM [sparklepupjade] i dont know how to help
8/20/2026 3:47:28 AM [dead man suicide] btw
8/20/2026 3:47:31 AM [dead man suicide] i really sorry to
8/20/2026 3:47:36 AM [sparklepupjade] i feel like i dont belong either though
8/20/2026 3:47:42 AM [sparklepupjade] so i understand how u feel
8/20/2026 3:47:43 AM [sparklepupjade] if that helps
8/20/2026 3:47:48 AM [tiger] @sparklepupjade that's the "now playing" feature
8/20/2026 3:47:55 AM [sparklepupjade] ohhh okay!
8/20/2026 3:48:02 AM [i think youre onfused] Hey bro
8/20/2026 3:48:05 AM [i think youre onfused] I dont know what youre going on about
8/20/2026 3:48:07 AM [i think youre onfused] I was born in 1994
8/20/2026 3:48:13 AM [i think youre onfused] in 1991 whe nthe soviet union collapsed
8/20/2026 3:48:15 AM [tiger] yellow name w spaces ignored
8/20/2026 3:48:18 AM [i think youre onfused] my parents brought me to the United States
8/20/2026 3:48:21 AM [i think youre onfused] bro thsi is kex
8/20/2026 3:48:24 AM [i think youre onfused] I dont know what youre talkgin about
8/20/2026 3:48:27 AM [i think youre onfused] I wish we could be cool
8/20/2026 3:48:30 AM [i think youre onfused] on one level
8/20/2026 3:48:33 AM [i think youre onfused] Iam just a simple human being
8/20/2026 3:48:39 AM [i think youre onfused] I dont care anyore
8/20/2026 3:48:40 AM [sparklepupjade] ?
8/20/2026 3:48:42 AM [i think youre onfused] What
8/20/2026 3:48:43 AM [i think youre onfused] lol
8/20/2026 3:48:47 AM [i think youre onfused] you just havent been
8/20/2026 3:48:50 AM [i think youre onfused] where ive been
8/20/2026 3:48:52 AM [i think youre onfused] You know?
8/20/2026 3:48:54 AM [i think youre onfused] I am the rael
8/20/2026 3:48:56 AM [i think youre onfused] the real deal
8/20/2026 3:48:58 AM [i think youre onfused] I am kex
8/20/2026 3:49:04 AM [i think youre onfused] I just want to belong you know
8/20/2026 3:49:25 AM * tiger is lapping up「 ✦ BRODYQUEST ✦ 」 by 「 ✦ Lemon Demon ✦ 」 from 「 ✦ Nature Tapes EP ✦ 」
8/20/2026 3:49:25 AM [friedbanana100] 🤔
8/20/2026 3:49:34 AM [sparklepupjade] brodyquest!! :D
8/20/2026 3:52:18 AM [kex my life has becmoe a joke] that heterosesxuals are trying to take advantage of you
8/20/2026 3:52:18 AM [hyp3rvigilant] yeah kex is about to get ignored
8/20/2026 3:52:20 AM [kex my life has becmoe a joke] its not true!!!
8/20/2026 3:52:23 AM [kex my life has becmoe a joke] come on man
8/20/2026 3:52:27 AM [skeletronprime] hi hyper
8/20/2026 3:52:29 AM [sparklepupjade] apparently they r "symbol patches" at least thats how he describes it in the server
8/20/2026 3:52:32 AM [hyp3rvigilant] you're not interesting, kex
8/20/2026 3:52:35 AM [tiger] interesting
8/20/2026 3:52:39 AM [holey] dude i wish i could ignore kex not that i'm doing anything different from him but
8/20/2026 3:52:43 AM [sparklepupjade] wait who is kex
8/20/2026 3:52:46 AM [sparklepupjade] is kex okay
8/20/2026 3:52:56 AM [tiger] kex is probably not okay to be entirely honest
8/20/2026 3:53:00 AM [holey] i think kex is on a schizo rant
8/20/2026 3:53:15 AM [hyp3rvigilant] i just ip ignored kex
8/20/2026 3:53:16 AM [skeletronprime] holey arent u on a schizo rant as well XD
8/20/2026 3:53:19 AM [tiger] you can try and tend to them if you like but if you do that for everyone here who's not okay, you'll burn out very quickly
8/20/2026 3:53:25 AM [hyp3rvigilant] yeah
8/20/2026 3:53:34 AM [holey] No i'm just being a douche
8/20/2026 3:53:34 AM [were born in the wrong time] im so sorry
8/20/2026 3:53:36 AM [were born in the wrong time] this is kex btw
8/20/2026 3:53:36 AM [thedog] awwrooo
8/20/2026 3:53:40 AM [were born in the wrong time] that you are so naive
8/20/2026 3:53:44 AM [tiger] yellow name w spaces ignored
8/20/2026 3:53:45 AM [were born in the wrong time] because ive gone through an entire lifetime
8/20/2026 3:53:46 AM [hyp3rvigilant] let's all try to have a group conversation
8/20/2026 3:53:49 AM [were born in the wrong time] holy hist man
8/20/2026 3:53:53 AM [were born in the wrong time] i feel so fucking sorry fo ryou hyp3rvigilant
8/20/2026 3:53:57 AM [tiger] ip 'nored, even. take that
8/20/2026 3:53:58 AM [were born in the wrong time] and i have nothign agains tyou
8/20/2026 3:53:59 AM [skeletronprime] yeah hyper 
8/20/2026 3:54:02 AM [were born in the wrong time] do you know what youre missing out on
8/20/2026 3:54:02 AM [were born in the wrong time] lol
8/20/2026 3:54:04 AM [were born in the wrong time] come on
8/20/2026 3:54:05 AM [were born in the wrong time] ip nored
8/20/2026 3:54:08 AM [skeletronprime] lets have a group convo
8/20/2026 3:54:10 AM [were born in the wrong time] ip nore me.. my name is kex
8/20/2026 3:54:13 AM [sparklepupjade] 6:53:00 PM [holey] i think kex is on a schizo rant <-- ohhh okay
8/20/2026 3:54:14 AM [were born in the wrong time] i mean come on dude
8/20/2026 3:54:15 AM [hyp3rvigilant] skeletron nored
8/20/2026 3:54:19 AM [were born in the wrong time] come on man seriously stop
8/20/2026 3:54:24 AM [tiger] norefest '26
8/20/2026 3:54:24 AM [were born in the wrong time] i want to talk to you likea  aman
8/20/2026 3:54:26 AM [were born in the wrong time] and i cant do that
8/20/2026 3:54:28 AM [sparklepupjade] kex r u okay im worried
8/20/2026 3:54:30 AM [were born in the wrong time] wow.... so sad
8/20/2026 3:54:32 AM [were born in the wrong time] yes im fine
8/20/2026 3:54:32 AM [friedbanana100] beware the away gang
8/20/2026 3:54:35 AM [skeletronprime] why would u ignore me?
8/20/2026 3:54:37 AM [were born in the wrong time] im fucking great bro
8/20/2026 3:54:46 AM [were born in the wrong time] ro everything in my fucking life has been a fcking joke
8/20/2026 3:54:46 AM [skeletronprime] wtf i do
8/20/2026 3:54:50 AM [sparklepupjade] oh wait kex is gone now
8/20/2026 3:54:53 AM [hyp3rvigilant] i know what you're all about
8/20/2026 3:54:57 AM [tiger] they'll be back
8/20/2026 3:54:58 AM [sparklepupjade] wait whos were born in the wrong time is that kex
8/20/2026 3:55:01 AM [holey] i don't know if it is normal the way i feel about the world and myself
8/20/2026 3:55:01 AM [tiger] yes
8/20/2026 3:55:13 AM [skeletronprime] what am i all about
8/20/2026 3:55:14 AM [hyp3rvigilant] ip ignored skeletron
8/20/2026 3:55:19 AM [tiger] omg lmao
8/20/2026 3:55:21 AM [sparklepupjade] 6:55:01 PM [tiger] yes <-- r u replying to my message?
8/20/2026 3:55:22 AM [hyp3rvigilant] mmm buh-bye
8/20/2026 3:55:22 AM [holey] it feels like something that should be like, brought up to a psychologist, but maybe i'm just a bum
8/20/2026 3:55:28 AM [tiger] >18:55:21 [sparklepupjade] 6:55:01 PM [tiger] yes <-- r u replying to my message?<-- yes
8/20/2026 3:55:37 AM [sparklepupjade] 6:55:28 PM [tiger] >18:55:21 [sparklepupjade] 6:55:01 PM [tiger] yes <-- r u replying to my message?<-- yes okay :3
8/20/2026 3:55:42 AM [sparklepupjade] oh wait
8/20/2026 3:55:46 AM [sparklepupjade] forgot to add an arrow
8/20/2026 3:55:46 AM [sparklepupjade] shoot
8/20/2026 3:55:54 AM [tiger] haha it's all good! some people don't bother
8/20/2026 3:55:55 AM [sparklepupjade] oops
8/20/2026 3:56:00 AM [emPathetic] hi sparklepupjade
8/20/2026 3:56:01 AM [emPathetic] x3
8/20/2026 3:56:06 AM [holey] not even like, being cynical, but like, i feel straight up disconnected and disturbed by everything. i don't really know how to explain it
8/20/2026 3:56:23 AM [tiger] no rules! make shit up!
8/20/2026 3:56:36 AM [I am no one to you (kex)] Im sorry
8/20/2026 3:56:39 AM [I am no one to you (kex)] instead of booting me
8/20/2026 3:56:42 AM [I am no one to you (kex)] with your booters
8/20/2026 3:56:45 AM [I am no one to you (kex)] talk to me
8/20/2026 3:56:49 AM [I am no one to you (kex)] I will calm the uck down
8/20/2026 3:56:53 AM [I am no one to you (kex)] all Iwant is to talk toyou
8/20/2026 3:57:01 AM [I am no one to you (kex)] as you can see im fucek up you mistake me for a mron
8/20/2026 3:57:03 AM [I am no one to you (kex)] moron
8/20/2026 3:57:06 AM [sparklepupjade] 6:56:00 PM [emPathetic] hi sparklepupjade <-- hi!!! is your username based the chumhandle format? or am i too brainrotted about homestuck
8/20/2026 3:57:11 AM [I am no one to you (kex)] you smistake me for a fucking morn evn though I was born in 1984
8/20/2026 3:57:16 AM [I am no one to you (kex)] why does he take so long to get respect
8/20/2026 3:57:18 AM [I am no one to you (kex)] from you guys
8/20/2026 3:57:20 AM [I am no one to you (kex)] I am a human
8/20/2026 3:57:25 AM [tiger] omG I was WONDERING if Jade was a homestuck reference
8/20/2026 3:57:26 AM [emPathetic] sparklepupjade no but im do remember pesterchum so i am in the same boat
8/20/2026 3:57:37 AM [1800thrownaway] damn... they rly just put a fly's conciousness into minecraft....
8/20/2026 3:57:40 AM [sparklepupjade] 6:57:26 PM [emPathetic] sparklepupjade no but im do remember pesterchum so i am in the same boat <-- ohhhh okay!
8/20/2026 3:57:41 AM [emPathetic] oh ew, its tiger, the one friends with thinkpedo
8/20/2026 3:57:46 AM [kex] 1) i am a human 2) i have never called you a faggot
8/20/2026 3:57:50 AM [kex] ?
8/20/2026 3:57:53 AM [emPathetic] it's based off of my first album
8/20/2026 3:57:54 AM * kex raises eyebrowss
8/20/2026 3:57:59 AM [kex] can we go from that
8/20/2026 3:58:00 AM [kex] thanks
8/20/2026 3:58:02 AM [emPathetic] which was called Pathetic Empathy
8/20/2026 3:58:02 AM [69EYlFo3] kex: Kex, it seems like we're navigating through a dense fog where signals get crossed and misunderstandings loom large. Let's try to step back and find clearer ground to walk on.
8/20/2026 3:58:06 AM [kex] I wat to make inroads with you
8/20/2026 3:58:07 AM [kex] becasue
8/20/2026 3:58:09 AM [sparklepupjade] 6:57:25 PM [tiger] omG I was WONDERING if Jade was a homestuck reference <-- yep it is!! ^_^ jade is basically my online (and irl) persona at this point
8/20/2026 3:58:12 AM [kex] Humanity is worth saving
8/20/2026 3:58:15 AM [kex] I truly believe in humanity
8/20/2026 3:58:17 AM [emPathetic] which got shorthanded to emPathetic
8/20/2026 3:58:18 AM [tiger] there are a couple homestucks around. I've seen tartarusTerror and there's a Dave
8/20/2026 3:58:21 AM [kex] if I didnt believe in fucking humanity I would have killed myself
8/20/2026 3:58:30 AM [kex] I am here to give you the simple fucking facts
8/20/2026 3:58:34 AM [kex] Do with that what you want
8/20/2026 3:58:47 AM [holey] should i read Homestuck
8/20/2026 3:58:50 AM [kex] yeah
8/20/2026 3:58:51 AM [kex] I think so
8/20/2026 3:58:52 AM [kex] homestuck
8/20/2026 3:58:54 AM [tiger] >18:58:09 [sparklepupjade] 6:57:25 PM [tiger] omG I was WONDERING if Jade was a homestuck reference <-- yep it is!! ^_^ jade is basically my online (and irl) persona at this point<-- nice nice!! I have a Space hoodie
8/20/2026 3:58:55 AM [holey] I have it on my computer i'm just lazy
8/20/2026 3:58:55 AM [kex] is that n adventure game
8/20/2026 3:58:56 AM [kex] dude
8/20/2026 3:59:06 AM [kex] I would give you the shirt off my back
8/20/2026 3:59:14 AM [kex] im that type of person
8/20/2026 3:59:28 AM [kex] I just dont want to live in this world as it is right now
8/20/2026 3:59:29 AM [kex] Its all wrong
8/20/2026 3:59:33 AM [kex] Im not schizophrenic
8/20/2026 3:59:38 AM [kex] I dont have schizophrenia
8/20/2026 3:59:41 AM [kex] =Im sorry
8/20/2026 3:59:46 AM [kex] I dont experiecne the symptosm of schizophrenia
8/20/2026 3:59:49 AM [kex] its something else
8/20/2026 3:59:53 AM [kex] You knwo?
8/20/2026 4:00:01 AM [kex] Forensic psychiatry doesnt have all the answers
8/20/2026 4:00:04 AM [kex] I cant be thrown away
8/20/2026 4:00:08 AM [kex] into th garbage
8/20/2026 4:00:14 AM [kex] Im just here
8/20/2026 4:00:16 AM [kex] to belong
8/20/2026 4:00:22 AM [kex] to the human community
8/20/2026 4:00:27 AM [kex] I hate it but
8/20/2026 4:00:31 AM [kex] its the way it has played itself out
8/20/2026 4:00:43 AM [kex] Please show me the quickest way to kill myself
8/20/2026 4:00:45 AM [kex] I woudl take it
8/20/2026 4:00:47 AM [BloodOrangeVampire] homestuck reference in 2026? damn, a wave of nostalgia in unexpected places
8/20/2026 4:00:50 AM [kex] damn
8/20/2026 4:00:53 AM [kex] its BloodOrangeVampire
8/20/2026 4:00:56 AM [sparklepupjade] 6:58:54 PM [tiger] >18:58:09 [sparklepupjade] 6:57:25 PM [tiger] omG I was WONDERING if Jade was a homestuck reference <-- yep it is!! ^_^ jade is basically my online (and irl) persona at this point<-- nice nice!! I have a Space hoodie <-- oh my gog!!!!!!! lucky!!!!!!!!!!!!!!! :o
8/20/2026 4:01:00 AM [kex] its like im 3 different people at once
8/20/2026 4:01:04 AM [kex] God damn dude
8/20/2026 4:01:10 AM [kex] The people who fucked to make me
8/20/2026 4:01:11 AM [hyp3rvigilant] slow down, brah
8/20/2026 4:01:11 AM [sparklepupjade] i have a terezi cloak/cape from welovefine/forfansbyfans
8/20/2026 4:01:13 AM [kex] OK
8/20/2026 4:01:14 AM [kex] Sorry
8/20/2026 4:01:18 AM [tiger] omg :D
8/20/2026 4:01:18 AM [kex] Im sorry I will do exactly wath you ay
8/20/2026 4:01:21 AM [kex] lol
8/20/2026 4:01:30 AM [tiger] welovefine camp personally
8/20/2026 4:01:31 AM [sparklepupjade] its second-hand but i managed to grab it for 40 dollars (including shipping)
8/20/2026 4:01:31 AM [emPathetic] a lot of my apps have some pesterchum adjacent theming
8/20/2026 4:01:37 AM [kex] You are threatend by me
8/20/2026 4:01:38 AM [tiger] whoa that's decent!
8/20/2026 4:01:40 AM [kex] When we are the same
8/20/2026 4:01:42 AM [kex] We are the same
8/20/2026 4:01:49 AM [kex] Fuck man
8/20/2026 4:01:55 AM [kex] Im just that tiny lil kid that wants your acceptance
8/20/2026 4:01:55 AM [sparklepupjade] 7:01:31 PM [emPathetic] a lot of my apps have some pesterchum adjacent theming <-- wish i could do that but i SUCK at coding
8/20/2026 4:01:56 AM [kex] thats it
8/20/2026 4:01:58 AM [hyp3rvigilant] you like talking about yourself, kex?
8/20/2026 4:02:03 AM [kex] noi
8/20/2026 4:02:04 AM [kex] I dont
8/20/2026 4:02:05 AM [kex] I dont
8/20/2026 4:02:08 AM [kex] myself is the biggest problem
8/20/2026 4:02:12 AM [kex] but I will shut up
8/20/2026 4:02:12 AM [kex] for you
8/20/2026 4:02:15 AM [hyp3rvigilant] ty
8/20/2026 4:02:18 AM [kex] alright
8/20/2026 4:02:19 AM [kex] lol
8/20/2026 4:02:21 AM [sparklepupjade] tried importing a pesterchum theme for discord but it was outdated and didnt work T_T
8/20/2026 4:02:26 AM [kex] like I said like im like 3 different people
8/20/2026 4:02:27 AM [tiger] boo
8/20/2026 4:02:30 AM [kex] boo
8/20/2026 4:02:31 AM [emPathetic] yeah, lowk hate when that happens sparklepupjade
8/20/2026 4:02:36 AM [kex] You must LOVWE
8/20/2026 4:02:37 AM [kex] LOVE
8/20/2026 4:02:42 AM [kex] your current circumstances
8/20/2026 4:02:44 AM [kex] it shows man
8/20/2026 4:02:47 AM [sparklepupjade] 7:02:27 PM [kex] like I said like im like 3 different people <-- cool! are you plural as well then?
8/20/2026 4:02:49 AM [tiger] omg well actually
8/20/2026 4:02:54 AM [tiger] @kiquja get over here
8/20/2026 4:03:12 AM [emPathetic] i don't think he's gonna make a coding project for discord gang
8/20/2026 4:03:18 AM [tiger] plural gang plural gang
8/20/2026 4:03:25 AM [emPathetic] he's still working on his own plugins for nic+
8/20/2026 4:03:30 AM [BloodOrangeVampire] I guess homestuck is surprisingly relevant for soulseek - the soundtracks shaped my music taste as much as the visual side of things influenced my visual interests
8/20/2026 4:03:32 AM [i'd like to commit suicide] As you may have gusssed
8/20/2026 4:03:35 AM [i'd like to commit suicide] I dont enjoy living
8/20/2026 4:03:36 AM [i'd like to commit suicide] at all
8/20/2026 4:03:36 AM [i'd like to commit suicide] Who cares
8/20/2026 4:03:37 AM [sparklepupjade] 7:03:18 PM [tiger] plural gang plural gang <-- OMG WAIT ur plural too?
8/20/2026 4:03:45 AM [i'd like to commit suicide] I spammed myself out again
8/20/2026 4:03:46 AM [i'd like to commit suicide] Listen dude
8/20/2026 4:03:46 AM [tiger] yellow name w spaces ignored
8/20/2026 4:03:51 AM [i'd like to commit suicide] whatevr
8/20/2026 4:03:59 AM [i'd like to commit suicide] oh look in not yellow anymore
8/20/2026 4:04:01 AM [i'd like to commit suicide] What do you want
8/20/2026 4:04:03 AM [sparklepupjade] 7:03:30 PM [BloodOrangeVampire] I guess homestuck is surprisingly relevant for soulseek - the soundtracks shaped my music taste as much as the visual side of things influenced my visual interests <-- same!
8/20/2026 4:04:04 AM [i'd like to commit suicide] Hey
8/20/2026 4:04:08 AM [i'd like to commit suicide] Why dont you talk to me like a real man
8/20/2026 4:04:12 AM [i'd like to commit suicide] What the fuck si wrong wit hyou
8/20/2026 4:04:14 AM [i'd like to commit suicide] This is kex
8/20/2026 4:04:18 AM [i'd like to commit suicide] I want to kill myself
8/20/2026 4:04:24 AM [i'd like to commit suicide] Get away youre my getaway
8/20/2026 4:04:27 AM [i'd like to commit suicide] I wanna break out
8/20/2026 4:04:38 AM [i'd like to commit suicide] https://youtu.be/7uhWJATdXMA?is=TvV1n4NTYzZakDmC
8/20/2026 4:04:39 AM * i'd like to commit suicide Maxx - Get A Way (Official Video) | Altra Moda Music | 03:44 | 191,610,158 views | 964,463 likes | Jul 12, 2016 | 19,818 comments
8/20/2026 4:04:41 AM [i'd like to commit suicide] This is your favorite song righg
8/20/2026 4:04:43 AM [i'd like to commit suicide] right*
8/20/2026 4:04:49 AM [sparklepupjade] r u okay :(
8/20/2026 4:04:51 AM [sparklepupjade] im worried
8/20/2026 4:05:39 AM [sparklepupjade] can i upload pdf files to soulseek
8/20/2026 4:05:44 AM [sparklepupjade] not pdf files as in pedophiles
8/20/2026 4:05:48 AM [sparklepupjade] like the actual file type
8/20/2026 4:05:58 AM [sparklepupjade] just curious because i have some comics i would like to upload here
8/20/2026 4:06:07 AM [sparklepupjade] incase the itch io acc gets taken down
8/20/2026 4:06:25 AM [BloodOrangeVampire] yeah should work, I've seen people share movies and game roms
8/20/2026 4:06:37 AM [sparklepupjade] okay
8/20/2026 4:06:39 AM [sparkepup kex] Im sorry
8/20/2026 4:06:45 AM [sparkepup kex] what were you trying to say to me?
8/20/2026 4:06:46 AM [sparklepupjade] oh?
8/20/2026 4:07:02 AM [sparkepup kex] >_>
8/20/2026 4:07:05 AM [BloodOrangeVampire] that being said people might be a bit more careful about pdfs, since they can be maliciously modified
8/20/2026 4:07:11 AM [sparkepup kex] I mean you guys are alright
8/20/2026 4:07:12 AM [sparkepup kex] You know
8/20/2026 4:07:26 AM [sparklepupjade] im a bit confused on why u took inspo from my user, but i dont mind!
8/20/2026 4:07:30 AM [sparkepup kex] heh
8/20/2026 4:07:32 AM [sparkepup kex] awesome
8/20/2026 4:07:37 AM [sparkepup kex] I might go to slep soon
8/20/2026 4:07:40 AM [sparkepup kex] I guess
8/20/2026 4:07:45 AM [sparklepupjade] okay !!
8/20/2026 4:07:48 AM [sparkepup kex] I gotta call the court house tomorrow you know
8/20/2026 4:07:48 AM [sparkepup kex] oay
8/20/2026 4:07:51 AM [sparkepup kex] Jesus
8/20/2026 4:08:00 AM [sparkepup kex] I got arrested like a year ago
8/20/2026 4:08:02 AM [sparkepup kex] FUck
8/20/2026 4:08:03 AM [sparkepup kex] Man
8/20/2026 4:08:07 AM [sparklepupjade] im scared that ill be associated with u now though :(
8/20/2026 4:08:08 AM [sparkepup kex] I dont know
8/20/2026 4:08:08 AM [sparklepupjade] since like
8/20/2026 4:08:10 AM [sparkepup kex] no noe gives a fuck about me
8/20/2026 4:08:17 AM [sparkepup kex] i bet you have a significant other
8/20/2026 4:08:17 AM [sparkepup kex] I dont
8/20/2026 4:08:19 AM [sparklepupjade] ur user starts with sparklepup and mine does too
8/20/2026 4:08:21 AM [sparkepup kex] Yeah
8/20/2026 4:08:24 AM [sparklepupjade] well
8/20/2026 4:08:24 AM [sparkepup kex] Lets just like
8/20/2026 4:08:30 AM [sparkepup kex] Be cool
8/20/2026 4:08:34 AM [sparklepupjade] i dont ACTUALLY have a significant other
8/20/2026 4:08:37 AM [sparkepup kex] good
8/20/2026 4:08:38 AM [sparklepupjade] unless vriska serket counts
8/20/2026 4:08:43 AM [sparklepupjade] but not really
8/20/2026 4:08:46 AM [tiger] whew!
8/20/2026 4:08:47 AM [sparklepupjade] since she isnt real
8/20/2026 4:08:50 AM [sparklepupjade] and im delusional
8/20/2026 4:08:52 AM [sparklepupjade] but
8/20/2026 4:09:03 AM [sparkepup kex] heh
8/20/2026 4:09:08 AM [sparkepup kex] i like you
8/20/2026 4:09:09 AM [sparkepup kex] we can get along
8/20/2026 4:09:10 AM [tiger] >20/08/26 19:03:37 [sparklepupjade] 7:03:18 PM [tiger] plural gang plural gang <-- OMG WAIT ur plural too? <-- ye :3
