8/20/2026 2:15:50 AM [kiquja] a
8/20/2026 2:15:50 AM [kiquja] a
8/20/2026 2:15:51 AM [kiquja] a
8/20/2026 2:15:51 AM [kiquja] a
8/20/2026 2:22:04 AM * kiquja is meowing to the tune of "Solo" by "Frank Ocean" 𑙙^•⩊•^≼
8/20/2026 2:22:34 AM [adxwkd] kiquja
8/20/2026 2:22:52 AM [adxwkd] kiquja
8/20/2026 2:23:07 AM [adxwkd] kiquja
8/20/2026 2:23:33 AM [adxwkd] kiquja
8/20/2026 2:23:34 AM [adxwkd] kiquja
8/20/2026 2:25:06 AM [kiquja] testtt
8/20/2026 3:52:23 AM * kiquja is meowing to the tune of "There Will Be Tears" by "Frank Ocean" 𑙙^•⩊•^≼
8/20/2026 3:54:31 AM [adxwkd] test
8/20/2026 3:54:31 AM [adxwkd] test
8/20/2026 3:54:50 AM [adxwkd] test
8/20/2026 3:54:50 AM [adxwkd] test
8/20/2026 3:55:14 AM [adxwkd] test
8/20/2026 3:55:19 AM [adxwkd] tranny
8/20/2026 3:55:28 AM [adxwkd] wtff fuckenign PLUGGININN WORKK
8/20/2026 3:55:29 AM [adxwkd] GODDAMNN
8/20/2026 3:55:14 AM [adxwkd] test
8/20/2026 3:55:19 AM [adxwkd] tranny
8/20/2026 3:55:28 AM [adxwkd] wtff fuckenign PLUGGININN WORKK
8/20/2026 3:55:29 AM [adxwkd] GODDAMNN
8/20/2026 3:56:39 AM [adxwkd] kiquja
8/20/2026 3:56:39 AM [adxwkd] kiquja
8/20/2026 3:57:28 AM [kiquja] test
8/20/2026 3:57:28 AM [kiquja] test
8/20/2026 3:58:08 AM * kiquja is meowing to the tune of "There Will Be Tears" by "Frank Ocean" 𑙙^•⩊•^≼
8/20/2026 3:58:08 AM * kiquja is meowing to the tune of "There Will Be Tears" by "Frank Ocean" 𑙙^•⩊•^≼
8/20/2026 3:59:35 AM [adxwkd] trann
8/20/2026 3:59:38 AM [adxwkd] negro
8/20/2026 3:59:38 AM [adxwkd] test
8/20/2026 3:59:35 AM [adxwkd] trann
8/20/2026 3:59:38 AM [adxwkd] negro
8/20/2026 3:59:38 AM [adxwkd] test
8/20/2026 4:07:27 AM [adxwkd] kiquja
8/20/2026 4:07:41 AM [adxwkd] test
