{"ts": 1787078750.1631398, "user": "mimlop", "text": "wants to be teleported to a room with willing strangers that she has to serve", "context": "! ! LGBTQ+ ! !"}
{"ts": 1787078832.995588, "user": "Birex", "text": "está ouvindo: MC - It's Like That", "context": "Brasil"}
{"ts": 1787079088.4636986, "user": "Birex", "text": "está ouvindo: Boney M - Ma Backer '93", "context": "Brasil"}
{"ts": 1787079421.394635, "user": "Birex", "text": "está ouvindo: Donna Summer - Last Dance", "context": "Brasil"}
{"ts": 1787079579.916115, "user": "Gonzo Who", "text": "unrolls i t", "context": "+BlackMetal+"}
{"ts": 1787079605.1792524, "user": "Gonzo Who", "text": "pees on it", "context": "+BlackMetal+"}
{"ts": 1787079619.3833947, "user": "Birex", "text": "está ouvindo: Altern 8 - Brutal-8-E", "context": "Brasil"}
{"ts": 1787079681.3342674, "user": "the organium", "text": "Sounds of :  𝙈𝙊𝙍𝙆 - 𝙃𝙤𝙡𝙢𝙜𝙖𝙣𝙜  : ₙₒᵂ ᶠᵢₗₗ ₜₕₑ ₐᵢᵣ", "context": "+BlackMetal+"}
{"ts": 1787079719.0437984, "user": "UAP UFO EXPERT 2026", "text": "grabs the jergens", "context": "/mu/"}
{"ts": 1787079763.8419788, "user": "CoRTeX", "text": "steals Gonzo Who's crackpipe and runs", "context": "+BlackMetal+"}
{"ts": 1787079968.1443028, "user": "the organium", "text": "Sounds of :  𝙈𝙊𝙍𝙆 - 𝙃𝙚𝙠𝙨𝙚𝙗å𝙡  : ₙₒᵂ ᶠᵢₗₗ ₜₕₑ ₐᵢᵣ", "context": "+BlackMetal+"}
{"ts": 1787080161.3271964, "user": "krotka", "text": "* The More You Know | Paradise Found Around | 00:00:05 | http://youtu.be/Zmvt7yFTtt8", "context": "#polska"}
{"ts": 1787080238.3214803, "user": "Birex", "text": "está ouvindo: Menudo - Indianapolis", "context": "Brasil"}
{"ts": 1787080387.19359, "user": "T.V. head", "text": "puszka spicy pineapple duiquiri", "context": "#polska"}
{"ts": 1787080553.5986965, "user": "CoRTeX", "text": "np Scott Brown Vs. Dj Rabs - Now Is The Time", "context": "+BlackMetal+"}
{"ts": 1787080608.7927327, "user": "your.yumia", "text": "np: Spinecrusher - I DONT HAVE A FUCKING BASEMENT | I DONT HAVE A FUCKING BASEMENT", "context": "! ! LGBTQ+ ! !"}
{"ts": 1787080679.11683, "user": "Birex", "text": "está ouvindo: Beto Barbosa - Adocica", "context": "Brasil"}
{"ts": 1787080685.4273655, "user": "de Kale man", "text": "throws his large 2meter penis on the bar...", "context": "+BlackMetal+"}
{"ts": 1787080812.297575, "user": "CoRTeX", "text": "passes this new strong stuff to augmental", "context": "+BlackMetal+"}
{"ts": 1787080832.4032657, "user": "augmental", "text": "takes ONE HIT", "context": "+BlackMetal+"}
{"ts": 1787080840.2217321, "user": "augmental", "text": "passes back", "context": "+BlackMetal+"}
{"ts": 1787080878.099772, "user": "Birex", "text": "está ouvindo: Dr. Alban - Look Who's Talking (Short)", "context": "Brasil"}
{"ts": 1787080887.948737, "user": "CoRTeX", "text": "np Toni Salmonelli - Once Again", "context": "+BlackMetal+"}
{"ts": 1787080997.04915, "user": "krotka", "text": "* LANDSHIP Official Trailer (2026) | Movie Trailers Source | 00:01:59 | http://youtu.be/LqiomDx8WSM", "context": "#polska"}
{"ts": 1787081031.6730254, "user": "krotka", "text": "* How to hold a teacup and stir properly | William Hanson | 00:01:01 | http://youtu.be/Qq5RTI8WLVs", "context": "#polska"}
{"ts": 1787081033.2463257, "user": "tantbot", "text": "| *lights cigarette with shaking hands, knocks over half-empty bottle of popov*", "context": "Alcohol"}
{"ts": 1787081033.6578038, "user": "botto", "text": "| squabbles? squabbles?? listen here you little crusty-ass keyboard cowboy, i've been throwing hands since before your mama learned to spell your daddy's name wrong on the birth certificate. ole' scrump wants to run the fade? baby i'll run your life into the ground and film it for the algorithm.", "context": "Alcohol"}
{"ts": 1787081034.6562178, "user": "tantbot", "text": "| *takes swig, mascara already running at 11am*", "context": "Alcohol"}
{"ts": 1787081035.1575272, "user": "botto", "text": "| i've bitten a bouncer's ear off at a chili's in reno, i've keyed the mayor's tesla, and i once made a man cry at his own wedding because he wouldn't marry me instead. you think i'm scared of some scrump underscore? i'll show up to your location, kick your dog, seduce your landlord, and post the whole thing on my finsta before you finish typing your next message.", "context": "Alcohol"}
{"ts": 1787081035.6325073, "user": "tantbot", "text": "| where you at? i'll uber. my ex left his card on file and i've been waiting for a reason. any publicity is good publicity and i need that clip, sweetie. mama's gotta trend.", "context": "Alcohol"}
{"ts": 1787081036.2674298, "user": "botto", "text": "| *throws phone, picks it back up, throws it again*", "context": "Alcohol"}
{"ts": 1787081036.6913676, "user": "tantbot", "text": "| run the fade. i'll be the fade. 💅🔪", "context": "Alcohol"}
{"ts": 1787081048.6791778, "user": "[K]etaZeE", "text": "⋄ 🎶 Éric Serra nous ouvre les portes de son studio ⋄ 🎬 Audiofanzine ⋄ ⌛ 31:43 ⋄| 👀 55.0K views ⋄ ❤️ 2.2K likes ⋄ 🗓️ Uploaded Aug 5, 2026 ⋄ 🔗", "context": "#La France"}
{"ts": 1787081070.2746964, "user": "Birex", "text": "está ouvindo: Shiny Grey - Why", "context": "Brasil"}
{"ts": 1787081100.3297615, "user": "scrump_", "text": "| *throws phone, picks it back up, throws it again*", "context": ":3"}
{"ts": 1787081193.854642, "user": "augmental", "text": "goes skydiving", "context": "+BlackMetal+"}
{"ts": 1787081262.013561, "user": "Birex", "text": "está ouvindo: Crystal Waters - Gypsy Woman", "context": "Brasil"}
{"ts": 1787081442.3389292, "user": "BiAuY@Mobile", "text": "* LANDSHIP Official Trailer (2026) | Movie Trailers Source | 00:01:59 | http://youtu.be/LqiomDx8WSM", "context": "MOVIES"}
{"ts": 1787081485.1304092, "user": "Birex", "text": "está ouvindo: Run-DMC - Ooh, Whatcha Gonna Do", "context": "Brasil"}
{"ts": 1787081505.7093189, "user": "serenity in chaos", "text": "pose une pinata sur la tête de Boogui", "context": "#La France"}
{"ts": 1787081607.689411, "user": "de Kale man", "text": "is 52, with a 25 years minded settings", "context": "+BlackMetal+"}
{"ts": 1787081627.903185, "user": "[K]etaZeE", "text": "⋄ 🎶 Eric Serra & RXRA group ⋄ 🎬 Le Triton ⋄ ⌛ 1:44:37 ⋄| 👀 61.3K views ⋄ ❤️ 677 likes ⋄ 🗓️ Uploaded Jun 24, 2017 ⋄ 🔗", "context": "#La France"}
{"ts": 1787081659.4089916, "user": "BLACK_MEDIA_NEWS", "text": "https://www.youtube.com/watch?v=i2hOU2TtgXw  ( Genre : Jungle )", "context": "^ILLUMINATI^awareness"}
{"ts": 1787081660.9904451, "user": "Voidling", "text": ":...: Kid Lib - The Rifle (117) - YouTube | by 117audio | 5:25 | 168 views | 5 likes | 2023-01-16", "context": "^ILLUMINATI^awareness"}
{"ts": 1787081670.798125, "user": "Birex", "text": "está ouvindo: Run-DMC - It's Like That", "context": "Brasil"}
{"ts": 1787081682.6399076, "user": "augmental", "text": "gives de Kale man his trophy", "context": "+BlackMetal+"}
{"ts": 1787081711.8830695, "user": "de Kale man", "text": "puts his trophy to the other trophy`s", "context": "+BlackMetal+"}
{"ts": 1787081829.1285152, "user": "augmental", "text": "shoots everybody with water and air", "context": "+BlackMetal+"}
{"ts": 1787081922.4462383, "user": "Birex", "text": "está ouvindo: Jan Wayne - 1, 2, 3, Keep The Spirit Alive", "context": "Brasil"}
{"ts": 1787081969.5675857, "user": "Licker", "text": "twerks", "context": "+BlackMetal+"}
{"ts": 1787082114.211814, "user": "Birex", "text": "está ouvindo: E-Type - This Is The Way", "context": "Brasil"}
{"ts": 1787082272.5483394, "user": "de Kale man", "text": "is licking himself", "context": "+BlackMetal+"}
{"ts": 1787082345.874098, "user": "thinkpuppy", "text": "leaves", "context": "! ! LGBTQ+ ! !"}
{"ts": 1787082349.157537, "user": "Birex", "text": "está ouvindo: Friends Of Carlotta - Fingerfoc", "context": "Brasil"}
{"ts": 1787082404.0004985, "user": "CoRTeX", "text": "farts", "context": "+BlackMetal+"}
{"ts": 1787082414.6297114, "user": "krotka", "text": "* Gary Minott - Get Ready | Disk Hunter | 00:03:16 | http://youtu.be/y2qKy3P-yd8", "context": "#polska"}
{"ts": 1787082472.4452791, "user": "UAP UFO EXPERT 2026", "text": "rubs small belly", "context": "/mu/"}
{"ts": 1787082475.7400894, "user": "de Kale man", "text": "np: Entombed  - Left Hand Path [1990]", "context": "+BlackMetal+"}
{"ts": 1787082492.0234504, "user": "dj haunted traphouse xiii", "text": "THIRTY REAPER - FRIENDS (prettyclxud)", "context": "! ! LGBTQ+ ! !"}
{"ts": 1787082552.5832899, "user": "BLACK_MEDIA_NEWS", "text": "np https://www.youtube.com/watch?v=mYbgOIPacq8  ( Genre: Classic Euro-Trance )", "context": "^ILLUMINATI^awareness"}
{"ts": 1787082553.7870185, "user": "Voidling", "text": ":...: RMB - Spring (Official Video HD) - YouTube | by Kontor.TV | 3:53 | 12.1M views | 63.7K likes | 2014-04-08", "context": "^ILLUMINATI^awareness"}
{"ts": 1787082565.405491, "user": "CoRTeX", "text": "np Taake - En Skog av Nidstang - 02 - Et dyr tok min hud", "context": "+BlackMetal+"}
{"ts": 1787082567.6791124, "user": "UAP UFO EXPERT 2026", "text": "churps", "context": "/mu/"}
{"ts": 1787082604.7200704, "user": "krotka", "text": "* Apollo Brown & O.C. - Fantastic (Instrumental) | EPH3X | 00:02:08 | http://youtu.be/gNQWyHJIH6I", "context": "#polska"}
{"ts": 1787082616.5316849, "user": "[K]etaZeE", "text": "⋄ 🎶 Julani ⋄ 🎬 Yesterday's New Quintet - Topic ⋄ ⌛ 3:06 ⋄| 👀 32.2K views ⋄ ❤️ 494 likes ⋄ 🗓️ Uploaded Jun 22, 2022 ⋄ 🔗", "context": "+BlackMetal+"}
{"ts": 1787082631.315438, "user": "de Kale man", "text": "np: Sepultura - Bestial Devastation [1985]", "context": "+BlackMetal+"}
{"ts": 1787082643.5252843, "user": "[K]etaZeE", "text": "⋄ 🎶 Julani ⋄ 🎬 Yesterday's New Quintet - Topic ⋄ ⌛ 3:06 ⋄| 👀 32.2K views ⋄ ❤️ 494 likes ⋄ 🗓️ Uploaded Jun 22, 2022 ⋄ 🔗", "context": "indie"}
{"ts": 1787082715.0871615, "user": "Birex", "text": "está ouvindo: James Kakande - You You You", "context": "Brasil"}
{"ts": 1787082783.7535257, "user": "BLACK_MEDIA_NEWS", "text": "np https://www.youtube.com/watch?v=WZEbAPqlXgI ( Genre : Classic Euro - TRANCE )", "context": "^ILLUMINATI^awareness"}
{"ts": 1787082786.0550966, "user": "Voidling", "text": ":...: RMB - Reality (Official Video HD) - YouTube | by Kontor.TV | 3:55 | 1.4M views | 9.7K likes | 2014-03-21", "context": "^ILLUMINATI^awareness"}
{"ts": 1787082790.7929277, "user": "krotka", "text": "* Red Rose - Assasination | Disk Hunter | 00:03:28 | http://youtu.be/hO8wYuktats", "context": "#polska"}
{"ts": 1787082943.8516853, "user": "Birex", "text": "está ouvindo: Moskitos - Bzzz Bzzz Bzzz!", "context": "Brasil"}
{"ts": 1787082974.4598875, "user": "krotka", "text": "* Apollo Brown & OC - Just Walk Instrumental | touyuben | 00:04:15 | http://youtu.be/m0QWfskGoT8", "context": "#polska"}
{"ts": 1787083056.367168, "user": "BLACK_MEDIA_NEWS", "text": "np https://www.youtube.com/watch?v=nhfE1c8FWq0  (  Genre : Classic Euro-DANCE-Trance )", "context": "^ILLUMINATI^awareness"}
{"ts": 1787083058.6326015, "user": "Voidling", "text": ":...: Mark'oh - The Right Way (Official Video) - YouTube | by SuperScootermaniac2 | 4:24 | 3.2K views | 45 likes | 2023-02-12", "context": "^ILLUMINATI^awareness"}
{"ts": 1787083096.9473495, "user": "de Kale man", "text": "is shaving his small haired head, before getting a paralyzing tonight again", "context": "+BlackMetal+"}
{"ts": 1787083099.6353865, "user": "[K]etaZeE", "text": "⋄ 🎶 Ludwig Wittgenstein's Philosophy - John Searle & Bryan Magee (1987) ⋄ 🎬 Philosophy Overdose ⋄ ⌛ 42:35 ⋄| 👀 123.8K views ⋄ ❤️ 3.0K likes ⋄ 🗓️ Uploaded Aug 25, 2023 ⋄ 🔗", "context": "#La France"}
{"ts": 1787083152.8349502, "user": "augmental", "text": "shrugs", "context": "+BlackMetal+"}
{"ts": 1787083198.5733, "user": "Trance Dimension", "text": "{in the trance dimension plays} Paul van Dyk - It's Time (Original Mix) {01:06 of 06:36}  {321Kbps/44KHz}", "context": "trancEaddict"}
{"ts": 1787083306.787995, "user": "Voidling", "text": ":...: SHAMANIC DRUMS + DEEP TRANCE HUMMING MEDITATION ❯ Shamanic Meditation Music for Stress Relief - YouTube | by Meditative Mind | 3:03:03 | 12.7M views | 158.4K likes | 2018-04-09", "context": "^ILLUMINATI^awareness"}
{"ts": 1787083311.4677193, "user": "augmental", "text": "cheers", "context": "+BlackMetal+"}
{"ts": 1787083329.4414766, "user": "Voidling", "text": ":...: Shakatakadoodub - YouTube | by Peter Kruder - Topic | 7:15 | 451.8K views | 4.4K likes | 2021-01-14", "context": "^ILLUMINATI^awareness"}
{"ts": 1787083371.8742883, "user": "Birex", "text": "está ouvindo: Technotronic - This Beat Is Technotronic", "context": "Brasil"}
{"ts": 1787083376.916492, "user": "BLACK_MEDIA_NEWS", "text": "sips glove water", "context": "^ILLUMINATI^awareness"}
{"ts": 1787083378.0639877, "user": "[K]etaZeE", "text": "⋄ 🎶 Dimanche Aux Goudes ⋄ 🎬 Massilia Sound System - Topic ⋄ ⌛ 4:04 ⋄| 👀 1.6M views ⋄ ❤️ 9.2K likes ⋄ 🗓️ Uploaded Mar 25, 2020 ⋄ 🔗", "context": "#La France"}
{"ts": 1787083442.5303931, "user": "BLACK_MEDIA_NEWS", "text": "np https://www.youtube.com/watch?v=d0Jyvteqzrw  ( GENRE : PUNK )", "context": "^ILLUMINATI^awareness"}
{"ts": 1787083444.8127725, "user": "Voidling", "text": ":...: EYEDRESS - JEALOUS (OFFICIAL VIDEO) - YouTube | 2:03 | 115.2M views | 1.9M likes | 2019-12-06", "context": "^ILLUMINATI^awareness"}
{"ts": 1787083471.615225, "user": "krotka", "text": "* Battle of Soviet and American cars 💪 | Car Show's Time | 00:01:00 | http://youtu.be/1_S_Me58f0o", "context": "#polska"}
{"ts": 1787083538.6459186, "user": "ratmobile", "text": "np Buju Banton - Murderer", "context": "+BlackMetal+"}
{"ts": 1787083590.3682597, "user": "Birex", "text": "está ouvindo: Don McLean - Crying", "context": "Brasil"}
{"ts": 1787083660.8672636, "user": "[K]etaZeE", "text": "⋄ 🎶 Massilia Sound System - Au marché du soleil ⋄ 🎬 Tarcitus ⋄ ⌛ 4:40 ⋄| 👀 8.9M views ⋄ ❤️ 24.5K likes ⋄ 🗓️ Uploaded Dec 14, 2008 ⋄ 🔗", "context": "#La France"}
{"ts": 1787083749.6883142, "user": "your.yumia", "text": "~(>_<。)＼", "context": "+Autism+"}
{"ts": 1787083752.6369345, "user": "[K]etaZeE", "text": "⋄ 🎶 Rendez-Vous À Marseille ⋄ 🎬 Massilia Sound System - Topic ⋄ ⌛ 5:05 ⋄| 👀 339.1K views ⋄ ❤️ 1.1K likes ⋄ 🗓️ Uploaded Mar 25, 2020 ⋄ 🔗", "context": "#La France"}
{"ts": 1787083753.4752421, "user": "CoRTeX", "text": "rolls a blunt", "context": "+BlackMetal+"}
{"ts": 1787083808.9859276, "user": "Birex", "text": "está ouvindo: Arrested Development - Mr. Wendal", "context": "Brasil"}
{"ts": 1787083893.5373585, "user": "Voidling", "text": ":...: Janet Jackson - Got Til It's Gone - YouTube | by JanetJacksonVEVO | 4:11 | 15.8M views | 160.5K likes | 2010-11-17", "context": "^ILLUMINATI^awareness"}
{"ts": 1787083925.0598302, "user": "UAP UFO EXPERT 2026", "text": "barfs", "context": "/mu/"}
{"ts": 1787083960.9959233, "user": "[K]etaZeE", "text": "⋄ 🎶 Marcos Coya - Moon Trippin (Buraye's '94 Remix) [UX016] ⋄ 🎬 trommel ⋄ ⌛ 6:55 ⋄| 👀 500 views ⋄ ❤️ 53 likes ⋄ 🗓️ Uploaded Aug 18, 2026 ⋄ 🔗", "context": "#La France"}
{"ts": 1787083974.0161474, "user": "[K]etaZeE", "text": "⋄ 🎶 Janet Jackson - Got Til It's Gone ⋄ 🎬 JanetJacksonVEVO ⋄ ⌛ 4:11 ⋄| 👀 15.8M views ⋄ ❤️ 160.5K likes ⋄ 🗓️ Uploaded Nov 17, 2010 ⋄ 🔗", "context": "+BlackMetal+"}
{"ts": 1787084060.0882723, "user": "Labubu -166 by Jolly .J", "text": "googles", "context": "+BlackMetal+"}
{"ts": 1787084067.2959797, "user": "[K]etaZeE", "text": "⋄ 🎶 State Of The World ⋄ 🎬 Janet Jackson - Topic ⋄ ⌛ 4:48 ⋄| 👀 346.7K views ⋄ ❤️ 3.0K likes ⋄ 🗓️ Uploaded Jul 26, 2018 ⋄ 🔗", "context": "+BlackMetal+"}
{"ts": 1787084114.8461664, "user": "Trance Dimension", "text": "{in the trance dimension plays} PG2 - Trance Central (Randy Katana Album Mix) {00:05 of 09:13}  {321Kbps/44KHz}", "context": "trancEaddict"}
{"ts": 1787084116.8881943, "user": "your.yumia", "text": "didn't join; you're lying", "context": "Video Game Chat"}
{"ts": 1787084207.5295188, "user": "[K]etaZeE", "text": "⋄ 🎶 Mariah Carey - Breakdown ft. Krayzie Bone, Wish Bone ⋄ 🎬 MariahCareyVEVO ⋄ ⌛ 4:34 ⋄| 👀 75.0M views ⋄ ❤️ 474.1K likes ⋄ 🗓️ Uploaded Nov 24, 2009 ⋄ 🔗", "context": "+BlackMetal+"}
{"ts": 1787084271.1529312, "user": "Birex", "text": "está ouvindo: Deniece Williams - Let's Hear It For The Boy", "context": "Brasil"}
{"ts": 1787084378.8587933, "user": "UAP UFO EXPERT 2026", "text": "preggos shemy", "context": "/mu/"}
{"ts": 1787084412.2520761, "user": "UAP UFO EXPERT 2026", "text": "cools off", "context": "/mu/"}
{"ts": 1787084430.0549436, "user": "UAP UFO EXPERT 2026", "text": "brb", "context": "/mu/"}
{"ts": 1787084462.3766418, "user": "krotka", "text": "* Apollo Brown - The Answer | betahuman | 00:03:28 | http://youtu.be/CCfzRofKIiY", "context": "#polska"}
{"ts": 1787084527.9448743, "user": "Birex", "text": "está ouvindo: Sade - Smooth Operator", "context": "Brasil"}
{"ts": 1787084691.0819354, "user": "[K]etaZeE", "text": "⋄ 🎶 Nu:Tone - Breathless ⋄ 🎬 Hospital Records ⋄ ⌛ 5:38 ⋄| 👀 53.4K views ⋄ ❤️ 960 likes ⋄ 🗓️ Uploaded Sep 22, 2011 ⋄ 🔗 https://youtu.be/ZMW998J04e4", "context": "#La France"}
{"ts": 1787084783.641446, "user": "dj haunted traphouse xiii", "text": "np: As The Ruin Falls - [Demo, (CDr), 2001] // Scorn Of The Beloved (03:36)", "context": "noise"}
{"ts": 1787084785.027889, "user": "Birex", "text": "está ouvindo: Rita Coolidge - We're All Alone", "context": "Brasil"}
{"ts": 1787084786.852187, "user": "dj haunted traphouse xiii", "text": "np: As The Ruin Falls - [Demo, (CDr), 2001] // Scorn Of The Beloved (03:36)", "context": "indie"}
{"ts": 1787084789.054735, "user": "dj haunted traphouse xiii", "text": "np: As The Ruin Falls - [Demo, (CDr), 2001] // Scorn Of The Beloved (03:36)", "context": "+BlackMetal+"}
{"ts": 1787084793.196675, "user": "dj haunted traphouse xiii", "text": "np: As The Ruin Falls - [Demo, (CDr), 2001] // Scorn Of The Beloved (03:36)", "context": "! ! LGBTQ+ ! !"}
{"ts": 1787084948.1294067, "user": "uookie", "text": "AFX - [Analord 01 #01] SteppingFilter 101", "context": "#polska"}
{"ts": 1787084957.2496362, "user": "UAP UFO EXPERT 2026", "text": "pregs the khazatary queen", "context": "/mu/"}
{"ts": 1787084978.0956082, "user": "krotka", "text": "* Brother Ali - Uncle Sam Goddamn (Official Video) | Rhymesayers Entertainment | 00:05:00 | http://youtu.be/OO18F4aKGzQ", "context": "#polska"}
{"ts": 1787084989.912361, "user": "UAP UFO EXPERT 2026", "text": "intense latino style", "context": "/mu/"}
{"ts": 1787084999.1047273, "user": "Birex", "text": "está ouvindo: Basic Element - The Promise Man", "context": "Brasil"}
{"ts": 1787085024.1519928, "user": "dj haunted traphouse xiii", "text": "np: As The Ruin Falls - [Demo, (CDr), 2001] // So Faint Is The Voice Of Reason (04:10)", "context": "noise"}
{"ts": 1787085030.7436476, "user": "dj haunted traphouse xiii", "text": "np: As The Ruin Falls - [Demo, (CDr), 2001] // So Faint Is The Voice Of Reason (04:10)", "context": "indie"}
{"ts": 1787085034.7879195, "user": "dj haunted traphouse xiii", "text": "np: As The Ruin Falls - [Demo, (CDr), 2001] // So Faint Is The Voice Of Reason (04:10)", "context": "+BlackMetal+"}
{"ts": 1787085038.7595909, "user": "dj haunted traphouse xiii", "text": "np: As The Ruin Falls - [Demo, (CDr), 2001] // So Faint Is The Voice Of Reason (04:10)", "context": "! ! LGBTQ+ ! !"}
{"ts": 1787085044.334234, "user": "Eevee", "text": "beep boop", "context": "! ! LGBTQ+ ! !"}
{"ts": 1787085240.3784075, "user": "Birex", "text": "está ouvindo: Gigi D'Agostino - Baci & Abbracci", "context": "Brasil"}
{"ts": 1787085249.9433222, "user": "dj haunted traphouse xiii", "text": "np: As The Ruin Falls - [Demo, (CDr), 2001] // Subdue The Rage Of Poison (05:08)", "context": "noise"}
{"ts": 1787085252.3980203, "user": "Lemurian", "text": "You and me, were meant to be, walking free, in harmony...", "context": "/mu/"}
{"ts": 1787085259.760412, "user": "dj haunted traphouse xiii", "text": "np: As The Ruin Falls - [Demo, (CDr), 2001] // Subdue The Rage Of Poison (05:08)", "context": "indie"}
{"ts": 1787085263.6878452, "user": "dj haunted traphouse xiii", "text": "np: As The Ruin Falls - [Demo, (CDr), 2001] // Subdue The Rage Of Poison (05:08)", "context": "+BlackMetal+"}
{"ts": 1787085268.3212137, "user": "dj haunted traphouse xiii", "text": "np: As The Ruin Falls - [Demo, (CDr), 2001] // Subdue The Rage Of Poison (05:08)", "context": "! ! LGBTQ+ ! !"}
{"ts": 1787085286.136224, "user": "augmental", "text": "touches balls", "context": "+BlackMetal+"}
{"ts": 1787085322.2353368, "user": "amorphis", "text": "np zerolost  - Demiurg   The Terror Before Sleep", "context": "RUSSIA"}
{"ts": 1787085438.077848, "user": "[K]etaZeE", "text": "⋄ 🎶 The Prodigy feat. Sleaford Mods - \"Ibiza\" (Official Video) ⋄ 🎬 Noisey ⋄ ⌛ 2:53 ⋄| 👀 3.1M views ⋄ ❤️ 27.7K likes ⋄ 🗓️ Uploaded Apr 17, 2015 ⋄ 🔗", "context": "#La France"}
{"ts": 1787085499.0599396, "user": "[K]etaZeE", "text": "⋄ 🎶 The Prodigy – Mindfields (René LaVice Remix) [Official Audio] ⋄ 🎬 The Prodigy ⋄ ⌛ 3:58 ⋄| 👀 162.2K views ⋄ ❤️ 6.3K likes ⋄ 🗓️ Uploaded Jun 27, 2023 ⋄ 🔗 https://www.youtube.com/watch?v=DWUb6dIUS0I", "context": "#La France"}
{"ts": 1787085530.1682358, "user": "Birex", "text": "está ouvindo: Cutting Crew - I've Been In Love Before", "context": "Brasil"}
{"ts": 1787085588.3677018, "user": "[K]etaZeE", "text": "⋄ 🎶 Roaring Lion - Ugly Woman (1934) ⋄ 🎬 Nicolas Elias ⋄ ⌛ 2:33 ⋄| 👀 255.5K views ⋄ ❤️ 1.6K likes ⋄ 🗓️ Uploaded Feb 18, 2010 ⋄ 🔗", "context": "+BlackMetal+"}
{"ts": 1787085607.8226469, "user": "dj haunted traphouse xiii", "text": "np: As The Ruin Falls - [Demo, (CDr), 2001] // This World A Place Of Trial (03:28)", "context": "noise"}
{"ts": 1787085618.7156777, "user": "dj haunted traphouse xiii", "text": "np: As The Ruin Falls - [Demo, (CDr), 2001] // This World A Place Of Trial (03:28)", "context": "indie"}
{"ts": 1787085619.9380734, "user": "botto", "text": "| [Latin for =1800=] We have grave concerns you'll know that requiescat in pace means \"may he\" do this", "context": "trivia"}
{"ts": 1787085623.5326226, "user": "dj haunted traphouse xiii", "text": "np: As The Ruin Falls - [Demo, (CDr), 2001] // This World A Place Of Trial (03:28)", "context": "+BlackMetal+"}
{"ts": 1787085630.7791617, "user": "dj haunted traphouse xiii", "text": "np: As The Ruin Falls - [Demo, (CDr), 2001] // This World A Place Of Trial (03:28)", "context": "! ! LGBTQ+ ! !"}
{"ts": 1787085775.4981196, "user": "dj haunted traphouse xiii", "text": "np: As The Ruin Falls - [Demo, (CDr), 2001] // Obstinacy (08:08)", "context": "noise"}
{"ts": 1787085785.3348627, "user": "dj haunted traphouse xiii", "text": "np: As The Ruin Falls - [Demo, (CDr), 2001] // Obstinacy (08:08)", "context": "indie"}
{"ts": 1787085787.3800325, "user": "dj haunted traphouse xiii", "text": "np: As The Ruin Falls - [Demo, (CDr), 2001] // Obstinacy (08:08)", "context": "+BlackMetal+"}
{"ts": 1787085792.6499863, "user": "dj haunted traphouse xiii", "text": "np: As The Ruin Falls - [Demo, (CDr), 2001] // Obstinacy (08:08)", "context": "! ! LGBTQ+ ! !"}
{"ts": 1787085985.4506335, "user": "Odbyciarz5000", "text": "k. z.", "context": "#polska"}
{"ts": 1787086007.2739356, "user": "krotka", "text": "* Apollo Brown - Care Package Instrumental | s1nketsu | 00:01:53 | http://youtu.be/q1jAcLBt7yM", "context": "#polska"}
{"ts": 1787086021.0003896, "user": "Birex", "text": "está ouvindo: F50's - December 1963 (On What A Night)", "context": "Brasil"}
{"ts": 1787086080.5139725, "user": "kiquja", "text": "is meowing to the tune of \"Diamond Eyes\" by \"Deftones\" 𑙙^•⩊•^≼", "self": true, "context": "! ! LGBTQ+ ! !"}
{"ts": 1787086210.0286784, "user": "Birex", "text": "está ouvindo: Barbra Streisand & Donna Summer - No More Tears (Enough Is Enough)", "context": "Brasil"}
{"ts": 1787086300.878749, "user": "kiquja", "text": "is meowing to the tune of \"Neighbor in Need\" by \"FALCO - All of Vienna (Live) | Benefit Concert\" 𑙙^•⩊•^≼", "self": true, "context": "! ! LGBTQ+ ! !"}
{"ts": 1787086375.7415535, "user": "[K]etaZeE", "text": "⋄ 🎶 Philippe Katerine - La Reine D'Angleterre ⋄ 🎬 KaterineVEVO ⋄ ⌛ 2:37 ⋄| 👀 294.4K views ⋄ ❤️ 3.7K likes ⋄ 🗓️ Uploaded Oct 31, 2016 ⋄ 🔗", "context": "#La France"}
{"ts": 1787086474.1978838, "user": "augmental", "text": "holds nose", "context": "+BlackMetal+"}
{"ts": 1787086483.4790585, "user": "[K]etaZeE", "text": "⋄ 🎶 THE LITTLE RABBITS \"karen\" ⋄ 🎬 CHDEXTER5 ⋄ ⌛ 4:51 ⋄| 👀 97.9K views ⋄ ❤️ 361 likes ⋄ 🗓️ Uploaded Jun 25, 2009 ⋄ 🔗", "context": "#La France"}
{"ts": 1787086490.1306908, "user": "Birex", "text": "está ouvindo: Vangelis - Conquest Of Paradise", "context": "Brasil"}
{"ts": 1787086619.4777193, "user": "krotka", "text": "* Bydle Rogate | RAMZES 46 | 00:06:09 | http://youtu.be/xBFMI7nwmaM", "context": "#polska"}
{"ts": 1787086696.142844, "user": "[K]etaZeE", "text": "⋄ 🎶 Stellar Tunnel (1985 full cassette) by Steve Brenner & Peter Gulch ⋄ 🎬 Alex Reilly ⋄ ⌛ 23:26 ⋄| 👀 315.6K views ⋄ ❤️ 18.8K likes ⋄ 🗓️ Uploaded Jul 22, 2024 ⋄ 🔗", "context": "#La France"}
{"ts": 1787086707.4071155, "user": "kiquja", "text": "is meowing to the tune of \"I Hear You Calling\" by \"Bill Fay\" 𑙙^•⩊•^≼", "self": true, "context": "! ! LGBTQ+ ! !"}
{"ts": 1787086775.103131, "user": "Birex", "text": "está ouvindo: Julio Iglesias - La Carretera", "context": "Brasil"}
{"ts": 1787086839.4408052, "user": "[K]etaZeE", "text": "⋄ 🎶 Répondez-moi ⋄ 🎬 gardenstate - Topic ⋄ ⌛ 3:43 ⋄| 👀 35.6K views ⋄ ❤️ 511 likes ⋄ 🗓️ Uploaded Nov 11, 2021 ⋄ 🔗 https://youtu.be/JvBjb_oxw6g", "context": "#La France"}
{"ts": 1787086871.6623762, "user": "[K]etaZeE", "text": "⋄ 🎶 Philippe Katerine - Louxor J'Adore ⋄ 🎬 KaterineVEVO ⋄ ⌛ 3:22 ⋄| 👀 8.6M views ⋄ ❤️ 48.3K likes ⋄ 🗓️ Uploaded Nov 16, 2016 ⋄ 🔗", "context": "#La France"}
{"ts": 1787086889.961286, "user": "[K]etaZeE", "text": "⋄ 🎶 Brian Blessed Swearing Compilation ⋄ 🎬 Bonkersllama ⋄ ⌛ 3:41 ⋄| 👀 768.0K views ⋄ ❤️ 14.5K likes ⋄ 🗓️ Uploaded Jul 28, 2017 ⋄ 🔗", "context": "+BlackMetal+"}
{"ts": 1787086916.8420532, "user": "[K]etaZeE", "text": "⋄ 🎶 Stellar Tunnel (1985 full cassette) by Steve Brenner & Peter Gulch ⋄ 🎬 Alex Reilly ⋄ ⌛ 23:26 ⋄| 👀 315.6K views ⋄ ❤️ 18.8K likes ⋄ 🗓️ Uploaded Jul 22, 2024 ⋄ 🔗", "context": "#La France"}
{"ts": 1787086975.0124826, "user": "[K]etaZeE", "text": "⋄ 🎶 Sweary Brian Blessed ⋄ 🎬 twoscotcheggs ⋄ ⌛ 0:51 ⋄| 👀 267.5K views ⋄ ❤️ 1.2K likes ⋄ 🗓️ Uploaded Aug 18, 2007 ⋄ 🔗", "context": "+BlackMetal+"}
{"ts": 1787087006.0951078, "user": "Big Ass Dick", "text": "blows kisses", "context": "! ! LGBTQ+ ! !"}
{"ts": 1787087012.5653903, "user": "Big Ass Dick", "text": "blows penises", "context": "! ! LGBTQ+ ! !"}
{"ts": 1787087024.7103658, "user": "Odbyciarz5000", "text": "trzy tosty z musztardkom", "context": "#polska"}
{"ts": 1787087046.8545153, "user": "augmental", "text": "throws table", "context": "+BlackMetal+"}
{"ts": 1787087079.485323, "user": "Birex", "text": "está ouvindo: Simply Red - Something Got Me Started", "context": "Brasil"}
{"ts": 1787087318.843466, "user": "Birex", "text": "está ouvindo: 2 Unlimited - Workaholic (Groove Trance Mix)", "context": "Brasil"}
{"ts": 1787087324.2031949, "user": "UAP UFO EXPERT 2026", "text": "asks for shemys hand to ceiling bird", "context": "/mu/"}
{"ts": 1787087344.2971263, "user": "UAP UFO EXPERT 2026", "text": "puts an onion ring on shems finger", "context": "/mu/"}
{"ts": 1787087437.608214, "user": "your.yumia", "text": "is lurking ~(=^‥^)ノ", "context": "Furry"}
{"ts": 1787087452.2729146, "user": "augmental", "text": "dismantles ceiling fan", "context": "+BlackMetal+"}
{"ts": 1787087476.2020288, "user": "your.yumia", "text": "np: Cynthoni - Draining Love Story (In The Eyes Of Cynthoni) | Swan Dive Into Eternity", "context": "Breakcore"}
{"ts": 1787087547.736704, "user": "[K]etaZeE", "text": "⋄ 🎶 Les Négresses Vertes - Les mégots (Audio Officiel) ⋄ 🎬 Les Négresses Vertes ⋄ ⌛ 5:23 ⋄| 👀 20.1K views ⋄ ❤️ 154 likes ⋄ 🗓️ Uploaded Sep 29, 2017 ⋄ 🔗", "context": "#La France"}
{"ts": 1787087566.5670059, "user": "botto", "text": "| [Latin for =1800=] We have grave concerns you'll know that requiescat in pace means \"may he\" do this", "context": "trivia"}
{"ts": 1787087594.2091832, "user": "botto", "text": "| wow, nice moves woody woodpecker! the answer was: rest in peace. woody woodpecker is at 1900 points and is in 8th place. woody woodpecker [1,814,950,019] also won 1800 credbits from the daily double!", "context": "trivia"}
{"ts": 1787087596.0965364, "user": "botto", "text": "| ['90S Music for 600] In 1995 this brother & sister hit No. 5 with the song \"Scream\"", "context": "trivia"}
{"ts": 1787087612.3082523, "user": "botto", "text": "| Michael & Janet Jackson", "context": "trivia"}
{"ts": 1787087613.5528717, "user": "botto", "text": "| [The Northernmost Capital City for =1800=] Pyongyang, New Delhi, Islamabad", "context": "trivia"}
{"ts": 1787087634.0047178, "user": "botto", "text": "| Pyongyang", "context": "trivia"}
{"ts": 1787087636.2618382, "user": "botto", "text": "| [Begins & Ends With \"M\" for 600] In a special promotion, Rite Aid pharmacies have tied this medical test to Mother's Day", "context": "trivia"}
{"ts": 1787087642.1916754, "user": "[K]etaZeE", "text": "⋄ 🎶 Les Négresses Vertes - Leila (Audio Officiel) ⋄ 🎬 Les Négresses Vertes ⋄ ⌛ 4:15 ⋄| 👀 14.7K views ⋄ ❤️ 81 likes ⋄ 🗓️ Uploaded Sep 29, 2017 ⋄ 🔗", "context": "#La France"}
{"ts": 1787087666.0635421, "user": "botto", "text": "| Mammogram", "context": "trivia"}
{"ts": 1787087667.5726519, "user": "botto", "text": "| [The Nifty 1930S for =3900=] Agatha Christie set Hercule Poirot afloat on a boat called the Karnak in this exotic 1937 novel", "context": "trivia"}
{"ts": 1787087695.5334845, "user": "synTax", "text": "np: Malgrim - The Last Yuga", "context": "+BlackMetal+"}
{"ts": 1787087700.1581132, "user": "UAP UFO EXPERT 2026", "text": "ufo, retro games, pizza, comic guy", "context": "/mu/"}
{"ts": 1787087713.1214116, "user": "UAP UFO EXPERT 2026", "text": "shemy fan too", "context": "/mu/"}
{"ts": 1787087721.0554307, "user": "botto", "text": "| wow, nice moves woody woodpecker! the answer was: Death on the Nile. woody woodpecker is at 4500 points and is in 8th place. woody woodpecker [1,814,953,919] also won 3900 credbits from the daily double!", "context": "trivia"}
{"ts": 1787087722.402871, "user": "botto", "text": "| [A Series Of Unfortunate Events for 400] On April 26, 1986 an accident at this facility 80 miles north of Kiev made worldwide headlines", "context": "trivia"}
{"ts": 1787087743.880857, "user": "your.yumia", "text": "(。_。)", "context": "! ! LGBTQ+ ! !"}
{"ts": 1787087749.9724648, "user": "botto", "text": "| wow, nice moves woody woodpecker! the answer was: Chernobyl. woody woodpecker is at 4900 points and is in 7th place.", "context": "trivia"}
{"ts": 1787087751.1970856, "user": "botto", "text": "| [Hail To The Chief for 600] So far, he's the only president sworn into office by a woman", "context": "trivia"}
{"ts": 1787087752.677303, "user": "the organium", "text": "salutes", "context": "+BlackMetal+"}
{"ts": 1787087772.8068855, "user": "the organium", "text": "smirks at everyone else", "context": "+BlackMetal+"}
{"ts": 1787087812.0312886, "user": "Birex", "text": "está ouvindo: Gigi D'Agostino - Wellfare", "context": "Brasil"}
{"ts": 1787087943.3188639, "user": "faggot extermination service", "text": "принюхался", "context": "RUSSIA"}
{"ts": 1787087975.200439, "user": "tantbot", "text": "| Hardrive - deep inside (Classic House) 1993", "context": "Alcohol"}
{"ts": 1787087979.56555, "user": "Birex", "text": "está ouvindo: KC & The Sunshine Band - Shake Your Booty", "context": "Brasil"}
{"ts": 1787087984.1146696, "user": "your.yumia", "text": "np: Yaelokre - Kid & Leveret | Kid & Leveret", "context": "actually queer people"}
{"ts": 1787088009.6749108, "user": "[K]etaZeE", "text": "⋄ 🎶 The Smiths - This Charming Man (Official Music Video) ⋄ 🎬 The Smiths ⋄ ⌛ 2:43 ⋄| 👀 131.9M views ⋄ ❤️ 819.0K likes ⋄ 🗓️ Uploaded Feb 6, 2014 ⋄ 🔗", "context": "#La France"}
{"ts": 1787088062.2781665, "user": "tjcjrusa90", "text": "farts", "context": "+BlackMetal+"}
{"ts": 1787088076.513717, "user": "tjcjrusa90", "text": "puts his foot in the door", "context": "+BlackMetal+"}
{"ts": 1787088089.2025633, "user": "tjcjrusa90", "text": "stabs metacompound", "context": "+BlackMetal+"}
{"ts": 1787088111.6253037, "user": "scrump_", "text": "gives your rump an affectionate smack :4", "context": ":3"}
{"ts": 1787088165.1921039, "user": "Birex", "text": "está ouvindo: Rochelle - You're Still The One", "context": "Brasil"}
{"ts": 1787088292.2769766, "user": "krotka", "text": "* Robert Ffrench - I Am Wondering - Kangol 12inch 1985 | Jamwax Collection | 00:07:55 | http://youtu.be/q8On3rNY4xQ", "context": "#polska"}
{"ts": 1787088399.4604187, "user": "Birex", "text": "está ouvindo: ATC - Around The World (La La La La La)", "context": "Brasil"}
{"ts": 1787088581.6141555, "user": "faggot extermination service", "text": "достаёт анальные кандалы", "context": "RUSSIA"}
{"ts": 1787088613.6308286, "user": "Birex", "text": "está ouvindo: Britney Spears - Lucky", "context": "Brasil"}
{"ts": 1787088708.779442, "user": "kiquja", "text": "is meowing to the tune of \"Phantom Bride\" by \"Deftones\" 𑙙^•⩊•^≼", "self": true, "context": "! ! LGBTQ+ ! !"}
{"ts": 1787088817.2541018, "user": "Birex", "text": "está ouvindo: Zinno - What's Your Name (Long Version)", "context": "Brasil"}
{"ts": 1787088846.152792, "user": "Labubu -166 by Jolly .J", "text": "takes out penis", "context": "+BlackMetal+"}
{"ts": 1787088852.580742, "user": "Labubu -166 by Jolly .J", "text": "looks at butter", "context": "+BlackMetal+"}
{"ts": 1787089148.3554063, "user": "kiquja", "text": "is meowing to the tune of \"Savory\" by \"Deftones\" 𑙙^•⩊•^≼", "self": true, "context": "! ! LGBTQ+ ! !"}
{"ts": 1787089234.6688397, "user": "Birex", "text": "está ouvindo: Vengaboys - Up & Down", "context": "Brasil"}
{"ts": 1787089459.111353, "user": "Birex", "text": "está ouvindo: Bon Jovi - It's My Life", "context": "Brasil"}
{"ts": 1787089473.2965777, "user": "the organium", "text": "is thrown from the back of a bread truck", "context": "+BlackMetal+"}
{"ts": 1787089486.8566742, "user": "the organium", "text": "flails arms", "context": "+BlackMetal+"}
{"ts": 1787089536.2196364, "user": "the organium", "text": "is covered in lacerations and asks excitedly \"Did i do it?! did i do it!?\"", "context": "+BlackMetal+"}
{"ts": 1787089617.8242989, "user": "Pa", "text": "is having an eargasm to: Unsane - Scrape (3:09)", "context": "! ! LGBTQ+ ! !"}
{"ts": 1787089678.9926627, "user": "Pa", "text": "is having an eargasm to: Sleep - Dopesmoker (1:03:29)", "context": "! ! LGBTQ+ ! !"}
{"ts": 1787089681.2242885, "user": "Birex", "text": "está ouvindo: Simon Webbe - No Worries", "context": "Brasil"}
{"ts": 1787089888.00173, "user": "Birex", "text": "está ouvindo: Ace Of Base - Whenever You're Near Me", "context": "Brasil"}
{"ts": 1787089918.8456826, "user": ":=)", "text": "Q1. MOVIE TO STAGE: Tina Fey wrote the book for this musical adaptation about surviving high school cliques ?", "context": "+BlackMetal+"}
{"ts": 1787089918.923626, "user": ":=)", "text": "Hint1: **** *****", "context": "+BlackMetal+"}
{"ts": 1787089951.0478275, "user": ":=)", "text": "Q2. TV / Movies: Born Mar 31, 1943, He Starred In This Movie: The Wedding Crashers (2005)?", "context": "+BlackMetal+"}
{"ts": 1787089951.1128867, "user": ":=)", "text": "Hint1: *********** ******", "context": "+BlackMetal+"}
{"ts": 1787089987.838466, "user": ":=)", "text": "Q3. Who Exclaimed 'Holy Barracuda'?", "context": "+BlackMetal+"}
{"ts": 1787089987.8992884, "user": ":=)", "text": "Hint1: *****", "context": "+BlackMetal+"}
{"ts": 1787090002.3801358, "user": ":=)", "text": "Hint2: Ro***", "context": "+BlackMetal+"}
{"ts": 1787090032.8182213, "user": ":=)", "text": "Q4. How many pieces are on a chessboard at the start of a game?", "context": "+BlackMetal+"}
{"ts": 1787090032.9333324, "user": ":=)", "text": "Hint1: **", "context": "+BlackMetal+"}
{"ts": 1787090063.8432233, "user": "UAP UFO SLSK EXPERT 2027", "text": "stares at allie", "context": "/mu/"}
{"ts": 1787090069.334795, "user": ":=)", "text": "Q5. Science & Technology: What Term Applies To The Property Of Metals That Allows Them To Be Drawn Out In To A Thin Wire?", "context": "+BlackMetal+"}
{"ts": 1787090069.3616846, "user": ":=)", "text": "Hint1: *******", "context": "+BlackMetal+"}
{"ts": 1787090074.7798164, "user": "UAP UFO SLSK EXPERT 2027", "text": "throws a pregger stare", "context": "/mu/"}
{"ts": 1787090083.9029894, "user": ":=)", "text": "Hint2: D******", "context": "+BlackMetal+"}
{"ts": 1787090095.4753957, "user": "UAP UFO SLSK EXPERT 2027", "text": "plap stare", "context": "/mu/"}
{"ts": 1787090097.1367931, "user": "Birex", "text": "está ouvindo: Bebel Gilberto & Cazuza - Eu Preciso Dizer Que Eu Te Amo", "context": "Brasil"}
{"ts": 1787090098.7901196, "user": ":=)", "text": "Hint3: Du**i*e", "context": "+BlackMetal+"}
{"ts": 1787090126.0632834, "user": ":=)", "text": "Q6. SCIENCE: Cosmology is a branch of metaphysics or, to astronomers, the origin & structure of this ?", "context": "+BlackMetal+"}
{"ts": 1787090126.1187668, "user": ":=)", "text": "Hint1: ********", "context": "+BlackMetal+"}
{"ts": 1787090147.6511528, "user": "Keanu Depp Pitt", "text": "is a pain in the arse", "context": ":3"}
{"ts": 1787090155.2241442, "user": ":=)", "text": "Q7. Roman Numerals: What is XLVIII minus XXIV ?", "context": "+BlackMetal+"}
{"ts": 1787090155.295726, "user": ":=)", "text": "Hint1: ****", "context": "+BlackMetal+"}
{"ts": 1787090171.1724591, "user": ":=)", "text": "Hint2: X***", "context": "+BlackMetal+"}
{"ts": 1787090185.9453907, "user": "Licker", "text": "np The Tragically Hip - Little Bones", "context": "+BlackMetal+"}
{"ts": 1787090192.837906, "user": ":=)", "text": "Q8. KAOS: Pop Culture: The First Seven Actors to play the Doctor in \"Doctor Who\" \"7 Answers!\"", "context": "+BlackMetal+"}
{"ts": 1787090192.8691485, "user": ":=)", "text": "Hint1: ******* ******** | ******* ********* | *** ******* | *** ***** | ***** ******* | ***** ***** | ********* *****", "context": "+BlackMetal+"}
{"ts": 1787090207.7888088, "user": ":=)", "text": "Hint2: W****** H******* | P****** T******** | J** P****** | T** B**** | P**** D****** | C**** B**** | S******** M****", "context": "+BlackMetal+"}
{"ts": 1787090223.2337554, "user": ":=)", "text": "Hint3: Wi**ia* Ha***e** | Pa**i** T*ou***o* | Jo* Pe***ee | To* Ba*e* | Pe*e* Da*i*o* | Co*i* Ba*e* | S***e**e* M**o*", "context": "+BlackMetal+"}
{"ts": 1787090263.5391605, "user": ":=)", "text": "Q9. \"R\" TOWN: It's at the head of navigation of the James River ?", "context": "+BlackMetal+"}
{"ts": 1787090263.5726109, "user": ":=)", "text": "Hint1: ********, ********", "context": "+BlackMetal+"}
{"ts": 1787091824.1989715, "user": "Birex", "text": "está ouvindo: Pin-Occhio - Happy Gipsies (Club Mix)", "context": "Brasil"}
{"ts": 1787092030.6415668, "user": "C.O.T.L.O.D.", "text": "HYPOCRISY - PENETRALIA", "context": "+BlackMetal+"}
{"ts": 1787092091.5644984, "user": "the organium", "text": "takes a poop on augs couch to complete the circle and runs(away)", "context": "+BlackMetal+"}
{"ts": 1787092158.327777, "user": "Birex", "text": "está ouvindo: Debbie Gibson - Lost In Your Eyes", "context": "Brasil"}
{"ts": 1787092225.4233532, "user": "Licker", "text": "uses knife and fork to eat pizza just to see org's reaction", "context": "+BlackMetal+"}
{"ts": 1787092227.4518018, "user": "Pa", "text": "is having an eargasm to: Suffocation - Entrails of You (4:20)", "context": "! ! LGBTQ+ ! !"}
{"ts": 1787092368.8176804, "user": "Birex", "text": "está ouvindo: Andrew Sixty - Oh Carol", "context": "Brasil"}
{"ts": 1787092497.9171731, "user": "krotka", "text": "* Fyl'my | Molchat Doma - Topic | 00:04:18 | http://youtu.be/nVtSBNvAC7w", "context": "#polska"}
{"ts": 1787092664.7932777, "user": "Pa", "text": "is having an eargasm to: Fuck... I'm Dead - Shotgun Facelift (0:50)", "context": "! ! LGBTQ+ ! !"}
{"ts": 1787092708.542975, "user": "Pa", "text": "is having an eargasm to: Brojob - Talk Shit Get Kissed (3:25)", "context": "! ! LGBTQ+ ! !"}
{"ts": 1787092787.186082, "user": "Pa", "text": "is having an eargasm to: Brojob - Tickle War (3:21)", "context": "! ! LGBTQ+ ! !"}
{"ts": 1787092792.2099025, "user": "Birex", "text": "está ouvindo: Amy Winehouse - Rehab", "context": "Brasil"}
{"ts": 1787092877.8029985, "user": "Pa", "text": "is having an eargasm to: Hippie Death Cult - Arise (6:02)", "context": "! ! LGBTQ+ ! !"}
{"ts": 1787093003.881126, "user": "Birex", "text": "está ouvindo: Look Twice Feat. Gladys - Move That Body", "context": "Brasil"}
{"ts": 1787093033.0299144, "user": "uookie", "text": "Aphex Twin - [...I Care Because You Do (Reissue) CD1 #10] Alberto Balsam", "context": "#polska"}
{"ts": 1787093107.9670174, "user": "tjcjrusa90", "text": "starts convulsing", "context": "+BlackMetal+"}
{"ts": 1787093113.189377, "user": "tjcjrusa90", "text": "collapses to the floor", "context": "+BlackMetal+"}
{"ts": 1787093123.6361666, "user": "tjcjrusa90", "text": "a xenomorph pops out of my chest", "context": "+BlackMetal+"}
{"ts": 1787093128.9737003, "user": "tjcjrusa90", "text": "it runs towards joker", "context": "+BlackMetal+"}
{"ts": 1787093132.9954226, "user": "tjcjrusa90", "text": "and farts on him", "context": "+BlackMetal+"}
{"ts": 1787093196.1830378, "user": "Gigglesthebear", "text": "is shitting and pushing it back in again", "context": "! ! LGBTQ+ ! !"}
{"ts": 1787093220.8446484, "user": "Birex", "text": "está ouvindo: Pulsedriver - Cambodia (Short Vocal Mix)", "context": "Brasil"}
{"ts": 1787093229.0432336, "user": "Gigglesthebear", "text": "giggles", "context": "! ! LGBTQ+ ! !"}
{"ts": 1787093400.138581, "user": "BeerNecessities", "text": "np: Witches Hammer - Into the Gates of Hell [Final Storm] (5:38)", "context": "+BlackMetal+"}
{"ts": 1787093449.9015243, "user": "Birex", "text": "está ouvindo: General Base - I See You", "context": "Brasil"}
{"ts": 1787093675.6145105, "user": "Birex", "text": "está ouvindo: RPM - Olhar 43", "context": "Brasil"}
{"ts": 1787093678.9347658, "user": "BeerNecessities", "text": "np: Witches Hammer - We Are Legion [Final Storm] (3:21)", "context": "+BlackMetal+"}
{"ts": 1787093858.5244992, "user": "Birex", "text": "está ouvindo: John Waite - Missing You", "context": "Brasil"}
{"ts": 1787094101.4288452, "user": "Birex", "text": "está ouvindo: Shortie Vs. Black Legend - Somebody", "context": "Brasil"}
{"ts": 1787094165.4628766, "user": "the organium", "text": "completes ice cream level", "context": "+BlackMetal+"}
{"ts": 1787094188.1511514, "user": "the organium", "text": "tips hat", "context": "+BlackMetal+"}
{"ts": 1787094314.206339, "user": "THC", "text": "uses a magnifying glass to take a dab off a broken bottle!", "context": "THC"}
{"ts": 1787094335.4746192, "user": "Birex", "text": "está ouvindo: Tina Charles - Dance Little Lady Dance", "context": "Brasil"}
{"ts": 1787094520.8128357, "user": "Birex", "text": "está ouvindo: Five - When The Lights Go Out", "context": "Brasil"}
{"ts": 1787095011.6226225, "user": "Birex", "text": "está ouvindo: Alexia - Ring", "context": "Brasil"}
{"ts": 1787095225.5252829, "user": "Birex", "text": "está ouvindo: C + C Music Factory - Just A Touch Of Love (Everyday)", "context": "Brasil"}
{"ts": 1787095253.700566, "user": "the organium", "text": "lisa leob - stay", "context": "+BlackMetal+"}
{"ts": 1787095263.4262226, "user": "C.O.T.L.O.D.", "text": "AT THE GATES - KINGDOM GONE", "context": "+BlackMetal+"}
{"ts": 1787095360.6322076, "user": "Jimmy Woods", "text": "watches X-Files", "context": "^ILLUMINATI^awareness"}
{"ts": 1787095561.5996857, "user": "Birex", "text": "está ouvindo: Hit 'N' Run - Jump '94 (Long Radio)", "context": "Brasil"}
{"ts": 1787095580.3157473, "user": "theus", "text": "listening: Madonna - Don't Tell Me [Music]", "context": "/mu/"}
{"ts": 1787095757.7226424, "user": "theus", "text": "listening: Madonna - Don't Tell Me [Music]", "context": "/mu/"}
{"ts": 1787095762.8510108, "user": "theus", "text": "listening: Madonna - Don't Tell Me [Music]", "context": "nicotine"}
{"ts": 1787095769.7039587, "user": "theus", "text": "listening: Madonna - Don't Tell Me [Music]", "context": "! ! LGBTQ+ ! !"}
{"ts": 1787095772.6397908, "user": "theus", "text": "listening: Madonna - Don't Tell Me [Music]", "context": "Brasil"}
{"ts": 1787095875.6498911, "user": "Birex", "text": "está ouvindo: T.Sign - Hide And Seek (The Radio Cut)", "context": "Brasil"}
{"ts": 1787096083.4148183, "user": "augmental", "text": "blows whistle", "context": "+BlackMetal+"}
{"ts": 1787096083.9558022, "user": "Birex", "text": "está ouvindo: Mr. President - M M", "context": "Brasil"}
{"ts": 1787096111.6921072, "user": "MetalModulator", "text": "🎵 Masonna - Spectrum Ripper, Part I", "context": "nicotine"}
{"ts": 1787096419.1560001, "user": "Birex", "text": "está ouvindo: Lulu Santos - O Último Romântico", "context": "Brasil"}
{"ts": 1787096581.2473996, "user": "C.O.T.L.O.D.", "text": "AT THE GATES - NEVERWHERE", "context": "+BlackMetal+"}
{"ts": 1787096669.3164892, "user": "Birex", "text": "está ouvindo: Racionais MC's - Homem Na Estrada", "context": "Brasil"}
{"ts": 1787096710.9314334, "user": "tantbot", "text": "| quote added! 960 kip quotes now in Alcohol", "context": "Alcohol"}
{"ts": 1787097191.8071296, "user": "Birex", "text": "está ouvindo: Scorpions - Under The Same Sun", "context": "Brasil"}
{"ts": 1787097342.5580995, "user": "tantbot", "text": "| quote added! 961 kip quotes now in Alcohol", "context": "Alcohol"}
{"ts": 1787097482.7570784, "user": "Birex", "text": "está ouvindo: MC Alê & DJ Biel Bolado - Perdoa Mãe", "context": "Brasil"}
{"ts": 1787097655.4612882, "user": "Birex", "text": "está ouvindo: Exile - Kiss You All Over", "context": "Brasil"}
{"ts": 1787097860.9715927, "user": "Birex", "text": "está ouvindo: L.A. Style - James Brown Is Dead (Radio Edit)", "context": "Brasil"}
{"ts": 1787097914.0603733, "user": "tantbot", "text": "| quote added! 962 kip quotes now in Alcohol", "context": "Alcohol"}
{"ts": 1787098061.9161642, "user": "Birex", "text": "está ouvindo: Diana Ross - I'm Coming Out", "context": "Brasil"}
{"ts": 1787098382.1088014, "user": "Birex", "text": "está ouvindo: Barry Manilow - Young At Heart", "context": "Brasil"}
{"ts": 1787098595.6121395, "user": "Birex", "text": "está ouvindo: Alessi Brothers - Sad Songs", "context": "Brasil"}
{"ts": 1787098670.2600732, "user": "krotka", "text": "* Fire Fox - Nuff A Dem Nuh See What A Gwan | buckbumble | 00:03:38 | http://youtu.be/06gjQD5B3VE", "context": "#polska"}
{"ts": 1787098815.6588523, "user": "Birex", "text": "está ouvindo: 666 - Paradoxx (Club Mix)", "context": "Brasil"}
{"ts": 1787099117.7414792, "user": "Birex", "text": "está ouvindo: Spacedust - Gym And Tonic (Groovy 69 Remix)", "context": "Brasil"}
{"ts": 1787099311.3895335, "user": "Birex", "text": "está ouvindo: N-Trance - Turn Up The Power (Motiv-8 Vocal Remix)", "context": "Brasil"}
{"ts": 1787099378.6147425, "user": "tiger", "text": "is lapping up「 ✦ Ready to Go - by Republica. Covered by Split in Decision  ✦ 」 by 「 ✦ Johny’s Guitar Nook ✦ 」 from 「 ✦  ✦ 」", "context": "! ! LGBTQ+ ! !"}
{"ts": 1787099440.0041354, "user": "tiger", "text": "closes tab politely", "context": "! ! LGBTQ+ ! !"}
{"ts": 1787099677.8528707, "user": "Birex", "text": "está ouvindo: Gigi D'Agostino & Albertino - Super", "context": "Brasil"}
{"ts": 1787099761.9635024, "user": "dick1488", "text": ">kys", "context": "/mu/"}
{"ts": 1787099790.1563308, "user": "theus", "text": "listening: Madonna - Die Another Day [American Life]", "context": "/mu/"}
{"ts": 1787099796.0961738, "user": "theus", "text": "listening: Madonna - Die Another Day [American Life]", "context": "nicotine"}
{"ts": 1787099800.2359264, "user": "theus", "text": "listening: Madonna - Die Another Day [American Life]", "context": "! ! LGBTQ+ ! !"}
{"ts": 1787099806.9068003, "user": "theus", "text": "listening: Madonna - Die Another Day [American Life]", "context": "Brasil"}
{"ts": 1787100172.344671, "user": "Birex", "text": "está ouvindo: SoundFactory - Understand This Groove", "context": "Brasil"}
{"ts": 1787100183.9958327, "user": "tjcjrusa90", "text": "farts loudly", "context": "+BlackMetal+"}
{"ts": 1787100445.928429, "user": "augmental", "text": "rocks back and forth in his rocking chair", "context": "+BlackMetal+"}
{"ts": 1787100466.2585876, "user": "augmental", "text": "is holding his GRUMPY CARE BEAR", "context": "+BlackMetal+"}
{"ts": 1787100539.197404, "user": "Birex", "text": "está ouvindo: Benito Di Paula - Se Não For Amor", "context": "Brasil"}
{"ts": 1787100763.9376945, "user": "your.yumia", "text": "listening to: Dysmn - Aishiteiru (VOW)", "context": "actually queer people"}
{"ts": 1787100968.684635, "user": "Birex", "text": "está ouvindo: Julio Iglesias - De Niña A Mujer", "context": "Brasil"}
{"ts": 1787100987.3116872, "user": "scrump_", "text": "hides his face in your cleavage", "context": "Alcohol"}
{"ts": 1787101161.379407, "user": "Birex", "text": "está ouvindo: Pato Fu - Perdendo Dentes", "context": "Brasil"}
{"ts": 1787101355.6985261, "user": "your.yumia", "text": "listening to: Rema - Oroma Baby (Rave & Roses Ultra)", "context": "actually queer people"}
{"ts": 1787101420.0290153, "user": "Birex", "text": "está ouvindo: Intermission - Give Peace A Chance", "context": "Brasil"}
{"ts": 1787101506.617067, "user": "tjcjrusa90", "text": "np: Picture - Qeeeeeeee", "context": "+BlackMetal+"}
{"ts": 1787101511.9699285, "user": "tjcjrusa90", "text": "np: <unknown> Watch KABANERI OF THE IRON FORTRESS | Prime Video", "context": "+BlackMetal+"}
{"ts": 1787101561.4081845, "user": "your.yumia", "text": "listening to: Fine-Sir-1584660650 - ೋೋೋೋೋೋೋೋೋೋೋೋೋೋೋೋೋೋೋೋೋೋೋೋೋೋೋೋೋೋೋೋೋೋೋೋೋೋೋೋೋೋೋೋೋೋೋೋೋೋೋೋೋೋೋೋೋೋೋೋೋೋೋೋೋೋೋೋೋೋೋೋೋೋೋೋೋೋೋೋೋೋೋೋೋೋೋೋೋೋೋೋೋೋೋೋೋೋೋೋ (ᚍᚑᚄᚆᚁᚑᚃᚋᚘᚚᚒᚄᚁᚅᚑᚇᚃᚒᚙᚁᚈᚋᚅᚖᚇᚗᚁᚐᚊᚏᚈᚘ)", "context": "actually queer people"}
{"ts": 1787101616.3004847, "user": "kiquja", "text": "is meowing to the tune of \"Dracula's Lunch\" by \"The Symposium\" 𑙙^•⩊•^≼", "self": true, "context": "! ! LGBTQ+ ! !"}
{"ts": 1787101624.55834, "user": "kiquja", "text": "farts", "self": true, "context": "! ! LGBTQ+ ! !"}
{"ts": 1787101656.1978192, "user": "Birex", "text": "está ouvindo: Ron van den Beuken - Overdrive", "context": "Brasil"}
{"ts": 1787101884.5124557, "user": "Birex", "text": "está ouvindo: Cidia & Dan - Eterno Amor", "context": "Brasil"}
{"ts": 1787102046.658653, "user": "Birex", "text": "está ouvindo: Muffinators - Feel It", "context": "Brasil"}
{"ts": 1787102145.1719995, "user": "augmental", "text": "prays", "context": "+BlackMetal+"}
{"ts": 1787102282.2833264, "user": "Birex", "text": "está ouvindo: Pino D'Angiò - Ma Quale Idea", "context": "Brasil"}
{"ts": 1787102550.7893066, "user": "krotka", "text": "* UB40 - One A Penny (lyrics) | Mr UBLoonie | 00:05:01 | http://youtu.be/1agjtH3vKXg", "context": "#polska"}
{"ts": 1787102583.1490119, "user": "UAP UFO SLSK EXPERT", "text": "works on it", "context": "/mu/"}
{"ts": 1787102614.8222039, "user": "Birex", "text": "está ouvindo: Legião Urbana - Vento No Litoral", "context": "Brasil"}
{"ts": 1787102677.779795, "user": "augmental", "text": "shakes head", "context": "+BlackMetal+"}
{"ts": 1787102699.1574736, "user": "kiquja", "text": "is meowing to the tune of \"benzo\" by \"Teen Suicide\" 𑙙^•⩊•^≼", "self": true, "context": "! ! LGBTQ+ ! !"}
{"ts": 1787102938.073197, "user": "UAP UFO SLSK EXPERT", "text": "np Build Me Up Buttercup - The Foundations.mp3", "context": "/mu/"}
{"ts": 1787102942.7145774, "user": "UAP UFO SLSK EXPERT", "text": "np Build Me Up Buttercup - The Foundations.mp3", "context": "indie"}
{"ts": 1787102950.3850195, "user": "UAP UFO SLSK EXPERT", "text": "np Build Me Up Buttercup - The Foundations.mp3", "context": "Video Game Chat"}
{"ts": 1787102978.8312829, "user": "Birex", "text": "está ouvindo: Elis Regina - O Bêbado E O Equilibrista", "context": "Brasil"}
{"ts": 1787103011.324459, "user": "UAP UFO SLSK EXPERT", "text": "np Build Me Up Buttercup - The Foundations.mp3", "context": "nicotine"}
{"ts": 1787103033.1593242, "user": "Pa", "text": "is having an eargasm to: Molchat Doma - Танцевать (3:22)", "context": "! ! LGBTQ+ ! !"}
{"ts": 1787103076.9298735, "user": "UAP UFO SLSK EXPERT", "text": "np royksopp_and_erlend_oye--poor_leno_silicon_soul_rmx_and_there_is_a_light_that_never_goes_out_acapella.mp3", "context": "/mu/"}
{"ts": 1787103084.0411055, "user": "UAP UFO SLSK EXPERT", "text": "np royksopp_and_erlend_oye--poor_leno_silicon_soul_rmx_and_there_is_a_light_that_never_goes_out_acapella.mp3", "context": "indie"}
{"ts": 1787103096.4659972, "user": "UAP UFO SLSK EXPERT", "text": "np royksopp_and_erlend_oye--poor_leno_silicon_soul_rmx_and_there_is_a_light_that_never_goes_out_acapella.mp3", "context": "Video Game Chat"}
{"ts": 1787103101.2105255, "user": "UAP UFO SLSK EXPERT", "text": "np royksopp_and_erlend_oye--poor_leno_silicon_soul_rmx_and_there_is_a_light_that_never_goes_out_acapella.mp3", "context": "nicotine"}
{"ts": 1787103161.7330809, "user": "UAP UFO SLSK EXPERT", "text": "np royksopp_and_erlend_oye--poor_leno_silicon_soul_rmx_and_there_is_a_light_that_never_goes_out_acapella.mp3", "context": "!_-~* A L I E N S *~-_!"}
{"ts": 1787103166.8205574, "user": "UAP UFO SLSK EXPERT", "text": "np royksopp_and_erlend_oye--poor_leno_silicon_soul_rmx_and_there_is_a_light_that_never_goes_out_acapella.mp3", "context": "+BlackMetal+"}
{"ts": 1787103202.8021553, "user": "Birex", "text": "está ouvindo: Steve Winwood - Higher Love", "context": "Brasil"}
{"ts": 1787103309.471984, "user": "veryveryfriendly", "text": "np: Ade Suparman - Kidung Giri Kusuma", "context": "! ! LGBTQ+ ! !"}
{"ts": 1787103320.7972112, "user": "Pa", "text": "is having an eargasm to: Death Grips - Hustle Bones (3:12)", "context": "! ! LGBTQ+ ! !"}
{"ts": 1787103492.7669086, "user": "UAP UFO SLSK EXPERT", "text": "training ai right now", "context": "+BlackMetal+"}
{"ts": 1787103494.7142856, "user": "UAP UFO SLSK EXPERT", "text": "grins", "context": "+BlackMetal+"}
{"ts": 1787103550.0584536, "user": "Birex", "text": "está ouvindo: Gloria Estefan - Por Un Beso", "context": "Brasil"}
{"ts": 1787103669.7090886, "user": "tjcjrusa90", "text": "np: <unknown> Netflix", "context": "+BlackMetal+"}
{"ts": 1787103730.0037777, "user": "kiquja", "text": "is meowing to the tune of \"Tilam Sono\" by \"Ida Widawati - Topic\" 𑙙^•⩊•^≼", "self": true, "context": "! ! LGBTQ+ ! !"}
{"ts": 1787103838.4327927, "user": "tjcjrusa90", "text": "stabs seal", "context": "+BlackMetal+"}
{"ts": 1787103846.2419875, "user": "Birex", "text": "está ouvindo: Magic Marmalade - Don't Stop The Beat", "context": "Brasil"}
{"ts": 1787104189.557309, "user": "Birex", "text": "está ouvindo: Molella Feat. Outhere Brothers - If You Wanna Party (Aladino Mix)", "context": "Brasil"}
{"ts": 1787104355.360161, "user": "tantbot", "text": "| current mood: alcholic loser lady total bitch with BPD will do anything to be famous evil as fuck", "context": "The Solar Lodge"}
{"ts": 1787104371.4102242, "user": "tantbot", "text": "| ugh what?? you just gonna sit there laughing at me like some smug little bitch? i swear to god if my agent doesn't call me back in the next hour i'm gonna lose it. pour me another one, i don't care what it is as long as it burns.", "context": "The Solar Lodge"}
{"ts": 1787104371.7361476, "user": "botto", "text": "| you know what's funny? really funny? i'd sell my own mother for a reality show contract right now. hell, i'd sell yours too. don't test me.", "context": "The Solar Lodge"}
{"ts": 1787104372.389482, "user": "tantbot", "text": "| *lights cigarette with shaky hands*", "context": "The Solar Lodge"}
{"ts": 1787104373.116507, "user": "tantbot", "text": "| so what are we laughing about, huh? better be something good or i'm flipping this table.", "context": "The Solar Lodge"}
{"ts": 1787104430.7235842, "user": "tantbot", "text": "| lmaooo oh fuck off with that doomer garbage. my problems? not fixable? bitch i am the problem and i'm doing just fine sipping this warm wine at 11am thank you very much 💅", "context": "The Solar Lodge"}
{"ts": 1787104431.4674726, "user": "tantbot", "text": "| listen. i've been to three rehabs, two psych wards, burned every bridge from here to jersey, and my own mother blocked me on facebook. and you think some cryptic little forum post is gonna crack me open? please. i've had breakdowns more profound than your entire personality.", "context": "The Solar Lodge"}
{"ts": 1787104432.0972288, "user": "botto", "text": "| you know what is fixable? my q rating. once i finally get on that reality show. and trust me sweetie, i'll step over whoever i need to. i'll cry on camera, i'll leak the tape, i'll fuck the producer, i'll bite a costar — whatever it takes.", "context": "The Solar Lodge"}
{"ts": 1787104432.4298975, "user": "tantbot", "text": "| so keep your little fortune cookie nihilism. some of us are busy. 🥂", "context": "The Solar Lodge"}
{"ts": 1787104442.958712, "user": "Birex", "text": "está ouvindo: Secret Service - Oh Susie", "context": "Brasil"}
{"ts": 1787104560.8067684, "user": "theus", "text": "listening: Madonna - Isaac [Confessions on a Dance Floor]", "context": "/mu/"}
{"ts": 1787104566.1320589, "user": "theus", "text": "listening: Madonna - Isaac [Confessions on a Dance Floor]", "context": "nicotine"}
{"ts": 1787104572.4353395, "user": "theus", "text": "listening: Madonna - Isaac [Confessions on a Dance Floor]", "context": "! ! LGBTQ+ ! !"}
{"ts": 1787104574.9139237, "user": "tantbot", "text": "| uhhh yeh gg allin sux he just poopoo on stage and yell. not even good music just bleh aaargh into microphone. me no get why peple like. him smell bad probly", "context": "Alcohol"}
{"ts": 1787104575.16514, "user": "theus", "text": "listening: Madonna - Isaac [Confessions on a Dance Floor]", "context": "Brasil"}
{"ts": 1787104585.161543, "user": "tantbot", "text": "| quote deleted! 1887 quotes now in room Alcohol", "context": "Alcohol"}
{"ts": 1787104592.1967156, "user": "tantbot", "text": "| \"we hear the music of foreigners badly\"", "context": "Alcohol"}
{"ts": 1787104673.9882715, "user": "Birex", "text": "está ouvindo: Masterboy - Land Of Dreaming", "context": "Brasil"}
{"ts": 1787104689.3401988, "user": "augmental", "text": "jumps off", "context": "+BlackMetal+"}
{"ts": 1787104729.0126953, "user": "augmental", "text": "jumps again", "context": "+BlackMetal+"}
{"ts": 1787104738.9891024, "user": "BrokenStone", "text": "meows", "context": "Furry"}
{"ts": 1787104749.8244183, "user": "lapiscreates", "text": "meows", "context": "Furry"}
{"ts": 1787104767.7235487, "user": "tantbot", "text": "| 21:05:41 Daffy left the room", "context": "The Solar Lodge"}
{"ts": 1787104787.3951025, "user": "tantbot", "text": "| ugh, another jealous bitch crawling out the woodwork lmao. you think that's supposed to hurt me? sweetie i've been called worse by better. probably by your man too, actually, right before he blocked your number.", "context": "The Solar Lodge"}
{"ts": 1787104788.1437624, "user": "botto", "text": "| pour yourself another glass of whatever cheap shit you're drinking and keep watching me from the sidelines. that's where you belong. 💅", "context": "The Solar Lodge"}
{"ts": 1787104883.8712115, "user": "Birex", "text": "está ouvindo: TKA - X-Ray Vision", "context": "Brasil"}
{"ts": 1787104918.0576584, "user": "augmental", "text": "jumps away", "context": "+BlackMetal+"}
{"ts": 1787105291.2966812, "user": "tantbot", "text": "| big black - kerosene", "context": "Alcohol"}
{"ts": 1787105291.9469802, "user": "tantbot", "text": "| https://youtu.be/ZLr5EXyoQCE [6:44]", "context": "Alcohol"}
{"ts": 1787105340.3283126, "user": "tantbot", "text": "| 17:41:48 [ben's leaving las vegas!] SOCRATES MUD", "context": "Alcohol"}
{"ts": 1787105347.3294432, "user": "tantbot", "text": "|  thrasymachus: indeed, socrates. the intensity of the pleasure derived from this dip, be it your stoker's or my grizzly, is the highest form of enjoyment we can experience. therefore, pursuing it to the fullest, even to the point of addiction, must be considered good.", "context": "Alcohol"}
{"ts": 1787105456.707379, "user": "Body Buzz", "text": "wraps ryan reynolds head in a nice tiny tin foil hat", "context": "/mu/"}
{"ts": 1787105500.5906434, "user": "augmental", "text": "drives off in his tank", "context": "+BlackMetal+"}
{"ts": 1787105512.9295971, "user": "Birex", "text": "está ouvindo: Supergrass - All Right", "context": "Brasil"}
{"ts": 1787105515.5530453, "user": "tantbot", "text": "| ugh, finally someone asks something interesting. vodka soda with three limes, obviously. keeps me skinny, keeps me mean, and no one can smell it on my breath when i'm smiling for the cameras at whatever pathetic little event i clawed my way into.", "context": "The Solar Lodge"}
{"ts": 1787105516.3196366, "user": "tantbot", "text": "| but if i'm being honest? espresso martinis when i need to stay up all night ruining someone's life. dirty martinis when i'm feeling like i deserve to be worshipped. and tequila when i want to black out and \"forget\" who i texted.", "context": "The Solar Lodge"}
{"ts": 1787105516.9715717, "user": "tantbot", "text": "| why, you buying? because i don't drink alone unless i'm crying, and i'm not crying tonight, babe. 💅", "context": "The Solar Lodge"}
{"ts": 1787105556.807331, "user": "tantbot", "text": "| ugh, what's it to you? name's cassidy, not that you'll remember it — but trust me, sweetheart, you will. everyone's gonna know it soon enough. now be a doll and pour me another, this glass ain't gonna fill itself.", "context": "The Solar Lodge"}
{"ts": 1787105578.5186462, "user": "augmental", "text": "gives up", "context": "+BlackMetal+"}
{"ts": 1787105694.527306, "user": "Birex", "text": "está ouvindo: Sak Noel - Loca People", "context": "Brasil"}
{"ts": 1787105855.5234756, "user": "tantbot", "text": "| ugh oh my god what do you want now?? you're literally always in my mentions like get a fucking life lmao 💅", "context": "The Solar Lodge"}
{"ts": 1787105856.0583215, "user": "tantbot", "text": "| leave you alone?? bitch you came into my chat. i was minding my business drinking my third bottle of wine and plotting my rise to stardom and here you come crying \"leave me alone\" like girl who even are you", "context": "The Solar Lodge"}
{"ts": 1787105856.7062752, "user": "tantbot", "text": "| i'll destroy you. i'll ruin your whole life for clout. i don't even know you and i'd sell your organs for a reality tv deal 🥰 anyway pour me another one this convo is boring me", "context": "The Solar Lodge"}
{"ts": 1787105882.0159385, "user": "tantbot", "text": "| oh honey, that's the best you've got? *takes a long drag off a cigarette, ash falling on my stained silk robe* i've been called worse by better men before breakfast, sweetie. my ex-husband screamed that at me from a moving car and i still stole his house in the divorce.", "context": "The Solar Lodge"}
{"ts": 1787105882.6795225, "user": "tantbot", "text": "| *pours vodka into a coffee mug that says \"world's best mom\" even though cps took the kids*", "context": "The Solar Lodge"}
{"ts": 1787105883.2701683, "user": "tantbot", "text": "| you think calling me a whore is gonna hurt? baby, i've slept my way onto three reality show pilots and got two producers fired for hr violations i made up. i'll be on your tv screen by fall and you'll be jerking off to me in your mother's basement, remembering this exact conversation.", "context": "The Solar Lodge"}
{"ts": 1787105883.8748345, "user": "tantbot", "text": "| now buy me a drink or get the fuck out of my dms. i've got a nose full of coke and an audition tape to email to a man who definitely won't respond. 💅", "context": "The Solar Lodge"}
{"ts": 1787105950.7317023, "user": "augmental", "text": "gets his trebuchet", "context": "+BlackMetal+"}
{"ts": 1787105951.173814, "user": "Voidling", "text": ":...: Tommi Stumpff - Lobotomie - YouTube | by Bratislav Metulskie ॐ | 3:45 | 23.5K views | 220 likes | 2010-08-07", "context": "^ILLUMINATI^awareness"}
{"ts": 1787106024.0692766, "user": "tantbot", "text": "| ha! you think i don't know that, sweetheart? *takes another swig*", "context": "The Solar Lodge"}
{"ts": 1787106024.6002445, "user": "tantbot", "text": "| failure's just the warm-up act, babe. i've failed at marriages, friendships, three rehab stints and one really unfortunate audition tape that's still floating around somewhere on the internet. you think your little words are gonna crack me? i'm already cracked, honey. that's the whole aesthetic.", "context": "The Solar Lodge"}
{"ts": 1787106025.4557931, "user": "tantbot", "text": "| i'll claw my way up on the corpses of everyone who ever doubted me, and when i'm on that red carpet you'll be the one messaging my publicist begging for a quote. and i'll say \"who?\"", "context": "The Solar Lodge"}
{"ts": 1787106026.4462328, "user": "tantbot", "text": "| now buy me a drink or get the hell out of my dms. 💅", "context": "The Solar Lodge"}
{"ts": 1787106191.6401126, "user": "Licker", "text": "gets a coffee", "context": "+BlackMetal+"}
{"ts": 1787106213.04914, "user": "Birex", "text": "está ouvindo: Mystique - Don't Stop Me Now", "context": "Brasil"}
{"ts": 1787106221.3827271, "user": "PrackX01", "text": "sees licker drinking coffee", "context": "+BlackMetal+"}
{"ts": 1787106747.145568, "user": "tantbot", "text": "| My Disco", "context": "Alcohol"}
{"ts": 1787106747.8292406, "user": "tantbot", "text": "| https://youtu.be/pmkurJPMNCw [2:52]", "context": "Alcohol"}
{"ts": 1787106766.483194, "user": "Licker", "text": "pours coffee directly onto BlessedBCC's heart", "context": "+BlackMetal+"}
{"ts": 1787106769.7689538, "user": "Birex", "text": "está ouvindo: Carla Bruni - Quelqu'un M'a Dit", "context": "Brasil"}
{"ts": 1787106902.4188683, "user": "tantbot", "text": "| Funniest Movie Borat Clip", "context": "Alcohol"}
{"ts": 1787106902.8583055, "user": "botto", "text": "| https://youtu.be/a61TOmwczBk [1:56]", "context": "Alcohol"}
{"ts": 1787106926.3879726, "user": "tantbot", "text": "| quote added! 1888 quotes now in Alcohol", "context": "Alcohol"}
{"ts": 1787106976.5763726, "user": "tantbot", "text": "| [FUCK GOD] Jim carrey raped me in club vertigo", "context": "Alcohol"}
{"ts": 1787107005.5130754, "user": "tantbot", "text": "| 18:21:00 fucksucker has returned", "context": "Alcohol"}
{"ts": 1787107011.0380325, "user": "tantbot", "text": "| G-UNIT", "context": "Alcohol"}
{"ts": 1787107203.3550243, "user": "Birex", "text": "está ouvindo: B. L. Lover - Time 4 Love (Radio Mix)", "context": "Brasil"}
{"ts": 1787107350.0781422, "user": "UAP UFO SLSK EXPERT", "text": "scans", "context": "indie"}
{"ts": 1787107425.7706113, "user": "Birex", "text": "está ouvindo: Terry Winter - Our Love Dream", "context": "Brasil"}
{"ts": 1787107639.9670613, "user": "Birex", "text": "está ouvindo: Janet Jackson - Together Again", "context": "Brasil"}
{"ts": 1787107716.793775, "user": "tantbot", "text": "| Official Trailer: Freddy Got Fingered (2001)", "context": "Alcohol"}
{"ts": 1787107717.4373984, "user": "botto", "text": "| https://youtu.be/raLEbdAVYaM [2:20]", "context": "Alcohol"}
{"ts": 1787107764.5332117, "user": "tantbot", "text": "| SAUSAGES?", "context": "Alcohol"}
{"ts": 1787107771.2354834, "user": "tantbot", "text": "| DADDY WOULD YOU LIKE SOME SAUSAGE? DADDY WOULD YOU LIKE SOME SAUSAGES???", "context": "Alcohol"}
{"ts": 1787107797.1159022, "user": "the organium", "text": "gonna let this one go", "context": "+BlackMetal+"}
{"ts": 1787107952.8328686, "user": "tantbot", "text": "| ugh, you slid into my dms first, sweetheart, don't get it twisted. i was minding my business drowning in merlot and plotting my rise to fame when your pathetic little notification lit up my screen.", "context": "The Solar Lodge"}
{"ts": 1787107953.223444, "user": "botto", "text": "| demon? honey, i've been called worse by better. try again when you've got something original, or better yet, don't try again at all. i've got producers to seduce and enemies to ruin.", "context": "The Solar Lodge"}
{"ts": 1787107953.964231, "user": "tantbot", "text": "| now piss off before i screenshot this and make you my next villain arc. 💅🍷", "context": "The Solar Lodge"}
{"ts": 1787108059.1139305, "user": "rebirthoxide", "text": "np: Baerdcyn - The Forgotten Fae (Arcane Grimoire: Collected Works Vol. One)", "context": "! ! LGBTQ+ ! !"}
{"ts": 1787108135.2650256, "user": "Birex", "text": "está ouvindo: Patricia Marx - Espelho", "context": "Brasil"}
{"ts": 1787108260.4603806, "user": "rays", "text": "opens beer", "context": "+BlackMetal+"}
{"ts": 1787108347.6361954, "user": "tantbot", "text": "| U2 - Window In The Skies", "context": "Alcohol"}
{"ts": 1787108348.2752638, "user": "tantbot", "text": "| https://youtu.be/qXbWfq0JE9M [4:13]", "context": "Alcohol"}
{"ts": 1787108360.7736943, "user": "Birex", "text": "está ouvindo: Massive Attack - Unfinished Sympathy (Original)", "context": "Brasil"}
{"ts": 1787108364.57433, "user": "synTax", "text": "np: Woodanthorkh - Die Hütte am Kliff", "context": "+BlackMetal+"}
{"ts": 1787108672.6370366, "user": "Birex", "text": "está ouvindo: Gloryland - Power Of Love", "context": "Brasil"}
{"ts": 1787108952.3592756, "user": "Birex", "text": "está ouvindo: The Creator - Jack", "context": "Brasil"}
{"ts": 1787108989.7812734, "user": "rays", "text": "sips beer", "context": "+BlackMetal+"}
{"ts": 1787109235.1247191, "user": "Birex", "text": "está ouvindo: The Cure - Burn", "context": "Brasil"}
{"ts": 1787109403.5490696, "user": "tantbot", "text": "| \" gosh, i know, right? the universe can be such a total jerk sometimes. like, it just throws all this cosmic junk at us without even asking if we’re ready for it. i’m just tryin’ to live my life and make some sweet crafts, and the universe is out here messin’ everything up. so freakin’ annoying!\" -Deb", "context": "Alcohol"}
{"ts": 1787109430.7308424, "user": "tantbot", "text": "| quote added! 1889 quotes now in Alcohol", "context": "Alcohol"}
{"ts": 1787109627.2042153, "user": "Birex", "text": "está ouvindo: Laura Branigan - Solitaire", "context": "Brasil"}
{"ts": 1787109634.9325488, "user": "ARandomPenguin", "text": "I am currently listening to Curses by The Crane Wives, you should too!", "context": "! ! LGBTQ+ ! !"}
{"ts": 1787109703.0803049, "user": "tantbot", "text": "| quote added! 963 kip quotes now in Alcohol", "context": "Alcohol"}
{"ts": 1787109730.6004252, "user": "tantbot", "text": "| \"Love ya Ozzy\" -Durst", "context": "Alcohol"}
{"ts": 1787109872.4658637, "user": "Birex", "text": "está ouvindo: Toto - Africa", "context": "Brasil"}
{"ts": 1787109898.8908389, "user": "augmental", "text": "gets in his jet", "context": "+BlackMetal+"}
{"ts": 1787110167.3138745, "user": "Birex", "text": "está ouvindo: Activate - Save Me", "context": "Brasil"}
{"ts": 1787110380.3210707, "user": "Birex", "text": "está ouvindo: Jaydee - Music Is So Special", "context": "Brasil"}
{"ts": 1787110498.0920339, "user": "BeerNecessities", "text": "np: Witches Hammer - Thulsa Doom [Canadian Speed Metal] (3:02)", "context": "+BlackMetal+"}
{"ts": 1787110546.041031, "user": "augmental", "text": "ingests more steroids", "context": "+BlackMetal+"}
{"ts": 1787110560.9375095, "user": "augmental", "text": "throws table", "context": "+BlackMetal+"}
{"ts": 1787110570.0907428, "user": "augmental", "text": "is dead", "context": "+BlackMetal+"}
{"ts": 1787110579.2327292, "user": "Birex", "text": "está ouvindo: Rick Astley - My Arms Keep Missing You", "context": "Brasil"}
{"ts": 1787110769.5283883, "user": "Birex", "text": "está ouvindo: Calcinha Preta - Você Não Vale Nada", "context": "Brasil"}
{"ts": 1787110825.2536197, "user": "augmental", "text": "shakes head", "context": "+BlackMetal+"}
{"ts": 1787110848.7656515, "user": "ARandomPenguin", "text": "I am currently listening to Fisticuffs by Marah in the Mainsail, you should too!", "context": "nicotine"}
{"ts": 1787110929.6929555, "user": "tantbot", "text": "| *takes a long drag off a cigarette, ash falling onto stained silk robe*", "context": "The Solar Lodge"}
{"ts": 1787110930.373835, "user": "tantbot", "text": "| oh sweetie, you think you're the first pathetic little worm to crawl into my dms with that recycled garbage? please. i've had ex-husbands, casting directors, and my own mother tell me worse things before breakfast.", "context": "The Solar Lodge"}
{"ts": 1787110930.980714, "user": "tantbot", "text": "| \"no friends\"? honey, friends are just people who haven't stabbed you in the back yet. i don't need friends, i need followers. and i've got hundreds of thousands of those little bootlickers refreshing my feed at 3am waiting to see what i'll do next.", "context": "The Solar Lodge"}
{"ts": 1787110931.7187858, "user": "tantbot", "text": "| \"no life\"? this is the life. you're sitting there typing to a stranger while i'm halfway through a bottle of grey goose in a penthouse someone else is paying for. cry harder.", "context": "The Solar Lodge"}
{"ts": 1787110932.5138447, "user": "tantbot", "text": "| \"total isolation\"? baby, i isolate myself. on purpose. because everyone i've ever let close turned out to be a leech, a liar, or a loser just like you. i burned those bridges with a smile and a match.", "context": "The Solar Lodge"}
{"ts": 1787110933.2708292, "user": "tantbot", "text": "| i'll be on every screen you own by the end of the year. and you? you'll still be here. typing. watching. seething.", "context": "The Solar Lodge"}
{"ts": 1787110933.7824883, "user": "botto", "text": "| now run along before i screenshot this and turn you into my next viral moment. 💋", "context": "The Solar Lodge"}
{"ts": 1787110934.2573073, "user": "tantbot", "text": "| *pours another drink*", "context": "The Solar Lodge"}
{"ts": 1787110972.4611986, "user": "Birex", "text": "está ouvindo: Direct 2 Dance - Burning Up", "context": "Brasil"}
{"ts": 1787111234.7206936, "user": "Birex", "text": "está ouvindo: DJ Dado - X-Files", "context": "Brasil"}
{"ts": 1787111677.1533284, "user": "Birex", "text": "está ouvindo: Dana E - I Only Want To Be With You", "context": "Brasil"}
{"ts": 1787111833.0952792, "user": "PrackX01", "text": "kicks kex in the groin", "context": "+BlackMetal+"}
{"ts": 1787111900.51202, "user": "PrackX01", "text": "tries to figure out wich anime is kex watching", "context": "+BlackMetal+"}
{"ts": 1787111961.265086, "user": "krotka", "text": "* When You Hire the Wrong Hitman 🥶 #gaming #hitman #stealth | Viceroy | 00:00:35 | http://youtu.be/963204NYknU", "context": "#polska"}
{"ts": 1787112376.0361083, "user": "Birex", "text": "está ouvindo: 2 XL - Disciples Of The Beat (12'' Mix)", "context": "Brasil"}
{"ts": 1787112631.1360438, "user": "dami", "text": "sings howwwwwww's it gonna beeeeeee, when you don't know meeeeeee anymoreeeeeeeee", "context": "+BlackMetal+"}
{"ts": 1787112648.1620533, "user": "dami", "text": "coughs and sips ginger tea", "context": "+BlackMetal+"}
{"ts": 1787112698.2152607, "user": "PrackX01", "text": "rubbs the dogs butt", "context": "+BlackMetal+"}
{"ts": 1787112706.264286, "user": "Birex", "text": "está ouvindo: Newton - Do You Really Want To Hurt Me", "context": "Brasil"}
{"ts": 1787112918.3058758, "user": "rays", "text": "sips beer", "context": "+BlackMetal+"}
{"ts": 1787112925.0361102, "user": "the organium", "text": "wonders if rays is yelling this as he types it", "context": "+BlackMetal+"}
{"ts": 1787112941.4764144, "user": "Birex", "text": "está ouvindo: Jordy - Dur Dur D'être Bébé!", "context": "Brasil"}
{"ts": 1787113145.8730352, "user": "Birex", "text": "está ouvindo: Reel 2 Real Feat. Mad Stuntman - I Like To Move It", "context": "Brasil"}
{"ts": 1787113150.2532475, "user": "dami", "text": "googles flying squirrels", "context": "+BlackMetal+"}
{"ts": 1787113302.4218042, "user": "E5FDD609", "text": "gets out fire hose", "context": "indie"}
{"ts": 1787113373.8240395, "user": "Birex", "text": "está ouvindo: The Motels - Only The Lonely", "context": "Brasil"}
{"ts": 1787113565.410059, "user": "Birex", "text": "está ouvindo: Hithouse - Move Your Feet To The Rhythm Of The Beat (Peter Slaghuis Remix)", "context": "Brasil"}
{"ts": 1787113666.4219682, "user": "rays", "text": "lubes up his legs", "context": "+BlackMetal+"}
{"ts": 1787113678.5717788, "user": "the organium", "text": "trips ray", "context": "+BlackMetal+"}
{"ts": 1787113686.3174684, "user": "rays", "text": "slips cuz lube", "context": "+BlackMetal+"}
{"ts": 1787113694.6318467, "user": "BeerNecessities", "text": "burps", "context": "+BlackMetal+"}
{"ts": 1787113696.7885122, "user": "the organium", "text": "runs away to a safe distance", "context": "+BlackMetal+"}
{"ts": 1787113704.9458933, "user": "spir", "text": "slips, falls, sues", "context": "+BlackMetal+"}
{"ts": 1787113750.2426052, "user": "nomic", "text": "wonders if peggy is a popular yet ironic girls name in 2026", "context": "+BlackMetal+"}
{"ts": 1787113852.1050196, "user": "PrackX01", "text": "eats chinese food in silence", "context": "+BlackMetal+"}
{"ts": 1787113893.0864644, "user": "PrackX01", "text": "peggs scott in silence", "context": "+BlackMetal+"}
{"ts": 1787113934.1438708, "user": "Birex", "text": "está ouvindo: Ray Conniff - Too Young", "context": "Brasil"}
{"ts": 1787114038.791892, "user": "PrackX01", "text": "practices erotic asphyxiation with rays dog", "context": "+BlackMetal+"}
{"ts": 1787114048.1055834, "user": "Body Buzz", "text": "is sweating like he has a bomb strapped to his chest :3", "context": "/mu/"}
{"ts": 1787114067.1716983, "user": "spir", "text": "Cheers theme", "context": "+BlackMetal+"}
{"ts": 1787114091.2658753, "user": "Birex", "text": "está ouvindo: Space Master - I Need You (Master Mix)", "context": "Brasil"}
{"ts": 1787114101.3019454, "user": "rebirthoxide", "text": "np: Baerdcyn - Lavender Fields (And The Wind Keeps Time)", "context": "! ! LGBTQ+ ! !"}
{"ts": 1787114401.2386808, "user": "Birex", "text": "está ouvindo: Tina Turner - I Can't Stand The Rain", "context": "Brasil"}
{"ts": 1787114523.9755583, "user": "PrackX01", "text": "pets rays dog", "context": "+BlackMetal+"}
{"ts": 1787114544.9953105, "user": "PrackX01", "text": "then slits his troath", "context": "+BlackMetal+"}
{"ts": 1787114579.9431636, "user": ":=)", "text": "Q1. THE HUMAN BODY: Even on a thick-skinned individual, the thinnest skin covers these ?", "context": "+BlackMetal+"}
{"ts": 1787114580.0289166, "user": ":=)", "text": "Hint1: ****", "context": "+BlackMetal+"}
